Archive member included to satisfy reference by file (symbol)

d:/cygwin/opt/ecos/gnutools/arm-none-eabi/bin/../lib/gcc/arm-none-eabi/5.4.1/../../../../arm-none-eabi/lib/armv7e-m/fpu\libm.a(lib_a-sf_cos.o)
                              build/obj/digital_filter.o (cosf)
d:/cygwin/opt/ecos/gnutools/arm-none-eabi/bin/../lib/gcc/arm-none-eabi/5.4.1/../../../../arm-none-eabi/lib/armv7e-m/fpu\libm.a(lib_a-sf_floor.o)
                              build/obj/mcpwm_foc.o (floorf)
d:/cygwin/opt/ecos/gnutools/arm-none-eabi/bin/../lib/gcc/arm-none-eabi/5.4.1/../../../../arm-none-eabi/lib/armv7e-m/fpu\libm.a(lib_a-sf_frexp.o)
                              build/obj/buffer.o (frexpf)
d:/cygwin/opt/ecos/gnutools/arm-none-eabi/bin/../lib/gcc/arm-none-eabi/5.4.1/../../../../arm-none-eabi/lib/armv7e-m/fpu\libm.a(lib_a-sf_ldexp.o)
                              build/obj/buffer.o (ldexpf)
d:/cygwin/opt/ecos/gnutools/arm-none-eabi/bin/../lib/gcc/arm-none-eabi/5.4.1/../../../../arm-none-eabi/lib/armv7e-m/fpu\libm.a(lib_a-sf_round.o)
                              build/obj/ledpwm.o (roundf)
d:/cygwin/opt/ecos/gnutools/arm-none-eabi/bin/../lib/gcc/arm-none-eabi/5.4.1/../../../../arm-none-eabi/lib/armv7e-m/fpu\libm.a(lib_a-sf_scalbn.o)
                              d:/cygwin/opt/ecos/gnutools/arm-none-eabi/bin/../lib/gcc/arm-none-eabi/5.4.1/../../../../arm-none-eabi/lib/armv7e-m/fpu\libm.a(lib_a-sf_ldexp.o) (scalbnf)
d:/cygwin/opt/ecos/gnutools/arm-none-eabi/bin/../lib/gcc/arm-none-eabi/5.4.1/../../../../arm-none-eabi/lib/armv7e-m/fpu\libm.a(lib_a-sf_sin.o)
                              build/obj/digital_filter.o (sinf)
d:/cygwin/opt/ecos/gnutools/arm-none-eabi/bin/../lib/gcc/arm-none-eabi/5.4.1/../../../../arm-none-eabi/lib/armv7e-m/fpu\libm.a(lib_a-w_sqrt.o)
                              build/obj/digital_filter.o (sqrt)
d:/cygwin/opt/ecos/gnutools/arm-none-eabi/bin/../lib/gcc/arm-none-eabi/5.4.1/../../../../arm-none-eabi/lib/armv7e-m/fpu\libm.a(lib_a-wf_asin.o)
                              build/obj/mcpwm.o (asinf)
d:/cygwin/opt/ecos/gnutools/arm-none-eabi/bin/../lib/gcc/arm-none-eabi/5.4.1/../../../../arm-none-eabi/lib/armv7e-m/fpu\libm.a(lib_a-wf_atan2.o)
                              build/obj/mcpwm_foc.o (atan2f)
d:/cygwin/opt/ecos/gnutools/arm-none-eabi/bin/../lib/gcc/arm-none-eabi/5.4.1/../../../../arm-none-eabi/lib/armv7e-m/fpu\libm.a(lib_a-wf_exp.o)
                              build/obj/utils.o (expf)
d:/cygwin/opt/ecos/gnutools/arm-none-eabi/bin/../lib/gcc/arm-none-eabi/5.4.1/../../../../arm-none-eabi/lib/armv7e-m/fpu\libm.a(lib_a-wf_fmod.o)
                              build/obj/utils.o (fmodf)
d:/cygwin/opt/ecos/gnutools/arm-none-eabi/bin/../lib/gcc/arm-none-eabi/5.4.1/../../../../arm-none-eabi/lib/armv7e-m/fpu\libm.a(lib_a-wf_log.o)
                              build/obj/mc_interface.o (logf)
d:/cygwin/opt/ecos/gnutools/arm-none-eabi/bin/../lib/gcc/arm-none-eabi/5.4.1/../../../../arm-none-eabi/lib/armv7e-m/fpu\libm.a(lib_a-wf_pow.o)
                              build/obj/ledpwm.o (powf)
d:/cygwin/opt/ecos/gnutools/arm-none-eabi/bin/../lib/gcc/arm-none-eabi/5.4.1/../../../../arm-none-eabi/lib/armv7e-m/fpu\libm.a(lib_a-wf_sincos.o)
                              build/obj/mcpwm_foc.o (sincosf)
d:/cygwin/opt/ecos/gnutools/arm-none-eabi/bin/../lib/gcc/arm-none-eabi/5.4.1/../../../../arm-none-eabi/lib/armv7e-m/fpu\libm.a(lib_a-wf_sqrt.o)
                              build/obj/mcpwm.o (sqrtf)
d:/cygwin/opt/ecos/gnutools/arm-none-eabi/bin/../lib/gcc/arm-none-eabi/5.4.1/../../../../arm-none-eabi/lib/armv7e-m/fpu\libm.a(lib_a-e_sqrt.o)
                              d:/cygwin/opt/ecos/gnutools/arm-none-eabi/bin/../lib/gcc/arm-none-eabi/5.4.1/../../../../arm-none-eabi/lib/armv7e-m/fpu\libm.a(lib_a-w_sqrt.o) (__ieee754_sqrt)
d:/cygwin/opt/ecos/gnutools/arm-none-eabi/bin/../lib/gcc/arm-none-eabi/5.4.1/../../../../arm-none-eabi/lib/armv7e-m/fpu\libm.a(lib_a-ef_asin.o)
                              d:/cygwin/opt/ecos/gnutools/arm-none-eabi/bin/../lib/gcc/arm-none-eabi/5.4.1/../../../../arm-none-eabi/lib/armv7e-m/fpu\libm.a(lib_a-wf_asin.o) (__ieee754_asinf)
d:/cygwin/opt/ecos/gnutools/arm-none-eabi/bin/../lib/gcc/arm-none-eabi/5.4.1/../../../../arm-none-eabi/lib/armv7e-m/fpu\libm.a(lib_a-ef_atan2.o)
                              d:/cygwin/opt/ecos/gnutools/arm-none-eabi/bin/../lib/gcc/arm-none-eabi/5.4.1/../../../../arm-none-eabi/lib/armv7e-m/fpu\libm.a(lib_a-wf_atan2.o) (__ieee754_atan2f)
d:/cygwin/opt/ecos/gnutools/arm-none-eabi/bin/../lib/gcc/arm-none-eabi/5.4.1/../../../../arm-none-eabi/lib/armv7e-m/fpu\libm.a(lib_a-ef_exp.o)
                              d:/cygwin/opt/ecos/gnutools/arm-none-eabi/bin/../lib/gcc/arm-none-eabi/5.4.1/../../../../arm-none-eabi/lib/armv7e-m/fpu\libm.a(lib_a-wf_exp.o) (__ieee754_expf)
d:/cygwin/opt/ecos/gnutools/arm-none-eabi/bin/../lib/gcc/arm-none-eabi/5.4.1/../../../../arm-none-eabi/lib/armv7e-m/fpu\libm.a(lib_a-ef_fmod.o)
[...]
Memory Configuration

Name             Origin             Length             Attributes
flash            0x08000000         0x00004000
flash2           0x0800c000         0x00078000
ram0             0x20000000         0x00020000
ram1             0x20000000         0x0001c000
ram2             0x2001c000         0x00004000
ram3             0x00000000         0x00000000
ram4             0x10000000         0x00010000
ram5             0x40024000         0x00001000
ram6             0x00000000         0x00000000
ram7             0x00000000         0x00000000
*default*        0x00000000         0xffffffff

Linker script and memory map

LOAD build/obj/crt0_v7m.o
LOAD build/obj/chcoreasm_v7m.o
LOAD build/obj/crt1.o
LOAD build/obj/vectors.o
LOAD build/obj/chsys.o
LOAD build/obj/chdebug.o
LOAD build/obj/chvt.o
LOAD build/obj/chschd.o
LOAD build/obj/chthreads.o
LOAD build/obj/chtm.o
LOAD build/obj/chdynamic.o
LOAD build/obj/chregistry.o
LOAD build/obj/chsem.o
LOAD build/obj/chmtx.o
LOAD build/obj/chcond.o
LOAD build/obj/chevents.o
LOAD build/obj/chmsg.o
LOAD build/obj/chmboxes.o
LOAD build/obj/chqueues.o
LOAD build/obj/chmemcore.o
LOAD build/obj/chheap.o
LOAD build/obj/chmempools.o
LOAD build/obj/chcore.o
LOAD build/obj/chcore_v7m.o
LOAD build/obj/osal.o
LOAD build/obj/hal.o
LOAD build/obj/st.o
LOAD build/obj/hal_queues.o
LOAD build/obj/hal_mmcsd.o
LOAD build/obj/can.o
LOAD build/obj/i2c.o
LOAD build/obj/icu.o
LOAD build/obj/pal.o
LOAD build/obj/serial_usb.o
LOAD build/obj/spi.o
LOAD build/obj/uart.o
LOAD build/obj/usb.o
LOAD build/obj/nvic.o
LOAD build/obj/stm32_dma.o
LOAD build/obj/hal_lld.o
LOAD build/obj/st_lld.o
LOAD build/obj/can_lld.o
LOAD build/obj/pal_lld.o
LOAD build/obj/i2c_lld.o
LOAD build/obj/usb_lld.o
LOAD build/obj/spi_lld.o
LOAD build/obj/icu_lld.o
LOAD build/obj/uart_lld.o
LOAD build/obj/chprintf.o
LOAD build/obj/syscalls.o
LOAD build/obj/board.o
LOAD build/obj/main.o
LOAD build/obj/comm_usb_serial.o
LOAD build/obj/irq_handlers.o
LOAD build/obj/buffer.o
LOAD build/obj/comm_usb.o
LOAD build/obj/crc.o
LOAD build/obj/digital_filter.o
LOAD build/obj/ledpwm.o
LOAD build/obj/mcpwm.o
LOAD build/obj/servo_dec.o
LOAD build/obj/utils.o
LOAD build/obj/servo_simple.o
LOAD build/obj/packet.o
LOAD build/obj/terminal.o
LOAD build/obj/conf_general.o
LOAD build/obj/eeprom.o
LOAD build/obj/commands.o
LOAD build/obj/timeout.o
LOAD build/obj/comm_can.o
LOAD build/obj/ws2811.o
LOAD build/obj/led_external.o
LOAD build/obj/encoder.o
LOAD build/obj/flash_helper.o
LOAD build/obj/mc_interface.o
LOAD build/obj/mcpwm_foc.o
LOAD build/obj/hw_40.o
LOAD build/obj/hw_45.o
LOAD build/obj/hw_r2.o
LOAD build/obj/hw_46.o
LOAD build/obj/hw_48.o
LOAD build/obj/hw_49.o
LOAD build/obj/hw_410.o
LOAD build/obj/hw_60.o
LOAD build/obj/hw_victor_r1a.o
LOAD build/obj/hw_das_rs.o
LOAD build/obj/drv8301.o
LOAD build/obj/drv8305.o
LOAD build/obj/drv8320.o
LOAD build/obj/hw_palta.o
LOAD build/obj/hw_rh.o
LOAD build/obj/hw_tp.o
LOAD build/obj/hw_75_300.o
LOAD build/obj/hw_mini4.o
LOAD build/obj/hw_das_mini.o
LOAD build/obj/app.o
LOAD build/obj/app_ppm.o
LOAD build/obj/app_adc.o
LOAD build/obj/app_sten.o
LOAD build/obj/app_uartcomm.o
LOAD build/obj/app_nunchuk.o
LOAD build/obj/app_custom.o
LOAD build/obj/spi_sw.o
LOAD build/obj/rf.o
LOAD build/obj/rfhelp.o
LOAD build/obj/nrf_driver.o
LOAD build/obj/misc.o
LOAD build/obj/stm32f4xx_adc.o
LOAD build/obj/stm32f4xx_dma.o
LOAD build/obj/stm32f4xx_exti.o
LOAD build/obj/stm32f4xx_flash.o
LOAD build/obj/stm32f4xx_rcc.o
LOAD build/obj/stm32f4xx_syscfg.o
LOAD build/obj/stm32f4xx_tim.o
LOAD build/obj/stm32f4xx_wwdg.o
                0x20000000                __ram0_start__ = ORIGIN (ram0)
                0x00020000                __ram0_size__ = LENGTH (ram0)
                0x20020000                __ram0_end__ = (__ram0_start__ + __ram0_size__)
                0x20000000                __ram1_start__ = ORIGIN (ram1)
                0x0001c000                __ram1_size__ = LENGTH (ram1)
                0x2001c000                __ram1_end__ = (__ram1_start__ + __ram1_size__)
                0x2001c000                __ram2_start__ = ORIGIN (ram2)
                0x00004000                __ram2_size__ = LENGTH (ram2)
                0x20020000                __ram2_end__ = (__ram2_start__ + __ram2_size__)
                0x00000000                __ram3_start__ = ORIGIN (ram3)
                0x00000000                __ram3_size__ = LENGTH (ram3)
                0x00000000                __ram3_end__ = (__ram3_start__ + __ram3_size__)
                0x10000000                __ram4_start__ = ORIGIN (ram4)
                0x00010000                __ram4_size__ = LENGTH (ram4)
                0x10010000                __ram4_end__ = (__ram4_start__ + __ram4_size__)
                0x40024000                __ram5_start__ = ORIGIN (ram5)
                0x00001000                __ram5_size__ = LENGTH (ram5)
                0x40025000                __ram5_end__ = (__ram5_start__ + __ram5_size__)
                0x00000000                __ram6_start__ = ORIGIN (ram6)
                0x00000000                __ram6_size__ = LENGTH (ram6)
                0x00000000                __ram6_end__ = (__ram6_start__ + __ram6_size__)
                0x00000000                __ram7_start__ = ORIGIN (ram7)
                0x00000000                __ram7_size__ = LENGTH (ram7)
                0x00000000                __ram7_end__ = (__ram7_start__ + __ram7_size__)
                0x00000000                . = 0x0
                0x00000000                _text = .

startup         0x08000000      0x1c0
 *(.vectors)
 .vectors       0x08000000      0x1c0 build/obj/vectors.o
                0x08000000                _vectors

constructors    0x0800c000        0x0
                0x0800c000                PROVIDE (__init_array_start, .)
 *(SORT(.init_array.*))
 *(.init_array)
                0x0800c000                PROVIDE (__init_array_end, .)

destructors     0x0800c000        0x0
                0x0800c000                PROVIDE (__fini_array_start, .)
 *(.fini_array)
 *(SORT(.fini_array.*))
                0x0800c000                PROVIDE (__fini_array_end, .)

.text           0x0800c000    0x2604c
 *(.text)
 .text          0x0800c000      0x104 build/obj/crt0_v7m.o
                0x0800c000                Reset_Handler
 *fill*         0x0800c104        0xc 
 .text          0x0800c110       0x30 build/obj/chcoreasm_v7m.o
                0x0800c110                _port_switch
                0x0800c128                _port_thread_start
                0x0800c138                _port_switch_from_isr
                0x0800c13c                _port_exit_from_isr
 .text          0x0800c140      0x370 d:/cygwin/opt/ecos/gnutools/arm-none-eabi/bin/../lib/gcc/arm-none-eabi/5.4.1/armv7e-m/fpu\libgcc.a(_arm_addsubdf3.o)
                0x0800c140                __aeabi_drsub
                0x0800c148                __aeabi_dsub
                0x0800c148                __subdf3
                0x0800c14c                __aeabi_dadd
                0x0800c14c                __adddf3
                0x0800c3c4                __floatunsidf
                0x0800c3c4                __aeabi_ui2d
                0x0800c3e4                __floatsidf
                0x0800c3e4                __aeabi_i2d
                0x0800c408                __aeabi_f2d
                0x0800c408                __extendsfdf2
                0x0800c444                __floatundidf
                0x0800c444                __aeabi_ul2d
                0x0800c454                __floatdidf
                0x0800c454                __aeabi_l2d
 .text          0x0800c4b0      0x424 d:/cygwin/opt/ecos/gnutools/arm-none-eabi/bin/../lib/gcc/arm-none-eabi/5.4.1/armv7e-m/fpu\libgcc.a(_arm_muldivdf3.o)
                0x0800c4b0                __aeabi_dmul
                0x0800c4b0                __muldf3
                0x0800c704                __divdf3
                0x0800c704                __aeabi_ddiv
 *fill*         0x0800c8d4        0xc 
 .text          0x0800c8e0      0x110 d:/cygwin/opt/ecos/gnutools/arm-none-eabi/bin/../lib/gcc/arm-none-eabi/5.4.1/armv7e-m/fpu\libgcc.a(_arm_cmpdf2.o)
                0x0800c8e0                __gtdf2
                0x0800c8e0                __gedf2
                0x0800c8e8                __ltdf2
                0x0800c8e8                __ledf2
                0x0800c8f0                __nedf2
                0x0800c8f0                __eqdf2
                0x0800c8f0                __cmpdf2
                0x0800c96c                __aeabi_cdrcmple
                0x0800c97c                __aeabi_cdcmpeq
                0x0800c97c                __aeabi_cdcmple
                0x0800c98c                __aeabi_dcmpeq
                0x0800c9a0                __aeabi_dcmplt
                0x0800c9b4                __aeabi_dcmple
                0x0800c9c8                __aeabi_dcmpge
                0x0800c9dc                __aeabi_dcmpgt
 .text          0x0800c9f0       0x2c d:/cygwin/opt/ecos/gnutools/arm-none-eabi/bin/../lib/gcc/arm-none-eabi/5.4.1/armv7e-m/fpu\libgcc.a(_arm_unorddf2.o)
                0x0800c9f0                __unorddf2
                0x0800c9f0                __aeabi_dcmpun
 *fill*         0x0800ca1c        0x4 
 .text          0x0800ca20       0x50 d:/cygwin/opt/ecos/gnutools/arm-none-eabi/bin/../lib/gcc/arm-none-eabi/5.4.1/armv7e-m/fpu\libgcc.a(_arm_fixdfsi.o)
                0x0800ca20                __aeabi_d2iz
                0x0800ca20                __fixdfsi
 .text          0x0800ca70       0xa0 d:/cygwin/opt/ecos/gnutools/arm-none-eabi/bin/../lib/gcc/arm-none-eabi/5.4.1/armv7e-m/fpu\libgcc.a(_arm_truncdfsf2.o)
                0x0800ca70                __truncdfsf2
                0x0800ca70                __aeabi_d2f
 .text          0x0800cb10      0x134 d:/cygwin/opt/ecos/gnutools/arm-none-eabi/bin/../lib/gcc/arm-none-eabi/5.4.1/../../../../arm-none-eabi/lib/armv7e-m/fpu\libg.a(lib_a-memcpy.o)
                0x0800cb10                memcpy
 *fill*         0x0800cc44        0xc 
 .text          0x0800cc50      0x2dc d:/cygwin/opt/ecos/gnutools/arm-none-eabi/bin/../lib/gcc/arm-none-eabi/5.4.1/../../../../arm-none-eabi/lib/armv7e-m/fpu\libg.a(lib_a-strcmp.o)
                0x0800cc58                strcmp
 *fill*         0x0800cf2c        0x4 
 .text          0x0800cf30       0xdc d:/cygwin/opt/ecos/gnutools/arm-none-eabi/bin/../lib/gcc/arm-none-eabi/5.4.1/../../../../arm-none-eabi/lib/armv7e-m/fpu\libg.a(lib_a-strlen.o)
                0x0800cf30                strlen
 *fill*         0x0800d00c        0x4 
 .text          0x0800d010       0xa0 d:/cygwin/opt/ecos/gnutools/arm-none-eabi/bin/../lib/gcc/arm-none-eabi/5.4.1/../../../../arm-none-eabi/lib/armv7e-m/fpu\libg.a(lib_a-memchr.o)
                0x0800d010                memchr
 .text          0x0800d0b0       0x40 d:/cygwin/opt/ecos/gnutools/arm-none-eabi/bin/../lib/gcc/arm-none-eabi/5.4.1/armv7e-m/fpu\libgcc.a(_arm_fixunsdfsi.o)
                0x0800d0b0                __aeabi_d2uiz
                0x0800d0b0                __fixunsdfsi
 .text          0x0800d0f0       0x30 d:/cygwin/opt/ecos/gnutools/arm-none-eabi/bin/../lib/gcc/arm-none-eabi/5.4.1/armv7e-m/fpu\libgcc.a(_aeabi_uldivmod.o)
                0x0800d0f0                __aeabi_uldivmod
 .text          0x0800d120      0x2e4 d:/cygwin/opt/ecos/gnutools/arm-none-eabi/bin/../lib/gcc/arm-none-eabi/5.4.1/armv7e-m/fpu\libgcc.a(_udivmoddi4.o)
                0x0800d120                __udivmoddi4
 *fill*         0x0800d404        0xc 
 .text          0x0800d410        0x4 d:/cygwin/opt/ecos/gnutools/arm-none-eabi/bin/../lib/gcc/arm-none-eabi/5.4.1/armv7e-m/fpu\libgcc.a(_dvmd_tls.o)
                0x0800d410                __aeabi_idiv0
                0x0800d410                __aeabi_ldiv0
 *(.text.*)
 *fill*         0x0800d414        0xc 
 .text.__core_init
                0x0800d420        0x4 build/obj/crt1.o
                0x0800d420                __core_init
 *fill*         0x0800d424        0xc 
 .text.__late_init
                0x0800d430        0x4 build/obj/crt1.o
                0x0800d430                __late_init
 *fill*         0x0800d434        0xc 
 .text.__default_exit
                0x0800d440        0x4 build/obj/crt1.o
                0x0800d440                __default_exit
 *fill*         0x0800d444        0xc 
 .text._unhandled_exception
                0x0800d450        0x4 build/obj/vectors.o
                0x0800d450                Vector58
                0x0800d450                VectorE8
                0x0800d450                VectorAC
                0x0800d450                DebugMon_Handler
                0x0800d450                Vector1A0
                0x0800d450                Vector5C
                0x0800d450                Vector11C
                0x0800d450                HardFault_Handler
                0x0800d450                Vector1B8
                0x0800d450                Vector19C
                0x0800d450                PendSV_Handler
                0x0800d450                Vector168
                0x0800d450                NMI_Handler
                0x0800d450                Vector110
                0x0800d450                VectorA8
                0x0800d450                Vector160
                0x0800d450                Vector1B0
                0x0800d450                UsageFault_Handler
                0x0800d450                VectorEC
                0x0800d450                Vector40
                0x0800d450                Vector108
                0x0800d450                VectorBC
                0x0800d450                Vector190
                0x0800d450                Vector148
                0x0800d450                Vector188
                0x0800d450                Vector198
                0x0800d450                Vector118
                0x0800d450                Vector64
                0x0800d450                VectorCC
                0x0800d450                Vector54
                0x0800d450                VectorD8
                0x0800d450                Vector138
                0x0800d450                Vector24
                0x0800d450                Vector1AC
                0x0800d450                Vector178
                0x0800d450                Vector1A4
                0x0800d450                VectorD0
                0x0800d450                Vector1B4
                0x0800d450                Vector140
                0x0800d450                VectorE4
                0x0800d450                VectorC0
                0x0800d450                Vector134
                0x0800d450                VectorF0
                0x0800d450                Vector13C
                0x0800d450                Vector100
                0x0800d450                VectorE0
                0x0800d450                VectorF4
                0x0800d450                MemManage_Handler
                0x0800d450                VectorA0
                0x0800d450                Vector180
                0x0800d450                VectorB0
                0x0800d450                Vector114
                0x0800d450                Vector60
                0x0800d450                Vector164
                0x0800d450                Vector1C
                0x0800d450                Vector1BC
                0x0800d450                Vector17C
                0x0800d450                Vector48
                0x0800d450                Vector1A8
                0x0800d450                Vector16C
                0x0800d450                VectorD4
                0x0800d450                Vector4C
                0x0800d450                Vector144
                0x0800d450                Vector68
                0x0800d450                _unhandled_exception
                0x0800d450                Vector170
                0x0800d450                Vector104
                0x0800d450                Vector184
                0x0800d450                Vector10C
                0x0800d450                BusFault_Handler
                0x0800d450                Vector50
                0x0800d450                Vector194
                0x0800d450                Vector44
                0x0800d450                Vector28
                0x0800d450                Vector34
                0x0800d450                VectorA4
                0x0800d450                Vector20
                0x0800d450                Vector18C
                0x0800d450                Vector174
 *fill*         0x0800d454        0xc 
 .text._idle_thread
                0x0800d460        0x4 build/obj/chsys.o
 *fill*         0x0800d464        0xc 
 .text.chSysInit
                0x0800d470       0xa4 build/obj/chsys.o
                0x0800d470                chSysInit
 *fill*         0x0800d514        0xc 
 .text.chSysHalt
                0x0800d520        0xc build/obj/chsys.o
                0x0800d520                chSysHalt
 *fill*         0x0800d52c        0x4 
 .text.chSysTimerHandlerI
                0x0800d530       0x58 build/obj/chsys.o
                0x0800d530                chSysTimerHandlerI
 *fill*         0x0800d588        0x8 
 .text.chSysPolledDelayX
                0x0800d590       0x14 build/obj/chsys.o
                0x0800d590                chSysPolledDelayX
 *fill*         0x0800d5a4        0xc 
 .text._vt_init
                0x0800d5b0       0x1c build/obj/chvt.o
                0x0800d5b0                _vt_init
 *fill*         0x0800d5cc        0x4 
 .text.chVTDoSetI
                0x0800d5d0       0x3c build/obj/chvt.o
                0x0800d5d0                chVTDoSetI
 *fill*         0x0800d60c        0x4 
 .text.chVTDoResetI
                0x0800d610       0x28 build/obj/chvt.o
                0x0800d610                chVTDoResetI
 *fill*         0x0800d638        0x8 
 .text.wakeup   0x0800d640       0x70 build/obj/chschd.o
 .text._scheduler_init
                0x0800d6b0       0x14 build/obj/chschd.o
                0x0800d6b0                _scheduler_init
 *fill*         0x0800d6c4        0xc 
 .text.chSchReadyI
                0x0800d6d0       0x2c build/obj/chschd.o
                0x0800d6d0                chSchReadyI
 *fill*         0x0800d6fc        0x4 
 .text.chSchGoSleepS
                0x0800d700       0x28 build/obj/chschd.o
                0x0800d700                chSchGoSleepS
 *fill*         0x0800d728        0x8 
 .text.chSchGoSleepTimeoutS
                0x0800d730       0x44 build/obj/chschd.o
                0x0800d730                chSchGoSleepTimeoutS
 *fill*         0x0800d774        0xc 
 .text.chSchWakeupS
                0x0800d780       0x58 build/obj/chschd.o
                0x0800d780                chSchWakeupS
 *fill*         0x0800d7d8        0x8 
 .text.chSchIsPreemptionRequired
                0x0800d7e0       0x28 build/obj/chschd.o
                0x0800d7e0                chSchIsPreemptionRequired
 *fill*         0x0800d808        0x8 
 .text.chSchDoRescheduleBehind
                0x0800d810       0x40 build/obj/chschd.o
                0x0800d810                chSchDoRescheduleBehind
 .text.chSchDoRescheduleAhead
                0x0800d850       0x3c build/obj/chschd.o
                0x0800d850                chSchDoRescheduleAhead
 *fill*         0x0800d88c        0x4 
 .text.chSchRescheduleS
                0x0800d890       0x18 build/obj/chschd.o
                0x0800d890                chSchRescheduleS
 *fill*         0x0800d8a8        0x8 
 .text.chSchDoReschedule
                0x0800d8b0       0x14 build/obj/chschd.o
                0x0800d8b0                chSchDoReschedule
 *fill*         0x0800d8c4        0xc 
 .text._thread_init
                0x0800d8d0       0x44 build/obj/chthreads.o
                0x0800d8d0                _thread_init
 *fill*         0x0800d914        0xc 
 .text.chThdCreateI
                0x0800d920       0x58 build/obj/chthreads.o
                0x0800d920                chThdCreateI
 *fill*         0x0800d978        0x8 
 .text.chThdCreateStatic
                0x0800d980       0x68 build/obj/chthreads.o
                0x0800d980                chThdCreateStatic
 *fill*         0x0800d9e8        0x8 
 .text.chThdSleep
                0x0800d9f0       0x18 build/obj/chthreads.o
                0x0800d9f0                chThdSleep
 *fill*         0x0800da08        0x8 
 .text.chThdExitS
                0x0800da10       0x40 build/obj/chthreads.o
                0x0800da10                chThdExitS
 .text.chThdExit
                0x0800da50        0xc build/obj/chthreads.o
                0x0800da50                chThdExit
 *fill*         0x0800da5c        0x4 
 .text.chThdSuspendS
                0x0800da60       0x1c build/obj/chthreads.o
                0x0800da60                chThdSuspendS
 *fill*         0x0800da7c        0x4 
 .text.chThdSuspendTimeoutS
                0x0800da80       0x1c build/obj/chthreads.o
                0x0800da80                chThdSuspendTimeoutS
 *fill*         0x0800da9c        0x4 
 .text.chThdResumeI
                0x0800daa0       0x14 build/obj/chthreads.o
                0x0800daa0                chThdResumeI
 *fill*         0x0800dab4        0xc 
 .text.chThdEnqueueTimeoutS
                0x0800dac0       0x28 build/obj/chthreads.o
                0x0800dac0                chThdEnqueueTimeoutS
 *fill*         0x0800dae8        0x8 
 .text.chThdDequeueAllI
                0x0800daf0       0x24 build/obj/chthreads.o
                0x0800daf0                chThdDequeueAllI
 *fill*         0x0800db14        0xc 
 .text.chTMStartMeasurementX
                0x0800db20        0xc build/obj/chtm.o
                0x0800db20                chTMStartMeasurementX
 *fill*         0x0800db2c        0x4 
 .text.chTMStopMeasurementX
                0x0800db30       0x48 build/obj/chtm.o
                0x0800db30                chTMStopMeasurementX
 *fill*         0x0800db78        0x8 
 .text._tm_init
                0x0800db80       0x38 build/obj/chtm.o
                0x0800db80                _tm_init
 *fill*         0x0800dbb8        0x8 
 .text.chThdRelease
                0x0800dbc0       0x50 build/obj/chdynamic.o
                0x0800dbc0                chThdRelease
 .text.chRegFirstThread
                0x0800dc10       0x1c build/obj/chregistry.o
                0x0800dc10                chRegFirstThread
 *fill*         0x0800dc2c        0x4 
 .text.chRegNextThread
                0x0800dc30       0x2c build/obj/chregistry.o
                0x0800dc30                chRegNextThread
 *fill*         0x0800dc5c        0x4 
 .text.chMtxObjectInit
                0x0800dc60        0xc build/obj/chmtx.o
                0x0800dc60                chMtxObjectInit
 *fill*         0x0800dc6c        0x4 
 .text.chMtxLockS
                0x0800dc70       0xc8 build/obj/chmtx.o
                0x0800dc70                chMtxLockS
 *fill*         0x0800dd38        0x8 
 .text.chMtxLock
                0x0800dd40       0x14 build/obj/chmtx.o
                0x0800dd40                chMtxLock
 *fill*         0x0800dd54        0xc 
 .text.chMtxUnlock
                0x0800dd60       0x64 build/obj/chmtx.o
                0x0800dd60                chMtxUnlock
 *fill*         0x0800ddc4        0xc 
 .text.chEvtRegisterMaskWithFlags
                0x0800ddd0       0x28 build/obj/chevents.o
                0x0800ddd0                chEvtRegisterMaskWithFlags
 *fill*         0x0800ddf8        0x8 
 .text.chEvtUnregister
                0x0800de00       0x2c build/obj/chevents.o
                0x0800de00                chEvtUnregister
 *fill*         0x0800de2c        0x4 
 .text.chEvtSignalI
                0x0800de30       0x28 build/obj/chevents.o
                0x0800de30                chEvtSignalI
 *fill*         0x0800de58        0x8 
 .text.chEvtBroadcastFlagsI
                0x0800de60       0x2c build/obj/chevents.o
                0x0800de60                chEvtBroadcastFlagsI
 *fill*         0x0800de8c        0x4 
 .text.chEvtSignal
                0x0800de90       0x18 build/obj/chevents.o
                0x0800de90                chEvtSignal
 *fill*         0x0800dea8        0x8 
 .text.chEvtWaitAny
                0x0800deb0       0x38 build/obj/chevents.o
                0x0800deb0                chEvtWaitAny
 *fill*         0x0800dee8        0x8 
 .text.chEvtWaitAnyTimeout
                0x0800def0       0x50 build/obj/chevents.o
                0x0800def0                chEvtWaitAnyTimeout
 .text.chIQObjectInit
                0x0800df40       0x20 build/obj/chqueues.o
                0x0800df40                chIQObjectInit
 .text.chIQResetI
                0x0800df60       0x14 build/obj/chqueues.o
                0x0800df60                chIQResetI
 *fill*         0x0800df74        0xc 
 .text.chIQGetTimeout
                0x0800df80       0x50 build/obj/chqueues.o
                0x0800df80                chIQGetTimeout
 .text.chIQReadTimeout
                0x0800dfd0       0x78 build/obj/chqueues.o
                0x0800dfd0                chIQReadTimeout
 *fill*         0x0800e048        0x8 
 .text.chOQObjectInit
                0x0800e050       0x1c build/obj/chqueues.o
                0x0800e050                chOQObjectInit
 *fill*         0x0800e06c        0x4 
 .text.chOQResetI
                0x0800e070       0x1c build/obj/chqueues.o
                0x0800e070                chOQResetI
 *fill*         0x0800e08c        0x4 
 .text.chOQPutTimeout
                0x0800e090       0x54 build/obj/chqueues.o
                0x0800e090                chOQPutTimeout
 *fill*         0x0800e0e4        0xc 
 .text.chOQWriteTimeout
                0x0800e0f0       0x88 build/obj/chqueues.o
                0x0800e0f0                chOQWriteTimeout
 *fill*         0x0800e178        0x8 
 .text._core_init
                0x0800e180       0x28 build/obj/chmemcore.o
                0x0800e180                _core_init
 *fill*         0x0800e1a8        0x8 
 .text.chCoreAlloc
                0x0800e1b0       0x38 build/obj/chmemcore.o
                0x0800e1b0                chCoreAlloc
 *fill*         0x0800e1e8        0x8 
 .text.chCoreGetStatusX
                0x0800e1f0       0x14 build/obj/chmemcore.o
                0x0800e1f0                chCoreGetStatusX
 *fill*         0x0800e204        0xc 
 .text._heap_init
                0x0800e210       0x1c build/obj/chheap.o
                0x0800e210                _heap_init
 *fill*         0x0800e22c        0x4 
 .text.chHeapFree
                0x0800e230       0x98 build/obj/chheap.o
                0x0800e230                chHeapFree
 *fill*         0x0800e2c8        0x8 
 .text.chHeapStatus
                0x0800e2d0       0x44 build/obj/chheap.o
                0x0800e2d0                chHeapStatus
 *fill*         0x0800e314        0xc 
 .text.chPoolFree
                0x0800e320       0x14 build/obj/chmempools.o
                0x0800e320                chPoolFree
 *fill*         0x0800e334        0xc 
 .text.SVC_Handler
                0x0800e340       0x20 build/obj/chcore_v7m.o
                0x0800e340                SVC_Handler
 .text._port_irq_epilogue
                0x0800e360       0x60 build/obj/chcore_v7m.o
                0x0800e360                _port_irq_epilogue
 .text.halInit  0x0800e3c0       0x38 build/obj/hal.o
                0x0800e3c0                halInit
 *fill*         0x0800e3f8        0x8 
 .text.stInit   0x0800e400        0x4 build/obj/st.o
                0x0800e400                stInit
 *fill*         0x0800e404        0xc 
 .text.canInit  0x0800e410        0x4 build/obj/can.o
                0x0800e410                canInit
 *fill*         0x0800e414        0xc 
 .text.canObjectInit
                0x0800e420       0x3c build/obj/can.o
                0x0800e420                canObjectInit
 *fill*         0x0800e45c        0x4 
 .text.canStart
                0x0800e460       0x20 build/obj/can.o
                0x0800e460                canStart
 .text.canStop  0x0800e480       0x38 build/obj/can.o
                0x0800e480                canStop
 *fill*         0x0800e4b8        0x8 
 .text.canTransmit
                0x0800e4c0       0x50 build/obj/can.o
                0x0800e4c0                canTransmit
 .text.canReceive
                0x0800e510       0x50 build/obj/can.o
                0x0800e510                canReceive
 .text.i2cInit  0x0800e560        0x4 build/obj/i2c.o
                0x0800e560                i2cInit
 *fill*         0x0800e564        0xc 
 .text.i2cObjectInit
                0x0800e570       0x10 build/obj/i2c.o
                0x0800e570                i2cObjectInit
 .text.i2cStart
                0x0800e580       0x1c build/obj/i2c.o
                0x0800e580                i2cStart
 *fill*         0x0800e59c        0x4 
 .text.i2cStop  0x0800e5a0       0x1c build/obj/i2c.o
                0x0800e5a0                i2cStop
 *fill*         0x0800e5bc        0x4 
 .text.i2cMasterTransmitTimeout
                0x0800e5c0       0x40 build/obj/i2c.o
                0x0800e5c0                i2cMasterTransmitTimeout
 .text.i2cMasterReceiveTimeout
                0x0800e600       0x30 build/obj/i2c.o
                0x0800e600                i2cMasterReceiveTimeout
 .text.i2cAcquireBus
                0x0800e630        0x8 build/obj/i2c.o
                0x0800e630                i2cAcquireBus
 *fill*         0x0800e638        0x8 
 .text.i2cReleaseBus
                0x0800e640        0x8 build/obj/i2c.o
                0x0800e640                i2cReleaseBus
 *fill*         0x0800e648        0x8 
 .text.icuInit  0x0800e650        0x4 build/obj/icu.o
                0x0800e650                icuInit
 *fill*         0x0800e654        0xc 
 .text.icuObjectInit
                0x0800e660        0xc build/obj/icu.o
                0x0800e660                icuObjectInit
 *fill*         0x0800e66c        0x4 
 .text.icuStart
                0x0800e670       0x1c build/obj/icu.o
                0x0800e670                icuStart
 *fill*         0x0800e68c        0x4 
 .text.icuStop  0x0800e690       0x1c build/obj/icu.o
                0x0800e690                icuStop
 *fill*         0x0800e6ac        0x4 
 .text.icuStartCapture
                0x0800e6b0       0x1c build/obj/icu.o
                0x0800e6b0                icuStartCapture
 *fill*         0x0800e6cc        0x4 
 .text.icuEnableNotifications
                0x0800e6d0       0x14 build/obj/icu.o
                0x0800e6d0                icuEnableNotifications
 *fill*         0x0800e6e4        0xc 
 .text.onotify  0x0800e6f0       0x60 build/obj/serial_usb.o
 .text.inotify  0x0800e750       0x6c build/obj/serial_usb.o
 *fill*         0x0800e7bc        0x4 
 .text.readt    0x0800e7c0        0x8 build/obj/serial_usb.o
 *fill*         0x0800e7c8        0x8 
 .text.read     0x0800e7d0        0xc build/obj/serial_usb.o
 *fill*         0x0800e7dc        0x4 
 .text.writet   0x0800e7e0        0x8 build/obj/serial_usb.o
 *fill*         0x0800e7e8        0x8 
 .text.write    0x0800e7f0        0xc build/obj/serial_usb.o
 *fill*         0x0800e7fc        0x4 
 .text.gett     0x0800e800        0x8 build/obj/serial_usb.o
 *fill*         0x0800e808        0x8 
 .text.get      0x0800e810        0xc build/obj/serial_usb.o
 *fill*         0x0800e81c        0x4 
 .text.putt     0x0800e820        0x8 build/obj/serial_usb.o
 *fill*         0x0800e828        0x8 
 .text.put      0x0800e830        0xc build/obj/serial_usb.o
 *fill*         0x0800e83c        0x4 
 .text.sduInit  0x0800e840        0x4 build/obj/serial_usb.o
                0x0800e840                sduInit
 *fill*         0x0800e844        0xc 
 .text.sduObjectInit
                0x0800e850       0x4c build/obj/serial_usb.o
                0x0800e850                sduObjectInit
 *fill*         0x0800e89c        0x4 
 .text.sduStart
                0x0800e8a0       0x34 build/obj/serial_usb.o
                0x0800e8a0                sduStart
 *fill*         0x0800e8d4        0xc 
 .text.sduConfigureHookI
                0x0800e8e0       0x4c build/obj/serial_usb.o
                0x0800e8e0                sduConfigureHookI
 *fill*         0x0800e92c        0x4 
 .text.sduRequestsHook
                0x0800e930       0x40 build/obj/serial_usb.o
                0x0800e930                sduRequestsHook
 .text.sduDataTransmitted
                0x0800e970       0x6c build/obj/serial_usb.o
                0x0800e970                sduDataTransmitted
 *fill*         0x0800e9dc        0x4 
 .text.sduDataReceived
                0x0800e9e0       0x6c build/obj/serial_usb.o
                0x0800e9e0                sduDataReceived
 *fill*         0x0800ea4c        0x4 
 .text.sduInterruptTransmitted
                0x0800ea50        0x4 build/obj/serial_usb.o
                0x0800ea50                sduInterruptTransmitted
 *fill*         0x0800ea54        0xc 
 .text.spiInit  0x0800ea60        0x4 build/obj/spi.o
                0x0800ea60                spiInit
 *fill*         0x0800ea64        0xc 
 .text.spiObjectInit
                0x0800ea70       0x10 build/obj/spi.o
                0x0800ea70                spiObjectInit
 .text.uartInit
                0x0800ea80        0x4 build/obj/uart.o
                0x0800ea80                uartInit
 *fill*         0x0800ea84        0xc 
 .text.uartObjectInit
                0x0800ea90       0x10 build/obj/uart.o
                0x0800ea90                uartObjectInit
 .text.uartStart
                0x0800eaa0       0x1c build/obj/uart.o
                0x0800eaa0                uartStart
 *fill*         0x0800eabc        0x4 
 .text.uartStop
                0x0800eac0       0x20 build/obj/uart.o
                0x0800eac0                uartStop
 .text.uartStartSend
                0x0800eae0       0x1c build/obj/uart.o
                0x0800eae0                uartStartSend
 *fill*         0x0800eafc        0x4 
 .text.usbInit  0x0800eb00        0x4 build/obj/usb.o
                0x0800eb00                usbInit
 *fill*         0x0800eb04        0xc 
 .text.usbObjectInit
                0x0800eb10       0x1c build/obj/usb.o
                0x0800eb10                usbObjectInit
 *fill*         0x0800eb2c        0x4 
 .text.usbStart
                0x0800eb30       0x24 build/obj/usb.o
                0x0800eb30                usbStart
 *fill*         0x0800eb54        0xc 
 .text.usbStop  0x0800eb60       0x1c build/obj/usb.o
                0x0800eb60                usbStop
 *fill*         0x0800eb7c        0x4 
 .text.usbInitEndpointI
                0x0800eb80       0x30 build/obj/usb.o
                0x0800eb80                usbInitEndpointI
 .text.usbPrepareQueuedReceive
                0x0800ebb0       0x1c build/obj/usb.o
                0x0800ebb0                usbPrepareQueuedReceive
 *fill*         0x0800ebcc        0x4 
 .text.usbPrepareQueuedTransmit
                0x0800ebd0       0x1c build/obj/usb.o
                0x0800ebd0                usbPrepareQueuedTransmit
 *fill*         0x0800ebec        0x4 
 .text.usbStartReceiveI
                0x0800ebf0       0x24 build/obj/usb.o
                0x0800ebf0                usbStartReceiveI
 *fill*         0x0800ec14        0xc 
 .text.usbStartTransmitI
                0x0800ec20       0x24 build/obj/usb.o
                0x0800ec20                usbStartTransmitI
 *fill*         0x0800ec44        0xc 
 .text._usb_reset
                0x0800ec50       0x28 build/obj/usb.o
                0x0800ec50                _usb_reset
 *fill*         0x0800ec78        0x8 
 .text._usb_ep0setup
                0x0800ec80      0x338 build/obj/usb.o
                0x0800ec80                _usb_ep0setup
 *fill*         0x0800efb8        0x8 
 .text._usb_ep0in
                0x0800efc0       0xe4 build/obj/usb.o
                0x0800efc0                _usb_ep0in
 *fill*         0x0800f0a4        0xc 
 .text._usb_ep0out
                0x0800f0b0       0x9c build/obj/usb.o
                0x0800f0b0                _usb_ep0out
 *fill*         0x0800f14c        0x4 
 .text.nvicEnableVector
                0x0800f150       0x34 build/obj/nvic.o
                0x0800f150                nvicEnableVector
 *fill*         0x0800f184        0xc 
 .text.nvicDisableVector
                0x0800f190       0x28 build/obj/nvic.o
                0x0800f190                nvicDisableVector
 *fill*         0x0800f1b8        0x8 
 .text.nvicSetSystemHandlerPriority
                0x0800f1c0       0x10 build/obj/nvic.o
                0x0800f1c0                nvicSetSystemHandlerPriority
 .text.Vector6C
                0x0800f1d0       0x28 build/obj/stm32_dma.o
                0x0800f1d0                Vector6C
 *fill*         0x0800f1f8        0x8 
 .text.Vector70
                0x0800f200       0x2c build/obj/stm32_dma.o
                0x0800f200                Vector70
 *fill*         0x0800f22c        0x4 
 .text.Vector74
                0x0800f230       0x2c build/obj/stm32_dma.o
                0x0800f230                Vector74
 *fill*         0x0800f25c        0x4 
 .text.Vector78
                0x0800f260       0x2c build/obj/stm32_dma.o
                0x0800f260                Vector78
 *fill*         0x0800f28c        0x4 
 .text.Vector7C
                0x0800f290       0x28 build/obj/stm32_dma.o
                0x0800f290                Vector7C
 *fill*         0x0800f2b8        0x8 
 .text.Vector80
                0x0800f2c0       0x2c build/obj/stm32_dma.o
                0x0800f2c0                Vector80
 *fill*         0x0800f2ec        0x4 
 .text.Vector84
                0x0800f2f0       0x2c build/obj/stm32_dma.o
                0x0800f2f0                Vector84
 *fill*         0x0800f31c        0x4 
 .text.VectorFC
                0x0800f320       0x2c build/obj/stm32_dma.o
                0x0800f320                VectorFC
 *fill*         0x0800f34c        0x4 
 .text.Vector120
                0x0800f350       0x28 build/obj/stm32_dma.o
                0x0800f350                Vector120
 *fill*         0x0800f378        0x8 
 .text.Vector124
                0x0800f380       0x2c build/obj/stm32_dma.o
                0x0800f380                Vector124
 *fill*         0x0800f3ac        0x4 
 .text.Vector128
                0x0800f3b0       0x2c build/obj/stm32_dma.o
                0x0800f3b0                Vector128
 *fill*         0x0800f3dc        0x4 
 .text.Vector12C
                0x0800f3e0       0x2c build/obj/stm32_dma.o
                0x0800f3e0                Vector12C
 *fill*         0x0800f40c        0x4 
 .text.Vector130
                0x0800f410       0x28 build/obj/stm32_dma.o
                0x0800f410                Vector130
 *fill*         0x0800f438        0x8 
 .text.Vector150
                0x0800f440       0x2c build/obj/stm32_dma.o
                0x0800f440                Vector150
 *fill*         0x0800f46c        0x4 
 .text.Vector154
                0x0800f470       0x2c build/obj/stm32_dma.o
                0x0800f470                Vector154
 *fill*         0x0800f49c        0x4 
 .text.Vector158
                0x0800f4a0       0x2c build/obj/stm32_dma.o
                0x0800f4a0                Vector158
 *fill*         0x0800f4cc        0x4 
 .text.dmaInit  0x0800f4d0       0x54 build/obj/stm32_dma.o
                0x0800f4d0                dmaInit
 *fill*         0x0800f524        0xc 
 .text.dmaStreamAllocate
                0x0800f530       0x8c build/obj/stm32_dma.o
                0x0800f530                dmaStreamAllocate
 *fill*         0x0800f5bc        0x4 
 .text.dmaStreamRelease
                0x0800f5c0       0x44 build/obj/stm32_dma.o
                0x0800f5c0                dmaStreamRelease
 *fill*         0x0800f604        0xc 
 .text.hal_lld_init
                0x0800f610       0x68 build/obj/hal_lld.o
                0x0800f610                hal_lld_init
 *fill*         0x0800f678        0x8 
 .text.stm32_clock_init
                0x0800f680       0xc8 build/obj/hal_lld.o
                0x0800f680                stm32_clock_init
 *fill*         0x0800f748        0x8 
 .text.SysTick_Handler
                0x0800f750       0x1c build/obj/st_lld.o
                0x0800f750                SysTick_Handler
 *fill*         0x0800f76c        0x4 
 .text.st_lld_init
                0x0800f770       0x1c build/obj/st_lld.o
                0x0800f770                st_lld_init
 *fill*         0x0800f78c        0x4 
 .text.can_lld_set_filters
                0x0800f790      0x118 build/obj/can_lld.o
 *fill*         0x0800f8a8        0x8 
 .text.Vector8C
                0x0800f8b0       0x3c build/obj/can_lld.o
                0x0800f8b0                Vector8C
 *fill*         0x0800f8ec        0x4 
 .text.Vector90
                0x0800f8f0       0x64 build/obj/can_lld.o
                0x0800f8f0                Vector90
 *fill*         0x0800f954        0xc 
 .text.Vector94
                0x0800f960       0x64 build/obj/can_lld.o
                0x0800f960                Vector94
 *fill*         0x0800f9c4        0xc 
 .text.Vector98
                0x0800f9d0       0x78 build/obj/can_lld.o
                0x0800f9d0                Vector98
 *fill*         0x0800fa48        0x8 
 .text.can_lld_init
                0x0800fa50       0x24 build/obj/can_lld.o
                0x0800fa50                can_lld_init
 *fill*         0x0800fa74        0xc 
 .text.can_lld_start
                0x0800fa80       0x70 build/obj/can_lld.o
                0x0800fa80                can_lld_start
 .text.can_lld_stop
                0x0800faf0       0x50 build/obj/can_lld.o
                0x0800faf0                can_lld_stop
 .text.can_lld_is_tx_empty
                0x0800fb40       0x40 build/obj/can_lld.o
                0x0800fb40                can_lld_is_tx_empty
 .text.can_lld_transmit
                0x0800fb80       0x78 build/obj/can_lld.o
                0x0800fb80                can_lld_transmit
 *fill*         0x0800fbf8        0x8 
 .text.can_lld_is_rx_nonempty
                0x0800fc00       0x38 build/obj/can_lld.o
                0x0800fc00                can_lld_is_rx_nonempty
 *fill*         0x0800fc38        0x8 
 .text.can_lld_receive
                0x0800fc40       0xc0 build/obj/can_lld.o
                0x0800fc40                can_lld_receive
 .text._pal_lld_init
                0x0800fd00      0x1ac build/obj/pal_lld.o
                0x0800fd00                _pal_lld_init
 *fill*         0x0800feac        0x4 
 .text._pal_lld_setgroupmode
                0x0800feb0       0xb8 build/obj/pal_lld.o
                0x0800feb0                _pal_lld_setgroupmode
 *fill*         0x0800ff68        0x8 
 .text.i2c_lld_serve_tx_end_irq
                0x0800ff70       0x40 build/obj/i2c_lld.o
 .text.i2c_lld_serve_rx_end_irq
                0x0800ffb0       0x64 build/obj/i2c_lld.o
 *fill*         0x08010014        0xc 
 .text.VectorC4
                0x08010020       0xf8 build/obj/i2c_lld.o
                0x08010020                VectorC4
 *fill*         0x08010118        0x8 
 .text.VectorC8
                0x08010120       0xd8 build/obj/i2c_lld.o
                0x08010120                VectorC8
 *fill*         0x080101f8        0x8 
 .text.i2c_lld_init
                0x08010200       0x2c build/obj/i2c_lld.o
                0x08010200                i2c_lld_init
 *fill*         0x0801022c        0x4 
 .text.i2c_lld_start
                0x08010230      0x16c build/obj/i2c_lld.o
                0x08010230                i2c_lld_start
 *fill*         0x0801039c        0x4 
 .text.i2c_lld_stop
                0x080103a0       0x88 build/obj/i2c_lld.o
                0x080103a0                i2c_lld_stop
 *fill*         0x08010428        0x8 
 .text.i2c_lld_master_receive_timeout
                0x08010430       0x74 build/obj/i2c_lld.o
                0x08010430                i2c_lld_master_receive_timeout
 *fill*         0x080104a4        0xc 
 .text.i2c_lld_master_transmit_timeout
                0x080104b0       0x8c build/obj/i2c_lld.o
                0x080104b0                i2c_lld_master_transmit_timeout
 *fill*         0x0801053c        0x4 
 .text.usb_lld_pump
                0x08010540      0x334 build/obj/usb_lld.o
                0x08010540                usb_lld_pump
 *fill*         0x08010874        0xc 
 .text.otg_disable_ep.isra.0
                0x08010880       0x74 build/obj/usb_lld.o
 *fill*         0x080108f4        0xc 
 .text.usb_lld_init
                0x08010900       0x24 build/obj/usb_lld.o
                0x08010900                usb_lld_init
 *fill*         0x08010924        0xc 
 .text.usb_lld_start
                0x08010930       0xe4 build/obj/usb_lld.o
                0x08010930                usb_lld_start
 *fill*         0x08010a14        0xc 
 .text.usb_lld_stop
                0x08010a20       0x44 build/obj/usb_lld.o
                0x08010a20                usb_lld_stop
 *fill*         0x08010a64        0xc 
 .text.usb_lld_reset
                0x08010a70       0xc4 build/obj/usb_lld.o
                0x08010a70                usb_lld_reset
 *fill*         0x08010b34        0xc 
 .text.usb_lld_set_address
                0x08010b40       0x18 build/obj/usb_lld.o
                0x08010b40                usb_lld_set_address
 *fill*         0x08010b58        0x8 
 .text.usb_lld_init_endpoint
                0x08010b60      0x164 build/obj/usb_lld.o
                0x08010b60                usb_lld_init_endpoint
 *fill*         0x08010cc4        0xc 
 .text.usb_lld_get_status_out
                0x08010cd0       0x1c build/obj/usb_lld.o
                0x08010cd0                usb_lld_get_status_out
 *fill*         0x08010cec        0x4 
 .text.usb_lld_get_status_in
                0x08010cf0       0x1c build/obj/usb_lld.o
                0x08010cf0                usb_lld_get_status_in
 *fill*         0x08010d0c        0x4 
 .text.usb_lld_read_setup
                0x08010d10       0x14 build/obj/usb_lld.o
                0x08010d10                usb_lld_read_setup
 *fill*         0x08010d24        0xc 
 .text.usb_lld_prepare_receive
                0x08010d30       0x44 build/obj/usb_lld.o
                0x08010d30                usb_lld_prepare_receive
 *fill*         0x08010d74        0xc 
 .text.otg_epout_handler.constprop.7
                0x08010d80       0xa4 build/obj/usb_lld.o
 *fill*         0x08010e24        0xc 
 .text.usb_lld_prepare_transmit
                0x08010e30       0x50 build/obj/usb_lld.o
                0x08010e30                usb_lld_prepare_transmit
 .text.otg_epin_handler.constprop.8
                0x08010e80       0xd4 build/obj/usb_lld.o
 *fill*         0x08010f54        0xc 
 .text.Vector14C
                0x08010f60       0xf4 build/obj/usb_lld.o
                0x08010f60                Vector14C
 *fill*         0x08011054        0xc 
 .text.usb_lld_start_out
                0x08011060       0x14 build/obj/usb_lld.o
                0x08011060                usb_lld_start_out
 *fill*         0x08011074        0xc 
 .text.usb_lld_start_in
                0x08011080       0x2c build/obj/usb_lld.o
                0x08011080                usb_lld_start_in
 *fill*         0x080110ac        0x4 
 .text.usb_lld_stall_out
                0x080110b0       0x14 build/obj/usb_lld.o
                0x080110b0                usb_lld_stall_out
 *fill*         0x080110c4        0xc 
 .text.usb_lld_stall_in
                0x080110d0       0x14 build/obj/usb_lld.o
                0x080110d0                usb_lld_stall_in
 *fill*         0x080110e4        0xc 
 .text.usb_lld_clear_out
                0x080110f0       0x14 build/obj/usb_lld.o
                0x080110f0                usb_lld_clear_out
 *fill*         0x08011104        0xc 
 .text.usb_lld_clear_in
                0x08011110       0x14 build/obj/usb_lld.o
                0x08011110                usb_lld_clear_in
 *fill*         0x08011124        0xc 
 .text.spi_lld_init
                0x08011130       0x44 build/obj/spi_lld.o
                0x08011130                spi_lld_init
 *fill*         0x08011174        0xc 
 .text.VectorB8
                0x08011180       0x9c build/obj/icu_lld.o
                0x08011180                VectorB8
 *fill*         0x0801121c        0x4 
 .text.icu_lld_init
                0x08011220       0x18 build/obj/icu_lld.o
                0x08011220                icu_lld_init
 *fill*         0x08011238        0x8 
 .text.icu_lld_start
                0x08011240       0xbc build/obj/icu_lld.o
                0x08011240                icu_lld_start
 *fill*         0x080112fc        0x4 
 .text.icu_lld_stop
                0x08011300       0x34 build/obj/icu_lld.o
                0x08011300                icu_lld_stop
 *fill*         0x08011334        0xc 
 .text.icu_lld_start_capture
                0x08011340       0x14 build/obj/icu_lld.o
                0x08011340                icu_lld_start_capture
 *fill*         0x08011354        0xc 
 .text.icu_lld_enable_notifications
                0x08011360       0x40 build/obj/icu_lld.o
                0x08011360                icu_lld_enable_notifications
 .text.usart_stop
                0x080113a0       0x48 build/obj/uart_lld.o
 *fill*         0x080113e8        0x8 
 .text.serve_usart_irq
                0x080113f0       0x78 build/obj/uart_lld.o
 *fill*         0x08011468        0x8 
 .text.uart_lld_serve_tx_end_irq
                0x08011470       0x50 build/obj/uart_lld.o
 .text.uart_lld_serve_rx_end_irq
                0x080114c0       0x90 build/obj/uart_lld.o
 .text.VectorDC
                0x08011550       0x14 build/obj/uart_lld.o
                0x08011550                VectorDC
 *fill*         0x08011564        0xc 
 .text.Vector15C
                0x08011570       0x14 build/obj/uart_lld.o
                0x08011570                Vector15C
 *fill*         0x08011584        0xc 
 .text.uart_lld_init
                0x08011590       0x48 build/obj/uart_lld.o
                0x08011590                uart_lld_init
 *fill*         0x080115d8        0x8 
 .text.uart_lld_start
                0x080115e0      0x158 build/obj/uart_lld.o
                0x080115e0                uart_lld_start
 *fill*         0x08011738        0x8 
 .text.uart_lld_stop
                0x08011740       0x5c build/obj/uart_lld.o
                0x08011740                uart_lld_stop
 *fill*         0x0801179c        0x4 
 .text.uart_lld_start_send
                0x080117a0       0x34 build/obj/uart_lld.o
                0x080117a0                uart_lld_start_send
 *fill*         0x080117d4        0xc 
 .text._sbrk_r  0x080117e0       0x18 build/obj/syscalls.o
                0x080117e0                _sbrk_r
 *fill*         0x080117f8        0x8 
 .text.__early_init
                0x08011800        0x4 build/obj/board.o
                0x08011800                __early_init
 *fill*         0x08011804        0xc 
 .text.boardInit
                0x08011810        0x4 build/obj/board.o
                0x08011810                boardInit
 *fill*         0x08011814        0xc 
 .text.timer_thread
                0x08011820       0x20 build/obj/main.o
 .text.periodic_thread
                0x08011840      0x128 build/obj/main.o
 *fill*         0x08011968        0x8 
 .text.startup.main
                0x08011970      0x150 build/obj/main.o
                0x08011970                main
 .text.get_descriptor
                0x08011ac0       0x30 build/obj/comm_usb_serial.o
 .text.usb_event
                0x08011af0       0x40 build/obj/comm_usb_serial.o
 .text.comm_usb_serial_init
                0x08011b30       0x6c build/obj/comm_usb_serial.o
                0x08011b30                comm_usb_serial_init
 *fill*         0x08011b9c        0x4 
 .text.Vector88
                0x08011ba0       0x1c build/obj/irq_handlers.o
                0x08011ba0                Vector88
 *fill*         0x08011bbc        0x4 
 .text.Vector9C
                0x08011bc0       0x20 build/obj/irq_handlers.o
                0x08011bc0                Vector9C
 .text.VectorB4
                0x08011be0       0x24 build/obj/irq_handlers.o
                0x08011be0                VectorB4
 *fill*         0x08011c04        0xc 
 .text.VectorF8
                0x08011c10       0x24 build/obj/irq_handlers.o
                0x08011c10                VectorF8
 *fill*         0x08011c34        0xc 
 .text.buffer_append_int16
                0x08011c40       0x18 build/obj/buffer.o
                0x08011c40                buffer_append_int16
 *fill*         0x08011c58        0x8 
 .text.buffer_append_uint16
                0x08011c60       0x18 build/obj/buffer.o
                0x08011c60                buffer_append_uint16
 *fill*         0x08011c78        0x8 
 .text.buffer_append_int32
                0x08011c80       0x2c build/obj/buffer.o
                0x08011c80                buffer_append_int32
 *fill*         0x08011cac        0x4 
 .text.buffer_append_uint32
                0x08011cb0       0x2c build/obj/buffer.o
                0x08011cb0                buffer_append_uint32
 *fill*         0x08011cdc        0x4 
 .text.buffer_append_float16
                0x08011ce0       0x2c build/obj/buffer.o
                0x08011ce0                buffer_append_float16
 *fill*         0x08011d0c        0x4 
 .text.buffer_append_float32
                0x08011d10       0x14 build/obj/buffer.o
                0x08011d10                buffer_append_float32
 *fill*         0x08011d24        0xc 
 .text.buffer_append_float32_auto
                0x08011d30       0x78 build/obj/buffer.o
                0x08011d30                buffer_append_float32_auto
 *fill*         0x08011da8        0x8 
 .text.buffer_get_int16
                0x08011db0       0x14 build/obj/buffer.o
                0x08011db0                buffer_get_int16
 *fill*         0x08011dc4        0xc 
 .text.buffer_get_uint16
                0x08011dd0       0x14 build/obj/buffer.o
                0x08011dd0                buffer_get_uint16
 *fill*         0x08011de4        0xc 
 .text.buffer_get_int32
                0x08011df0       0x24 build/obj/buffer.o
                0x08011df0                buffer_get_int32
 *fill*         0x08011e14        0xc 
 .text.buffer_get_uint32
                0x08011e20       0x24 build/obj/buffer.o
                0x08011e20                buffer_get_uint32
 *fill*         0x08011e44        0xc 
 .text.buffer_get_float32
                0x08011e50       0x14 build/obj/buffer.o
                0x08011e50                buffer_get_float32
 *fill*         0x08011e64        0xc 
 .text.buffer_get_float32_auto
                0x08011e70       0x4c build/obj/buffer.o
                0x08011e70                buffer_get_float32_auto
 *fill*         0x08011ebc        0x4 
 .text.send_packet
                0x08011ec0       0x1c build/obj/comm_usb.o
 *fill*         0x08011edc        0x4 
 .text.serial_process_thread
                0x08011ee0       0x60 build/obj/comm_usb.o
 .text.serial_read_thread
                0x08011f40       0x74 build/obj/comm_usb.o
 *fill*         0x08011fb4        0xc 
 .text.process_packet
                0x08011fc0       0x1c build/obj/comm_usb.o
 *fill*         0x08011fdc        0x4 
 .text.send_packet_wrapper
                0x08011fe0       0x28 build/obj/comm_usb.o
 *fill*         0x08012008        0x8 
 .text.comm_usb_init
                0x08012010       0x5c build/obj/comm_usb.o
                0x08012010                comm_usb_init
 *fill*         0x0801206c        0x4 
 .text.crc16    0x08012070       0x30 build/obj/crc.o
                0x08012070                crc16
 .text.filter_fft
                0x080120a0      0x1f0 build/obj/digital_filter.o
                0x080120a0                filter_fft
 .text.filter_hamming
                0x08012290       0xd4 build/obj/digital_filter.o
                0x08012290                filter_hamming
 *fill*         0x08012364        0xc 
 .text.filter_create_fir_lowpass
                0x08012370       0xc4 build/obj/digital_filter.o
                0x08012370                filter_create_fir_lowpass
 *fill*         0x08012434        0xc 
 .text.filter_run_fir_iteration
                0x08012440       0x44 build/obj/digital_filter.o
                0x08012440                filter_run_fir_iteration
 *fill*         0x08012484        0xc 
 .text.filter_add_sample
                0x08012490       0x24 build/obj/digital_filter.o
                0x08012490                filter_add_sample
 *fill*         0x080124b4        0xc 
 .text.ledpwm_init
                0x080124c0       0x5c build/obj/ledpwm.o
                0x080124c0                ledpwm_init
 *fill*         0x0801251c        0x4 
 .text.ledpwm_set_intensity
                0x08012520       0x50 build/obj/ledpwm.o
                0x08012520                ledpwm_set_intensity
 .text.ledpwm_update_pwm
                0x08012570       0x50 build/obj/ledpwm.o
                0x08012570                ledpwm_update_pwm
 .text.update_adc_sample_pos
                0x080125c0      0x1e0 build/obj/mcpwm.o
 .text.update_rpm_tacho
                0x080127a0       0x9c build/obj/mcpwm.o
 *fill*         0x0801283c        0x4 
 .text.update_sensor_mode
                0x08012840       0x58 build/obj/mcpwm.o
 *fill*         0x08012898        0x8 
 .text.update_timer_attempt
                0x080128a0       0x7c build/obj/mcpwm.o
 *fill*         0x0801291c        0x4 
 .text.set_next_timer_settings
                0x08012920       0x2c build/obj/mcpwm.o
 *fill*         0x0801294c        0x4 
 .text.set_switching_frequency
                0x08012950       0x54 build/obj/mcpwm.o
 *fill*         0x080129a4        0xc 
 .text.set_duty_cycle_hw
                0x080129b0      0x120 build/obj/mcpwm.o
 .text.set_next_comm_step
                0x08012ad0      0x524 build/obj/mcpwm.o
 *fill*         0x08012ff4        0xc 
 .text.full_brake_hw
                0x08013000       0x80 build/obj/mcpwm.o
 .text.stop_pwm_hw
                0x08013080       0x80 build/obj/mcpwm.o
 .text.commutate
                0x08013100       0xf0 build/obj/mcpwm.o
 .text.timer_thread
                0x080131f0      0x250 build/obj/mcpwm.o
 .text.mcpwm_deinit
                0x08013440       0x80 build/obj/mcpwm.o
                0x08013440                mcpwm_deinit
 .text.mcpwm_init_done
                0x080134c0        0xc build/obj/mcpwm.o
                0x080134c0                mcpwm_init_done
 *fill*         0x080134cc        0x4 
 .text.mcpwm_init_hall_table
                0x080134d0       0x4c build/obj/mcpwm.o
                0x080134d0                mcpwm_init_hall_table
 *fill*         0x0801351c        0x4 
 .text.mcpwm_init
                0x08013520      0x6c0 build/obj/mcpwm.o
                0x08013520                mcpwm_init
 .text.mcpwm_set_configuration
                0x08013be0       0x50 build/obj/mcpwm.o
                0x08013be0                mcpwm_set_configuration
 .text.mcpwm_set_pid_speed
                0x08013c30       0x18 build/obj/mcpwm.o
                0x08013c30                mcpwm_set_pid_speed
 *fill*         0x08013c48        0x8 
 .text.mcpwm_set_brake_current
                0x08013c50       0xdc build/obj/mcpwm.o
                0x08013c50                mcpwm_set_brake_current
 *fill*         0x08013d2c        0x4 
 .text.mcpwm_get_comm_step
                0x08013d30        0xc build/obj/mcpwm.o
                0x08013d30                mcpwm_get_comm_step
 *fill*         0x08013d3c        0x4 
 .text.mcpwm_get_duty_cycle_now
                0x08013d40        0xc build/obj/mcpwm.o
                0x08013d40                mcpwm_get_duty_cycle_now
 *fill*         0x08013d4c        0x4 
 .text.mcpwm_get_switching_frequency_now
                0x08013d50        0xc build/obj/mcpwm.o
                0x08013d50                mcpwm_get_switching_frequency_now
 *fill*         0x08013d5c        0x4 
 .text.mcpwm_get_rpm
                0x08013d60       0x24 build/obj/mcpwm.o
                0x08013d60                mcpwm_get_rpm
 *fill*         0x08013d84        0xc 
 .text.mcpwm_get_state
                0x08013d90        0xc build/obj/mcpwm.o
                0x08013d90                mcpwm_get_state
 *fill*         0x08013d9c        0x4 
 .text.mcpwm_get_kv_filtered
                0x08013da0       0x1c build/obj/mcpwm.o
                0x08013da0                mcpwm_get_kv_filtered
 *fill*         0x08013dbc        0x4 
 .text.mcpwm_get_tot_current
                0x08013dc0        0xc build/obj/mcpwm.o
                0x08013dc0                mcpwm_get_tot_current
 *fill*         0x08013dcc        0x4 
 .text.mcpwm_get_tot_current_filtered
                0x08013dd0        0xc build/obj/mcpwm.o
                0x08013dd0                mcpwm_get_tot_current_filtered
 *fill*         0x08013ddc        0x4 
 .text.mcpwm_get_tot_current_directional
                0x08013de0       0x24 build/obj/mcpwm.o
                0x08013de0                mcpwm_get_tot_current_directional
 *fill*         0x08013e04        0xc 
 .text.mcpwm_get_tot_current_directional_filtered
                0x08013e10       0x24 build/obj/mcpwm.o
                0x08013e10                mcpwm_get_tot_current_directional_filtered
 *fill*         0x08013e34        0xc 
 .text.mcpwm_get_tot_current_in_filtered
                0x08013e40       0x20 build/obj/mcpwm.o
                0x08013e40                mcpwm_get_tot_current_in_filtered
 .text.mcpwm_get_tachometer_value
                0x08013e60       0x14 build/obj/mcpwm.o
                0x08013e60                mcpwm_get_tachometer_value
 *fill*         0x08013e74        0xc 
 .text.mcpwm_get_tachometer_abs_value
                0x08013e80       0x14 build/obj/mcpwm.o
                0x08013e80                mcpwm_get_tachometer_abs_value
 *fill*         0x08013e94        0xc 
 .text.mcpwm_stop_pwm
                0x08013ea0       0x28 build/obj/mcpwm.o
                0x08013ea0                mcpwm_stop_pwm
 *fill*         0x08013ec8        0x8 
 .text.mcpwm_adc_inj_int_handler
                0x08013ed0      0x490 build/obj/mcpwm.o
                0x08013ed0                mcpwm_adc_inj_int_handler
 .text.mcpwm_set_detect
                0x08014360       0x60 build/obj/mcpwm.o
                0x08014360                mcpwm_set_detect
 .text.mcpwm_get_detect_pos
                0x080143c0      0x118 build/obj/mcpwm.o
                0x080143c0                mcpwm_get_detect_pos
 *fill*         0x080144d8        0x8 
 .text.mcpwm_read_reset_avg_cycle_integrator
                0x080144e0       0x20 build/obj/mcpwm.o
                0x080144e0                mcpwm_read_reset_avg_cycle_integrator
 .text.mcpwm_get_last_adc_isr_duration
                0x08014500        0xc build/obj/mcpwm.o
                0x08014500                mcpwm_get_last_adc_isr_duration
 *fill*         0x0801450c        0x4 
 .text.mcpwm_get_last_inj_adc_isr_duration
                0x08014510        0xc build/obj/mcpwm.o
                0x08014510                mcpwm_get_last_inj_adc_isr_duration
 *fill*         0x0801451c        0x4 
 .text.mcpwm_get_rpm_dep
                0x08014520       0x20 build/obj/mcpwm.o
                0x08014520                mcpwm_get_rpm_dep
 .text.mcpwm_is_dccal_done
                0x08014540        0xc build/obj/mcpwm.o
                0x08014540                mcpwm_is_dccal_done
 *fill*         0x0801454c        0x4 
 .text.mcpwm_switch_comm_mode
                0x08014550        0xc build/obj/mcpwm.o
                0x08014550                mcpwm_switch_comm_mode
 *fill*         0x0801455c        0x4 
 .text.mcpwm_reset_hall_detect_table
                0x08014560       0x10 build/obj/mcpwm.o
                0x08014560                mcpwm_reset_hall_detect_table
 .text.mcpwm_get_hall_detect_result
                0x08014570       0xb0 build/obj/mcpwm.o
                0x08014570                mcpwm_get_hall_detect_result
 .text.mcpwm_read_hall_phase
                0x08014620       0x44 build/obj/mcpwm.o
                0x08014620                mcpwm_read_hall_phase
 *fill*         0x08014664        0xc 
 .text.set_duty_cycle_ll
                0x08014670      0x1b4 build/obj/mcpwm.o
 *fill*         0x08014824        0xc 
 .text.set_duty_cycle_hl
                0x08014830      0x10c build/obj/mcpwm.o
 *fill*         0x0801493c        0x4 
 .text.mcpwm_set_duty
                0x08014940       0x10 build/obj/mcpwm.o
                0x08014940                mcpwm_set_duty
 .text.rpm_thread
                0x08014950      0x3cc build/obj/mcpwm.o
 *fill*         0x08014d1c        0x4 
 .text.mcpwm_set_pid_pos
                0x08014d20       0x34 build/obj/mcpwm.o
                0x08014d20                mcpwm_set_pid_pos
 *fill*         0x08014d54        0xc 
 .text.mcpwm_set_current
                0x08014d60       0x9c build/obj/mcpwm.o
                0x08014d60                mcpwm_set_current
 *fill*         0x08014dfc        0x4 
 .text.mcpwm_adc_int_handler
                0x08014e00      0xc78 build/obj/mcpwm.o
                0x08014e00                mcpwm_adc_int_handler
 *fill*         0x08015a78        0x8 
 .text.icuperiodcb
                0x08015a80        0x4 build/obj/servo_dec.o
 *fill*         0x08015a84        0xc 
 .text.icuwidthcb
                0x08015a90      0x138 build/obj/servo_dec.o
 *fill*         0x08015bc8        0x8 
 .text.servodec_init
                0x08015bd0       0x58 build/obj/servo_dec.o
                0x08015bd0                servodec_init
 *fill*         0x08015c28        0x8 
 .text.servodec_stop
                0x08015c30       0x54 build/obj/servo_dec.o
                0x08015c30                servodec_stop
 *fill*         0x08015c84        0xc 
 .text.servodec_set_pulse_options
                0x08015c90       0x20 build/obj/servo_dec.o
                0x08015c90                servodec_set_pulse_options
 .text.servodec_get_servo
                0x08015cb0       0x1c build/obj/servo_dec.o
                0x08015cb0                servodec_get_servo
 *fill*         0x08015ccc        0x4 
 .text.servodec_get_time_since_update
                0x08015cd0       0x20 build/obj/servo_dec.o
                0x08015cd0                servodec_get_time_since_update
 .text.servodec_get_last_pulse_len
                0x08015cf0       0x1c build/obj/servo_dec.o
                0x08015cf0                servodec_get_last_pulse_len
 *fill*         0x08015d0c        0x4 
 .text.utils_step_towards
                0x08015d10       0x38 build/obj/utils.o
                0x08015d10                utils_step_towards
 *fill*         0x08015d48        0x8 
 .text.utils_norm_angle
                0x08015d50       0x34 build/obj/utils.o
                0x08015d50                utils_norm_angle
 *fill*         0x08015d84        0xc 
 .text.utils_norm_angle_rad
                0x08015d90       0x5c build/obj/utils.o
                0x08015d90                utils_norm_angle_rad
 *fill*         0x08015dec        0x4 
 .text.utils_truncate_number
                0x08015df0       0x2c build/obj/utils.o
                0x08015df0                utils_truncate_number
 *fill*         0x08015e1c        0x4 
 .text.utils_truncate_number_int
                0x08015e20       0x18 build/obj/utils.o
                0x08015e20                utils_truncate_number_int
 *fill*         0x08015e38        0x8 
 .text.utils_truncate_number_abs
                0x08015e40       0x28 build/obj/utils.o
                0x08015e40                utils_truncate_number_abs
 *fill*         0x08015e68        0x8 
 .text.utils_map
                0x08015e70       0x1c build/obj/utils.o
                0x08015e70                utils_map
 *fill*         0x08015e8c        0x4 
 .text.utils_deadband
                0x08015e90       0x48 build/obj/utils.o
                0x08015e90                utils_deadband
 *fill*         0x08015ed8        0x8 
 .text.utils_angle_difference
                0x08015ee0       0x54 build/obj/utils.o
                0x08015ee0                utils_angle_difference
 *fill*         0x08015f34        0xc 
 .text.utils_angle_difference_rad
                0x08015f40       0x54 build/obj/utils.o
                0x08015f40                utils_angle_difference_rad
 *fill*         0x08015f94        0xc 
 .text.utils_middle_of_3
                0x08015fa0       0x80 build/obj/utils.o
                0x08015fa0                utils_middle_of_3
 .text.utils_middle_of_3_int
                0x08016020       0x34 build/obj/utils.o
                0x08016020                utils_middle_of_3_int
 *fill*         0x08016054        0xc 
 .text.utils_fast_atan2
                0x08016060       0x94 build/obj/utils.o
                0x08016060                utils_fast_atan2
 *fill*         0x080160f4        0xc 
 .text.utils_saturate_vector_2d
                0x08016100       0x94 build/obj/utils.o
                0x08016100                utils_saturate_vector_2d
 *fill*         0x08016194        0xc 
 .text.utils_fast_sincos_better
                0x080161a0      0x10c build/obj/utils.o
                0x080161a0                utils_fast_sincos_better
 *fill*         0x080162ac        0x4 
 .text.utils_min_abs
                0x080162b0       0x18 build/obj/utils.o
                0x080162b0                utils_min_abs
 *fill*         0x080162c8        0x8 
 .text.utils_max_abs
                0x080162d0       0x18 build/obj/utils.o
                0x080162d0                utils_max_abs
 *fill*         0x080162e8        0x8 
 .text.utils_byte_to_binary
                0x080162f0       0x40 build/obj/utils.o
                0x080162f0                utils_byte_to_binary
 .text.utils_throttle_curve
                0x08016330      0x158 build/obj/utils.o
                0x08016330                utils_throttle_curve
 *fill*         0x08016488        0x8 
 .text.utils_sys_lock_cnt
                0x08016490       0x18 build/obj/utils.o
                0x08016490                utils_sys_lock_cnt
 *fill*         0x080164a8        0x8 
 .text.utils_sys_unlock_cnt
                0x080164b0       0x1c build/obj/utils.o
                0x080164b0                utils_sys_unlock_cnt
 *fill*         0x080164cc        0x4 
 .text.packet_init
                0x080164d0       0x14 build/obj/packet.o
                0x080164d0                packet_init
 *fill*         0x080164e4        0xc 
 .text.packet_send_packet
                0x080164f0       0x88 build/obj/packet.o
                0x080164f0                packet_send_packet
 *fill*         0x08016578        0x8 
 .text.packet_timerfunc
                0x08016580       0x44 build/obj/packet.o
                0x08016580                packet_timerfunc
 *fill*         0x080165c4        0xc 
 .text.packet_process_byte
                0x080165d0      0x168 build/obj/packet.o
                0x080165d0                packet_process_byte
 *fill*         0x08016738        0x8 
 .text.terminal_process_string
                0x08016740     0x108c build/obj/terminal.o
                0x08016740                terminal_process_string
 *fill*         0x080177cc        0x4 
 .text.terminal_add_fault_data
                0x080177d0       0x44 build/obj/terminal.o
                0x080177d0                terminal_add_fault_data
 *fill*         0x08017814        0xc 
 .text.terminal_register_command_callback
                0x08017820       0x9c build/obj/terminal.o
                0x08017820                terminal_register_command_callback
 *fill*         0x080178bc        0x4 
 .text.conf_general_init
                0x080178c0       0x54 build/obj/conf_general.o
                0x080178c0                conf_general_init
 *fill*         0x08017914        0xc 
 .text.conf_general_get_default_app_configuration
                0x08017920      0x148 build/obj/conf_general.o
                0x08017920                conf_general_get_default_app_configuration
 *fill*         0x08017a68        0x8 
 .text.conf_general_get_default_mc_configuration
                0x08017a70      0x334 build/obj/conf_general.o
                0x08017a70                conf_general_get_default_mc_configuration
 *fill*         0x08017da4        0xc 
 .text.conf_general_read_app_configuration
                0x08017db0       0x44 build/obj/conf_general.o
                0x08017db0                conf_general_read_app_configuration
 *fill*         0x08017df4        0xc 
 .text.conf_general_store_app_configuration
                0x08017e00       0x74 build/obj/conf_general.o
                0x08017e00                conf_general_store_app_configuration
 *fill*         0x08017e74        0xc 
 .text.conf_general_read_mc_configuration
                0x08017e80       0x44 build/obj/conf_general.o
                0x08017e80                conf_general_read_mc_configuration
 *fill*         0x08017ec4        0xc 
 .text.conf_general_store_mc_configuration
                0x08017ed0       0x74 build/obj/conf_general.o
                0x08017ed0                conf_general_store_mc_configuration
 *fill*         0x08017f44        0xc 
 .text.conf_general_detect_motor_param
                0x08017f50      0x340 build/obj/conf_general.o
                0x08017f50                conf_general_detect_motor_param
 .text.conf_general_measure_flux_linkage
                0x08018290      0x2e4 build/obj/conf_general.o
                0x08018290                conf_general_measure_flux_linkage
 *fill*         0x08018574        0xc 
 .text.EE_VerifyPageFullWriteVariable
                0x08018580       0x7c build/obj/eeprom.o
 *fill*         0x080185fc        0x4 
 .text.EE_EraseSectorIfNotEmpty.constprop.1
                0x08018600       0x30 build/obj/eeprom.o
 .text.EE_Format
                0x08018630       0x2c build/obj/eeprom.o
 *fill*         0x0801865c        0x4 
 .text.EE_ReadVariable
                0x08018660       0x70 build/obj/eeprom.o
                0x08018660                EE_ReadVariable
 .text.EE_Init  0x080186d0      0x150 build/obj/eeprom.o
                0x080186d0                EE_Init
 .text.EE_WriteVariable
                0x08018820       0xbc build/obj/eeprom.o
                0x08018820                EE_WriteVariable
 *fill*         0x080188dc        0x4 
 .text.detect_thread
                0x080188e0      0x10c build/obj/commands.o
 *fill*         0x080189ec        0x4 
 .text.commands_init
                0x080189f0       0x24 build/obj/commands.o
                0x080189f0                commands_init
 *fill*         0x08018a14        0xc 
 .text.commands_set_send_func
                0x08018a20        0xc build/obj/commands.o
                0x08018a20                commands_set_send_func
 *fill*         0x08018a2c        0x4 
 .text.commands_send_packet
                0x08018a30       0x10 build/obj/commands.o
                0x08018a30                commands_send_packet
 .text.commands_printf
                0x08018a40       0x44 build/obj/commands.o
                0x08018a40                commands_printf
 *fill*         0x08018a84        0xc 
 .text.commands_send_rotor_pos
                0x08018a90       0x40 build/obj/commands.o
                0x08018a90                commands_send_rotor_pos
 .text.commands_get_disp_pos_mode
                0x08018ad0        0xc build/obj/commands.o
                0x08018ad0                commands_get_disp_pos_mode
 *fill*         0x08018adc        0x4 
 .text.commands_send_appconf
                0x08018ae0      0x2c8 build/obj/commands.o
                0x08018ae0                commands_send_appconf
 *fill*         0x08018da8        0x8 
 .text.commands_process_packet
                0x08018db0     0x1770 build/obj/commands.o
                0x08018db0                commands_process_packet
 .text.timeout_thread
                0x0801a520       0x80 build/obj/timeout.o
 .text.timeout_init
                0x0801a5a0       0x48 build/obj/timeout.o
                0x0801a5a0                timeout_init
 *fill*         0x0801a5e8        0x8 
 .text.timeout_configure
                0x0801a5f0       0x14 build/obj/timeout.o
                0x0801a5f0                timeout_configure
 *fill*         0x0801a604        0xc 
 .text.timeout_reset
                0x0801a610       0x20 build/obj/timeout.o
                0x0801a610                timeout_reset
 .text.timeout_has_timeout
                0x0801a630        0xc build/obj/timeout.o
                0x0801a630                timeout_has_timeout
 *fill*         0x0801a63c        0x4 
 .text.timeout_get_timeout_msec
                0x0801a640        0xc build/obj/timeout.o
                0x0801a640                timeout_get_timeout_msec
 *fill*         0x0801a64c        0x4 
 .text.timeout_get_brake_current
                0x0801a650        0xc build/obj/timeout.o
                0x0801a650                timeout_get_brake_current
 *fill*         0x0801a65c        0x4 
 .text.cancom_process_thread
                0x0801a660      0x3bc build/obj/comm_can.o
 *fill*         0x0801aa1c        0x4 
 .text.cancom_read_thread
                0x0801aa20       0xc4 build/obj/comm_can.o
 *fill*         0x0801aae4        0xc 
 .text.comm_can_init
                0x0801aaf0       0xb0 build/obj/comm_can.o
                0x0801aaf0                comm_can_init
 .text.comm_can_set_baud
                0x0801aba0       0x54 build/obj/comm_can.o
                0x0801aba0                comm_can_set_baud
 *fill*         0x0801abf4        0xc 
 .text.comm_can_transmit_eid
                0x0801ac00       0x54 build/obj/comm_can.o
                0x0801ac00                comm_can_transmit_eid
 *fill*         0x0801ac54        0xc 
 .text.cancom_status_thread
                0x0801ac60       0xb0 build/obj/comm_can.o
 .text.comm_can_send_buffer
                0x0801ad10      0x15c build/obj/comm_can.o
                0x0801ad10                comm_can_send_buffer
 *fill*         0x0801ae6c        0x4 
 .text.send_packet_wrapper
                0x0801ae70       0x18 build/obj/comm_can.o
 *fill*         0x0801ae88        0x8 
 .text.comm_can_set_duty
                0x0801ae90       0x38 build/obj/comm_can.o
                0x0801ae90                comm_can_set_duty
 *fill*         0x0801aec8        0x8 
 .text.comm_can_set_current
                0x0801aed0       0x3c build/obj/comm_can.o
                0x0801aed0                comm_can_set_current
 *fill*         0x0801af0c        0x4 
 .text.comm_can_set_current_brake
                0x0801af10       0x3c build/obj/comm_can.o
                0x0801af10                comm_can_set_current_brake
 *fill*         0x0801af4c        0x4 
 .text.comm_can_set_current_rel
                0x0801af50       0x30 build/obj/comm_can.o
                0x0801af50                comm_can_set_current_rel
 .text.comm_can_set_current_brake_rel
                0x0801af80       0x30 build/obj/comm_can.o
                0x0801af80                comm_can_set_current_brake_rel
 .text.comm_can_get_status_msg_index
                0x0801afb0       0x18 build/obj/comm_can.o
                0x0801afb0                comm_can_get_status_msg_index
 *fill*         0x0801afc8        0x8 
 .text.led_external_set_state
                0x0801afd0        0xc build/obj/led_external.o
                0x0801afd0                led_external_set_state
 *fill*         0x0801afdc        0x4 
 .text.led_external_set_reversed
                0x0801afe0        0xc build/obj/led_external.o
                0x0801afe0                led_external_set_reversed
 *fill*         0x0801afec        0x4 
 .text.encoder_deinit
                0x0801aff0       0x70 build/obj/encoder.o
                0x0801aff0                encoder_deinit
 .text.encoder_init_abi
                0x0801b060       0xb4 build/obj/encoder.o
                0x0801b060                encoder_init_abi
 *fill*         0x0801b114        0xc 
 .text.encoder_init_as5047p_spi
                0x0801b120       0x8c build/obj/encoder.o
                0x0801b120                encoder_init_as5047p_spi
 *fill*         0x0801b1ac        0x4 
 .text.encoder_is_configured
                0x0801b1b0       0x10 build/obj/encoder.o
                0x0801b1b0                encoder_is_configured
 .text.encoder_read_deg
                0x0801b1c0       0x64 build/obj/encoder.o
                0x0801b1c0                encoder_read_deg
 *fill*         0x0801b224        0xc 
 .text.encoder_reset
                0x0801b230       0x80 build/obj/encoder.o
                0x0801b230                encoder_reset
 .text.encoder_tim_isr
                0x0801b2b0       0x98 build/obj/encoder.o
                0x0801b2b0                encoder_tim_isr
 *fill*         0x0801b348        0x8 
 .text.encoder_set_counts
                0x0801b350       0x2c build/obj/encoder.o
                0x0801b350                encoder_set_counts
 *fill*         0x0801b37c        0x4 
 .text.encoder_index_found
                0x0801b380        0xc build/obj/encoder.o
                0x0801b380                encoder_index_found
 *fill*         0x0801b38c        0x4 
 .text.flash_helper_erase_new_app
                0x0801b390       0x88 build/obj/flash_helper.o
                0x0801b390                flash_helper_erase_new_app
 *fill*         0x0801b418        0x8 
 .text.flash_helper_write_new_app_data
                0x0801b420       0x60 build/obj/flash_helper.o
                0x0801b420                flash_helper_write_new_app_data
 .text.flash_helper_jump_to_bootloader
                0x0801b480       0x90 build/obj/flash_helper.o
                0x0801b480                flash_helper_jump_to_bootloader
 .text.flash_helper_get_sector_address
                0x0801b510       0x2c build/obj/flash_helper.o
                0x0801b510                flash_helper_get_sector_address
 *fill*         0x0801b53c        0x4 
 .text.sample_send_thread
                0x0801b540      0x23c build/obj/mc_interface.o
 *fill*         0x0801b77c        0x4 
 .text.mc_interface_set_handbrake.part.3
                0x0801b780       0x1c build/obj/mc_interface.o
 *fill*         0x0801b79c        0x4 
 .text.mc_interface_init
                0x0801b7a0      0x190 build/obj/mc_interface.o
                0x0801b7a0                mc_interface_init
 .text.mc_interface_get_configuration
                0x0801b930        0x8 build/obj/mc_interface.o
                0x0801b930                mc_interface_get_configuration
 *fill*         0x0801b938        0x8 
 .text.mc_interface_dccal_done
                0x0801b940       0x20 build/obj/mc_interface.o
                0x0801b940                mc_interface_dccal_done
 .text.mc_interface_lock
                0x0801b960        0xc build/obj/mc_interface.o
                0x0801b960                mc_interface_lock
 *fill*         0x0801b96c        0x4 
 .text.mc_interface_unlock
                0x0801b970        0xc build/obj/mc_interface.o
                0x0801b970                mc_interface_unlock
 *fill*         0x0801b97c        0x4 
 .text.mc_interface_lock_override_once
                0x0801b980        0xc build/obj/mc_interface.o
                0x0801b980                mc_interface_lock_override_once
 *fill*         0x0801b98c        0x4 
 .text.mc_interface_get_fault
                0x0801b990        0xc build/obj/mc_interface.o
                0x0801b990                mc_interface_get_fault
 *fill*         0x0801b99c        0x4 
 .text.mc_interface_fault_to_string
                0x0801b9a0       0x18 build/obj/mc_interface.o
                0x0801b9a0                mc_interface_fault_to_string
 *fill*         0x0801b9b8        0x8 
 .text.mc_interface_get_state
                0x0801b9c0       0x20 build/obj/mc_interface.o
                0x0801b9c0                mc_interface_get_state
 .text.mc_interface_get_duty_cycle_now
                0x0801b9e0       0x44 build/obj/mc_interface.o
                0x0801b9e0                mc_interface_get_duty_cycle_now
 *fill*         0x0801ba24        0xc 
 .text.mc_interface_get_sampling_frequency_now
                0x0801ba30       0x24 build/obj/mc_interface.o
                0x0801ba30                mc_interface_get_sampling_frequency_now
 *fill*         0x0801ba54        0xc 
 .text.mc_interface_get_rpm
                0x0801ba60       0x44 build/obj/mc_interface.o
                0x0801ba60                mc_interface_get_rpm
 *fill*         0x0801baa4        0xc 
 .text.mc_interface_get_amp_hours
                0x0801bab0       0x20 build/obj/mc_interface.o
                0x0801bab0                mc_interface_get_amp_hours
 .text.mc_interface_get_amp_hours_charged
                0x0801bad0       0x20 build/obj/mc_interface.o
                0x0801bad0                mc_interface_get_amp_hours_charged
 .text.mc_interface_get_watt_hours
                0x0801baf0       0x20 build/obj/mc_interface.o
                0x0801baf0                mc_interface_get_watt_hours
 .text.mc_interface_get_watt_hours_charged
                0x0801bb10       0x20 build/obj/mc_interface.o
                0x0801bb10                mc_interface_get_watt_hours_charged
 .text.mc_interface_get_tot_current
                0x0801bb30       0x24 build/obj/mc_interface.o
                0x0801bb30                mc_interface_get_tot_current
 *fill*         0x0801bb54        0xc 
 .text.mc_interface_get_tot_current_filtered
                0x0801bb60       0x24 build/obj/mc_interface.o
                0x0801bb60                mc_interface_get_tot_current_filtered
 *fill*         0x0801bb84        0xc 
 .text.mc_interface_get_tot_current_directional
                0x0801bb90       0x44 build/obj/mc_interface.o
                0x0801bb90                mc_interface_get_tot_current_directional
 *fill*         0x0801bbd4        0xc 
 .text.mc_interface_get_tot_current_directional_filtered
                0x0801bbe0       0x44 build/obj/mc_interface.o
                0x0801bbe0                mc_interface_get_tot_current_directional_filtered
 *fill*         0x0801bc24        0xc 
 .text.mc_interface_get_tot_current_in_filtered
                0x0801bc30       0x24 build/obj/mc_interface.o
                0x0801bc30                mc_interface_get_tot_current_in_filtered
 *fill*         0x0801bc54        0xc 
 .text.mc_interface_get_tachometer_value
                0x0801bc60       0x5c build/obj/mc_interface.o
                0x0801bc60                mc_interface_get_tachometer_value
 *fill*         0x0801bcbc        0x4 
 .text.mc_interface_fault_stop.part.4
                0x0801bcc0      0x150 build/obj/mc_interface.o
 .text.update_override_limits.constprop.5
                0x0801be10      0x5c0 build/obj/mc_interface.o
 .text.mc_interface_set_configuration
                0x0801c3d0       0xe0 build/obj/mc_interface.o
                0x0801c3d0                mc_interface_set_configuration
 .text.timer_thread
                0x0801c4b0       0x7c build/obj/mc_interface.o
 *fill*         0x0801c52c        0x4 
 .text.mc_interface_get_tachometer_abs_value
                0x0801c530       0x20 build/obj/mc_interface.o
                0x0801c530                mc_interface_get_tachometer_abs_value
 .text.mc_interface_get_last_inj_adc_isr_duration
                0x0801c550       0x24 build/obj/mc_interface.o
                0x0801c550                mc_interface_get_last_inj_adc_isr_duration
 *fill*         0x0801c574        0xc 
 .text.mc_interface_read_reset_avg_motor_current
                0x0801c580       0x20 build/obj/mc_interface.o
                0x0801c580                mc_interface_read_reset_avg_motor_current
 .text.mc_interface_read_reset_avg_input_current
                0x0801c5a0       0x20 build/obj/mc_interface.o
                0x0801c5a0                mc_interface_read_reset_avg_input_current
 .text.mc_interface_read_reset_avg_id
                0x0801c5c0       0x40 build/obj/mc_interface.o
                0x0801c5c0                mc_interface_read_reset_avg_id
 .text.mc_interface_read_reset_avg_iq
                0x0801c600       0x40 build/obj/mc_interface.o
                0x0801c600                mc_interface_read_reset_avg_iq
 .text.mc_interface_get_pid_pos_set
                0x0801c640        0xc build/obj/mc_interface.o
                0x0801c640                mc_interface_get_pid_pos_set
 *fill*         0x0801c64c        0x4 
 .text.mc_interface_get_pid_pos_now
                0x0801c650       0x58 build/obj/mc_interface.o
                0x0801c650                mc_interface_get_pid_pos_now
 *fill*         0x0801c6a8        0x8 
 .text.mc_interface_get_last_sample_adc_isr_duration
                0x0801c6b0        0xc build/obj/mc_interface.o
                0x0801c6b0                mc_interface_get_last_sample_adc_isr_duration
 *fill*         0x0801c6bc        0x4 
 .text.mc_interface_sample_print_data
                0x0801c6c0       0x50 build/obj/mc_interface.o
                0x0801c6c0                mc_interface_sample_print_data
 .text.mc_interface_temp_fet_filtered
                0x0801c710        0xc build/obj/mc_interface.o
                0x0801c710                mc_interface_temp_fet_filtered
 *fill*         0x0801c71c        0x4 
 .text.mc_interface_temp_motor_filtered
                0x0801c720        0xc build/obj/mc_interface.o
                0x0801c720                mc_interface_temp_motor_filtered
 *fill*         0x0801c72c        0x4 
 .text.mc_interface_try_input
                0x0801c730       0x74 build/obj/mc_interface.o
                0x0801c730                mc_interface_try_input
 *fill*         0x0801c7a4        0xc 
 .text.mc_interface_set_duty
                0x0801c7b0       0x70 build/obj/mc_interface.o
                0x0801c7b0                mc_interface_set_duty
 .text.mc_interface_set_pid_speed
                0x0801c820       0x70 build/obj/mc_interface.o
                0x0801c820                mc_interface_set_pid_speed
 .text.mc_interface_set_pid_pos
                0x0801c890       0x68 build/obj/mc_interface.o
                0x0801c890                mc_interface_set_pid_pos
 *fill*         0x0801c8f8        0x8 
 .text.mc_interface_set_current
                0x0801c900       0x70 build/obj/mc_interface.o
                0x0801c900                mc_interface_set_current
 .text.mc_interface_set_current_rel
                0x0801c970       0x2c build/obj/mc_interface.o
                0x0801c970                mc_interface_set_current_rel
 *fill*         0x0801c99c        0x4 
 .text.mc_interface_release_motor
                0x0801c9a0        0xc build/obj/mc_interface.o
                0x0801c9a0                mc_interface_release_motor
 *fill*         0x0801c9ac        0x4 
 .text.mc_interface_set_brake_current
                0x0801c9b0       0x70 build/obj/mc_interface.o
                0x0801c9b0                mc_interface_set_brake_current
 .text.mc_interface_set_brake_current_rel
                0x0801ca20       0x14 build/obj/mc_interface.o
                0x0801ca20                mc_interface_set_brake_current_rel
 *fill*         0x0801ca34        0xc 
 .text.mc_interface_set_handbrake
                0x0801ca40       0x28 build/obj/mc_interface.o
                0x0801ca40                mc_interface_set_handbrake
 *fill*         0x0801ca68        0x8 
 .text.mc_interface_set_handbrake_rel
                0x0801ca70       0x34 build/obj/mc_interface.o
                0x0801ca70                mc_interface_set_handbrake_rel
 *fill*         0x0801caa4        0xc 
 .text.mc_interface_mc_timer_isr
                0x0801cab0      0x740 build/obj/mc_interface.o
                0x0801cab0                mc_interface_mc_timer_isr
 .text.mc_interface_adc_inj_int_handler
                0x0801d1f0       0x14 build/obj/mc_interface.o
                0x0801d1f0                mc_interface_adc_inj_int_handler
 *fill*         0x0801d204        0xc 
 .text.correct_encoder
                0x0801d210       0x64 build/obj/mcpwm_foc.o
 *fill*         0x0801d274        0xc 
 .text.start_pwm_hw
                0x0801d280       0x70 build/obj/mcpwm_foc.o
 .text.stop_pwm_hw
                0x0801d2f0       0x78 build/obj/mcpwm_foc.o
 *fill*         0x0801d368        0x8 
 .text.read_hall
                0x0801d370       0x64 build/obj/mcpwm_foc.o
 *fill*         0x0801d3d4        0xc 
 .text.correct_hall
                0x0801d3e0      0x1e8 build/obj/mcpwm_foc.o
 *fill*         0x0801d5c8        0x8 
 .text.timer_thread
                0x0801d5d0      0x4b8 build/obj/mcpwm_foc.o
 *fill*         0x0801da88        0x8 
 .text.mcpwm_foc_init
                0x0801da90      0x5a0 build/obj/mcpwm_foc.o
                0x0801da90                mcpwm_foc_init
 .text.mcpwm_foc_deinit
                0x0801e030       0x6c build/obj/mcpwm_foc.o
                0x0801e030                mcpwm_foc_deinit
 *fill*         0x0801e09c        0x4 
 .text.mcpwm_foc_init_done
                0x0801e0a0        0xc build/obj/mcpwm_foc.o
                0x0801e0a0                mcpwm_foc_init_done
 *fill*         0x0801e0ac        0x4 
 .text.mcpwm_foc_set_configuration
                0x0801e0b0       0x6c build/obj/mcpwm_foc.o
                0x0801e0b0                mcpwm_foc_set_configuration
 *fill*         0x0801e11c        0x4 
 .text.mcpwm_foc_get_state
                0x0801e120        0xc build/obj/mcpwm_foc.o
                0x0801e120                mcpwm_foc_get_state
 *fill*         0x0801e12c        0x4 
 .text.mcpwm_foc_is_dccal_done
                0x0801e130        0xc build/obj/mcpwm_foc.o
                0x0801e130                mcpwm_foc_is_dccal_done
 *fill*         0x0801e13c        0x4 
 .text.mcpwm_foc_set_duty
                0x0801e140       0x28 build/obj/mcpwm_foc.o
                0x0801e140                mcpwm_foc_set_duty
 *fill*         0x0801e168        0x8 
 .text.mcpwm_foc_set_pid_speed
                0x0801e170       0x28 build/obj/mcpwm_foc.o
                0x0801e170                mcpwm_foc_set_pid_speed
 *fill*         0x0801e198        0x8 
 .text.mcpwm_foc_set_pid_pos
                0x0801e1a0       0x28 build/obj/mcpwm_foc.o
                0x0801e1a0                mcpwm_foc_set_pid_pos
 *fill*         0x0801e1c8        0x8 
 .text.mcpwm_foc_set_current
                0x0801e1d0       0x50 build/obj/mcpwm_foc.o
                0x0801e1d0                mcpwm_foc_set_current
 .text.mcpwm_foc_stop_pwm