Component: ARM Compiler 5.06 update 7 (build 960) Tool: armlink [4d3601]

==============================================================================

Section Cross References

    main.o(i.Data_Receive_Anl) refers to mc_interface.o(.bss) for bldc
    main.o(i.USART6_Packed) refers to main.o(i.Data_Receive_Anl) for Data_Receive_Anl
    main.o(i.USART6_Packed) refers to main.o(.data) for .data
    main.o(i.USART6_Packed) refers to main.o(.bss) for .bss
    main.o(i.UsartSend) refers to stm32f4xx_usart.o(i.USART_GetFlagStatus) for USART_GetFlagStatus
    main.o(i.UsartSend) refers to stm32f4xx_usart.o(i.USART_SendData) for USART_SendData
    main.o(i.Usart_Init) refers to stm32f4xx_rcc.o(i.RCC_APB2PeriphClockCmd) for RCC_APB2PeriphClockCmd
    main.o(i.Usart_Init) refers to stm32f4xx_rcc.o(i.RCC_AHB1PeriphClockCmd) for RCC_AHB1PeriphClockCmd
    main.o(i.Usart_Init) refers to misc.o(i.NVIC_Init) for NVIC_Init
    main.o(i.Usart_Init) refers to stm32f4xx_gpio.o(i.GPIO_PinAFConfig) for GPIO_PinAFConfig
    main.o(i.Usart_Init) refers to stm32f4xx_gpio.o(i.GPIO_Init) for GPIO_Init
    main.o(i.Usart_Init) refers to stm32f4xx_usart.o(i.USART_Init) for USART_Init
    main.o(i.Usart_Init) refers to stm32f4xx_usart.o(i.USART_Cmd) for USART_Cmd
    main.o(i.Usart_Init) refers to stm32f4xx_usart.o(i.USART_ClearFlag) for USART_ClearFlag
    main.o(i.Usart_Init) refers to stm32f4xx_usart.o(i.USART_ITConfig) for USART_ITConfig
    main.o(i.clear_uart) refers to main.o(.data) for .data
    main.o(i.clear_uart) refers to main.o(.bss) for .bss
    main.o(i.data_per_uart) refers to main.o(.data) for .data
    main.o(i.data_per_uart) refers to main.o(.bss) for .bss
    main.o(i.data_per_uart) refers to mc_interface.o(.bss) for bldc
    main.o(i.main) refers to hal.o(i.halInit) for halInit
    main.o(i.main) refers to chsys.o(i.chSysInit) for chSysInit
    main.o(i.main) refers to chthreads.o(i.chThdSleep) for chThdSleep
    main.o(i.main) refers to hw_60.o(i.hw_init_gpio) for hw_init_gpio
    main.o(i.main) refers to conf_general.o(i.conf_general_init) for conf_general_init
    main.o(i.main) refers to ledpwm.o(i.ledpwm_init) for ledpwm_init
    main.o(i.main) refers to conf_general.o(i.conf_general_read_mc_configuration) for conf_general_read_mc_configuration
    main.o(i.main) refers to mc_interface.o(i.mc_interface_init) for mc_interface_init
    main.o(i.main) refers to commands.o(i.commands_init) for commands_init
    main.o(i.main) refers to comm_usb.o(i.comm_usb_init) for comm_usb_init
    main.o(i.main) refers to conf_general.o(i.conf_general_read_app_configuration) for conf_general_read_app_configuration
    main.o(i.main) refers to app.o(i.app_set_configuration) for app_set_configuration
    main.o(i.main) refers to can_my.o(i.CAN1_Mode_Init) for CAN1_Mode_Init
    main.o(i.main) refers to timeout.o(i.timeout_init) for timeout_init
    main.o(i.main) refers to timeout.o(i.timeout_configure) for timeout_configure
    main.o(i.main) refers to chthreads.o(i.chThdCreateStatic) for chThdCreateStatic
    main.o(i.main) refers to ledpwm.o(i.ledpwm_set_intensity) for ledpwm_set_intensity
    main.o(i.main) refers to main.o(.bss) for .bss
    main.o(i.main) refers to mc_interface.o(.bss) for bldc
    main.o(i.main) refers to main.o(i.periodic_thread) for periodic_thread
    main.o(i.main) refers to main.o(i.timer_thread) for timer_thread
    main.o(i.main) refers to chschd.o(.bss) for ch
    main.o(i.main) refers to main.o(.data) for .data
    main.o(i.periodic_thread) refers to can_my.o(i.can_my_tread) for can_my_tread
    main.o(i.periodic_thread) refers to encoder.o(i.encoder_read_deg_flt) for encoder_read_deg_flt
    main.o(i.periodic_thread) refers to mcpwm_foc.o(i.mcpwm_foc_get_rpm) for mcpwm_foc_get_rpm
    main.o(i.periodic_thread) refers to dfltui.o(.text) for __aeabi_ui2d
    main.o(i.periodic_thread) refers to cdrcmple.o(.text) for __aeabi_cdrcmple
    main.o(i.periodic_thread) refers to utils.o(i.utils_angle_difference) for utils_angle_difference
    main.o(i.periodic_thread) refers to utils.o(i.utils_norm_angle) for utils_norm_angle
    main.o(i.periodic_thread) refers to timeout.o(i.timeout_reset) for timeout_reset
    main.o(i.periodic_thread) refers to mc_interface.o(i.mc_interface_set_current) for mc_interface_set_current
    main.o(i.periodic_thread) refers to mc_interface.o(i.mc_interface_set_pid_pos) for mc_interface_set_pid_pos
    main.o(i.periodic_thread) refers to mc_interface.o(i.mc_interface_set_pid_speed) for mc_interface_set_pid_speed
    main.o(i.periodic_thread) refers to mc_interface.o(i.mc_interface_release_motor) for mc_interface_release_motor
    main.o(i.periodic_thread) refers to mc_interface.o(i.mc_interface_get_state) for mc_interface_get_state
    main.o(i.periodic_thread) refers to ledpwm.o(i.ledpwm_set_intensity) for ledpwm_set_intensity
    main.o(i.periodic_thread) refers to mc_interface.o(i.mc_interface_get_fault) for mc_interface_get_fault
[...]
    0x0800c0fc   0x0800c0fc   0x00000044   Code   RO        11782    .text               mc_w.l(strtok.o)
    0x0800c140   0x0800c140   0x00000038   Code   RO        11846    .text               mc_w.l(__0sscanf.o)
    0x0800c178   0x0800c178   0x0000014c   Code   RO        11848    .text               mc_w.l(_scanf_int.o)
    0x0800c2c4   0x0800c2c4   0x00000360   Code   RO        11850    .text               mc_w.l(scanf_fp.o)
    0x0800c624   0x0800c624   0x000000e4   Code   RO        11854    .text               mf_w.l(dmul.o)
    0x0800c708   0x0800c708   0x0000001a   Code   RO        11856    .text               mf_w.l(dfltui.o)
    0x0800c722   0x0800c722   0x00000026   Code   RO        11858    .text               mf_w.l(f2d.o)
    0x0800c748   0x0800c748   0x00000030   Code   RO        11860    .text               mf_w.l(cdcmple.o)
    0x0800c778   0x0800c778   0x00000030   Code   RO        11862    .text               mf_w.l(cdrcmple.o)
    0x0800c7a8   0x0800c7a8   0x00000038   Code   RO        11864    .text               mf_w.l(d2f.o)
    0x0800c7e0   0x0800c7e0   0x0000002c   Code   RO        11916    .text               mc_w.l(uidiv.o)
    0x0800c80c   0x0800c80c   0x00000062   Code   RO        11918    .text               mc_w.l(uldiv.o)
    0x0800c86e   0x0800c86e   0x0000001c   Code   RO        11929    .text               mc_w.l(_chval.o)
    0x0800c88a   0x0800c88a   0x00000002   PAD
    0x0800c88c   0x0800c88c   0x00000028   Code   RO        11931    .text               mc_w.l(scanf_char.o)
    0x0800c8b4   0x0800c8b4   0x00000040   Code   RO        11933    .text               mc_w.l(_sgetc.o)
    0x0800c8f4   0x0800c8f4   0x00000000   Code   RO        11935    .text               mc_w.l(iusefp.o)
    0x0800c8f4   0x0800c8f4   0x0000006e   Code   RO        11936    .text               mf_w.l(fepilogue.o)
    0x0800c962   0x0800c962   0x00000018   Code   RO        11938    .text               mf_w.l(fscalb.o)
    0x0800c97a   0x0800c97a   0x0000003c   Code   RO        11940    .text               mf_w.l(frnd.o)
    0x0800c9b6   0x0800c9b6   0x00000052   Code   RO        11942    .text               mf_w.l(frem.o)
    0x0800ca08   0x0800ca08   0x000000ba   Code   RO        11944    .text               mf_w.l(depilogue.o)
    0x0800cac2   0x0800cac2   0x0000014e   Code   RO        11946    .text               mf_w.l(dadd.o)
    0x0800cc10   0x0800cc10   0x000000de   Code   RO        11948    .text               mf_w.l(ddiv.o)
    0x0800ccee   0x0800ccee   0x00000018   Code   RO        11950    .text               mf_w.l(dfltul.o)
    0x0800cd06   0x0800cd06   0x00000030   Code   RO        11952    .text               mf_w.l(dfixul.o)
    0x0800cd36   0x0800cd36   0x00000004   Code   RO        11954    .text               mf_w.l(fpstat.o)
    0x0800cd3a   0x0800cd3a   0x0000001e   Code   RO        11959    .text               mc_w.l(llshl.o)
    0x0800cd58   0x0800cd58   0x00000020   Code   RO        11961    .text               mc_w.l(llushr.o)
    0x0800cd78   0x0800cd78   0x00000024   Code   RO        11963    .text               mc_w.l(llsshr.o)
    0x0800cd9c   0x0800cd9c   0x0000000a   Code   RO        11965    .text               mc_w.l(isspace_c.o)
    0x0800cda6   0x0800cda6   0x00000002   PAD
    0x0800cda8   0x0800cda8   0x00000330   Code   RO        11967    .text               mc_w.l(_scanf.o)
    0x0800d0d8   0x0800d0d8   0x00000028   Code   RO        11970    .text               mc_w.l(ctype_c.o)
    0x0800d100   0x0800d100   0x00000056   Code   RO        11981    .text               mc_w.l(__dczerorl2.o)
    0x0800d156   0x0800d156   0x00000008   Code   RO         3139    i.ADC_ClearITPendingBit  stm32f4xx_adc.o
    0x0800d15e   0x0800d15e   0x00000012   Code   RO         3140    i.ADC_Cmd           stm32f4xx_adc.o
    0x0800d170   0x0800d170   0x0000002c   Code   RO         3141    i.ADC_CommonInit    stm32f4xx_adc.o
    0x0800d19c   0x0800d19c   0x00000018   Code   RO         3146    i.ADC_DeInit        stm32f4xx_adc.o
    0x0800d1b4   0x0800d1b4   0x0000000c   Code   RO         3150    i.ADC_ExternalTrigInjectedConvConfig  stm32f4xx_adc.o
    0x0800d1c0   0x0800d1c0   0x0000000c   Code   RO         3151    i.ADC_ExternalTrigInjectedConvEdgeConfig  stm32f4xx_adc.o
    0x0800d1cc   0x0800d1cc   0x00000010   Code   RO         3155    i.ADC_GetInjectedConversionValue  stm32f4xx_adc.o
    0x0800d1dc   0x0800d1dc   0x00000016   Code   RO         3159    i.ADC_ITConfig      stm32f4xx_adc.o
    0x0800d1f2   0x0800d1f2   0x00000002   PAD
    0x0800d1f4   0x0800d1f4   0x00000050   Code   RO         3160    i.ADC_Init          stm32f4xx_adc.o
    0x0800d244   0x0800d244   0x0000005c   Code   RO         3161    i.ADC_InjectedChannelConfig  stm32f4xx_adc.o
    0x0800d2a0   0x0800d2a0   0x00000010   Code   RO         3163    i.ADC_InjectedSequencerLengthConfig  stm32f4xx_adc.o
    0x0800d2b0   0x0800d2b0   0x0000001c   Code   RO         3164    i.ADC_MultiModeDMARequestAfterLastTransferCmd  stm32f4xx_adc.o
    0x0800d2cc   0x0800d2cc   0x00000090   Code   RO         3165    i.ADC_RegularChannelConfig  stm32f4xx_adc.o
    0x0800d35c   0x0800d35c   0x0000001c   Code   RO         3170    i.ADC_TempSensorVrefintCmd  stm32f4xx_adc.o
    0x0800d378   0x0800d378   0x000000c8   Code   RO         2154    i.CAN1_Mode_Init    can_my.o
    0x0800d440   0x0800d440   0x000000ec   Code   RO         5121    i.CAN_FilterInit    stm32f4xx_can.o
    0x0800d52c   0x0800d52c   0x000000f2   Code   RO         5128    i.CAN_Init          stm32f4xx_can.o
    0x0800d61e   0x0800d61e   0x0000001a   Code   RO         5129    i.CAN_MessagePending  stm32f4xx_can.o
    0x0800d638   0x0800d638   0x000000b4   Code   RO         5131    i.CAN_Receive       stm32f4xx_can.o
    0x0800d6ec   0x0800d6ec   0x000000e4   Code   RO         5136    i.CAN_Transmit      stm32f4xx_can.o
    0x0800d7d0   0x0800d7d0   0x00000012   Code   RO         3382    i.DMA_Cmd           stm32f4xx_dma.o
    0x0800d7e2   0x0800d7e2   0x00000002   PAD
    0x0800d7e4   0x0800d7e4   0x00000188   Code   RO         3383    i.DMA_DeInit        stm32f4xx_dma.o
    0x0800d96c   0x0800d96c   0x00000030   Code   RO         3393    i.DMA_ITConfig      stm32f4xx_dma.o
    0x0800d99c   0x0800d99c   0x00000078   Code   RO         3394    i.DMA_Init          stm32f4xx_dma.o
    0x0800da14   0x0800da14   0x0000002a   Code   RO        10361    i.EE_EraseSectorIfNotEmpty  eeprom.o
    0x0800da3e   0x0800da3e   0x00000002   PAD
    0x0800da40   0x0800da40   0x0000003c   Code   RO        10362    i.EE_FindValidPage  eeprom.o
    0x0800da7c   0x0800da7c   0x000002b0   Code   RO        10363    i.EE_Init           eeprom.o
    0x0800dd2c   0x0800dd2c   0x00000050   Code   RO        10364    i.EE_ReadVariable   eeprom.o
    0x0800dd7c   0x0800dd7c   0x00000058   Code   RO        10365    i.EE_VerifyPageFullWriteVariable  eeprom.o
    0x0800ddd4   0x0800ddd4   0x00000108   Code   RO        10366    i.EE_WriteVariable  eeprom.o
    0x0800dedc   0x0800dedc   0x0000000c   Code   RO         3513    i.EXTI_ClearITPendingBit  stm32f4xx_exti.o
    0x0800dee8   0x0800dee8   0x00000014   Code   RO         3517    i.EXTI_GetITStatus  stm32f4xx_exti.o
    0x0800defc   0x0800defc   0x00000090   Code   RO         3518    i.EXTI_Init         stm32f4xx_exti.o
    0x0800df8c   0x0800df8c   0x0000000c   Code   RO         3578    i.FLASH_ClearFlag   stm32f4xx_flash.o
    0x0800df98   0x0800df98   0x0000006c   Code   RO         3584    i.FLASH_EraseSector  stm32f4xx_flash.o
    0x0800e004   0x0800e004   0x00000044   Code   RO         3586    i.FLASH_GetStatus   stm32f4xx_flash.o
    0x0800e048   0x0800e048   0x0000003c   Code   RO         3611    i.FLASH_ProgramByte  stm32f4xx_flash.o
    0x0800e084   0x0800e084   0x00000040   Code   RO         3613    i.FLASH_ProgramHalfWord  stm32f4xx_flash.o
    0x0800e0c4   0x0800e0c4   0x00000028   Code   RO         3616    i.FLASH_Unlock      stm32f4xx_flash.o
    0x0800e0ec   0x0800e0ec   0x0000005c   Code   RO         3617    i.FLASH_WaitForLastOperation  stm32f4xx_flash.o
    0x0800e148   0x0800e148   0x0000009e   Code   RO         5011    i.GPIO_Init         stm32f4xx_gpio.o
    0x0800e1e6   0x0800e1e6   0x00000022   Code   RO         5012    i.GPIO_PinAFConfig  stm32f4xx_gpio.o
    0x0800e208   0x0800e208   0x000000a8   Code   RO         1370    i.Moving_Median     encoder.o
    0x0800e2b0   0x0800e2b0   0x00000018   Code   RO         3836    i.RCC_AHB1PeriphClockCmd  stm32f4xx_rcc.o
    0x0800e2c8   0x0800e2c8   0x00000018   Code   RO         3842    i.RCC_APB1PeriphClockCmd  stm32f4xx_rcc.o
    0x0800e2e0   0x0800e2e0   0x00000018   Code   RO         3844    i.RCC_APB1PeriphResetCmd  stm32f4xx_rcc.o
    0x0800e2f8   0x0800e2f8   0x00000018   Code   RO         3845    i.RCC_APB2PeriphClockCmd  stm32f4xx_rcc.o
    0x0800e310   0x0800e310   0x00000018   Code   RO         3847    i.RCC_APB2PeriphResetCmd  stm32f4xx_rcc.o
    0x0800e328   0x0800e328   0x00000020   Code   RO         8386    i.SVC_Handler       chcore_v7m.o
    0x0800e348   0x0800e348   0x0000002e   Code   RO         4105    i.SYSCFG_EXTILineConfig  stm32f4xx_syscfg.o
    0x0800e376   0x0800e376   0x0000001a   Code   RO         9478    i.SysTick_Handler   st_lld.o
    0x0800e390   0x0800e390   0x00000014   Code   RO         4164    i.TIM_ARRPreloadConfig  stm32f4xx_tim.o
    0x0800e3a4   0x0800e3a4   0x00000022   Code   RO         4165    i.TIM_BDTRConfig    stm32f4xx_tim.o
    0x0800e3c6   0x0800e3c6   0x00000014   Code   RO         4167    i.TIM_CCPreloadControl  stm32f4xx_tim.o
    0x0800e3da   0x0800e3da   0x00000020   Code   RO         4168    i.TIM_CCxCmd        stm32f4xx_tim.o
    0x0800e3fa   0x0800e3fa   0x00000020   Code   RO         4169    i.TIM_CCxNCmd       stm32f4xx_tim.o
    0x0800e41a   0x0800e41a   0x00000008   Code   RO         4171    i.TIM_ClearITPendingBit  stm32f4xx_tim.o
    0x0800e422   0x0800e422   0x00000014   Code   RO         4176    i.TIM_Cmd           stm32f4xx_tim.o
    0x0800e436   0x0800e436   0x00000012   Code   RO         4178    i.TIM_CtrlPWMOutputs  stm32f4xx_tim.o
    0x0800e448   0x0800e448   0x000001b4   Code   RO         4181    i.TIM_DeInit        stm32f4xx_tim.o
    0x0800e5fc   0x0800e5fc   0x0000004a   Code   RO         4185    i.TIM_EncoderInterfaceConfig  stm32f4xx_tim.o
    0x0800e646   0x0800e646   0x00000004   Code   RO         4190    i.TIM_GenerateEvent  stm32f4xx_tim.o
    0x0800e64a   0x0800e64a   0x00000016   Code   RO         4197    i.TIM_GetITStatus   stm32f4xx_tim.o
    0x0800e660   0x0800e660   0x00000012   Code   RO         4201    i.TIM_ITConfig      stm32f4xx_tim.o
    0x0800e672   0x0800e672   0x00000072   Code   RO         4205    i.TIM_OC1Init       stm32f4xx_tim.o
    0x0800e6e4   0x0800e6e4   0x0000000e   Code   RO         4208    i.TIM_OC1PreloadConfig  stm32f4xx_tim.o
    0x0800e6f2   0x0800e6f2   0x00000090   Code   RO         4210    i.TIM_OC2Init       stm32f4xx_tim.o
    0x0800e782   0x0800e782   0x00000016   Code   RO         4213    i.TIM_OC2PreloadConfig  stm32f4xx_tim.o
    0x0800e798   0x0800e798   0x0000008e   Code   RO         4215    i.TIM_OC3Init       stm32f4xx_tim.o
    0x0800e826   0x0800e826   0x0000000e   Code   RO         4218    i.TIM_OC3PreloadConfig  stm32f4xx_tim.o
    0x0800e834   0x0800e834   0x00000072   Code   RO         4220    i.TIM_OC4Init       stm32f4xx_tim.o
    0x0800e8a6   0x0800e8a6   0x00000016   Code   RO         4222    i.TIM_OC4PreloadConfig  stm32f4xx_tim.o
    0x0800e8bc   0x0800e8bc   0x0000000e   Code   RO         4230    i.TIM_SelectInputTrigger  stm32f4xx_tim.o
    0x0800e8ca   0x0800e8ca   0x00000012   Code   RO         4231    i.TIM_SelectMasterSlaveMode  stm32f4xx_tim.o
    0x0800e8dc   0x0800e8dc   0x0000006e   Code   RO         4232    i.TIM_SelectOCxM    stm32f4xx_tim.o
    0x0800e94a   0x0800e94a   0x00000012   Code   RO         4234    i.TIM_SelectOutputTrigger  stm32f4xx_tim.o
    0x0800e95c   0x0800e95c   0x00000012   Code   RO         4235    i.TIM_SelectSlaveMode  stm32f4xx_tim.o
    0x0800e96e   0x0800e96e   0x00000004   Code   RO         4236    i.TIM_SetAutoreload  stm32f4xx_tim.o
    0x0800e972   0x0800e972   0x00000002   PAD
    0x0800e974   0x0800e974   0x00000084   Code   RO         4248    i.TIM_TimeBaseInit  stm32f4xx_tim.o
    0x0800e9f8   0x0800e9f8   0x00000030   Code   RO         8567    i.Vector120         stm32_dma.o
    0x0800ea28   0x0800ea28   0x00000034   Code   RO         8568    i.Vector124         stm32_dma.o
    0x0800ea5c   0x0800ea5c   0x00000034   Code   RO         8569    i.Vector128         stm32_dma.o
    0x0800ea90   0x0800ea90   0x00000034   Code   RO         8570    i.Vector12C         stm32_dma.o
    0x0800eac4   0x0800eac4   0x00000030   Code   RO         8571    i.Vector130         stm32_dma.o
    0x0800eaf4   0x0800eaf4   0x000000f4   Code   RO         9047    i.Vector14C         usb_lld.o
    0x0800ebe8   0x0800ebe8   0x00000034   Code   RO         8572    i.Vector150         stm32_dma.o
    0x0800ec1c   0x0800ec1c   0x00000034   Code   RO         8573    i.Vector154         stm32_dma.o
    0x0800ec50   0x0800ec50   0x00000034   Code   RO         8574    i.Vector158         stm32_dma.o
    0x0800ec84   0x0800ec84   0x0000008c   Code   RO         9529    i.Vector15C         uart_lld.o
    0x0800ed10   0x0800ed10   0x00000028   Code   RO         8575    i.Vector6C          stm32_dma.o
    0x0800ed38   0x0800ed38   0x0000002c   Code   RO         8576    i.Vector70          stm32_dma.o
    0x0800ed64   0x0800ed64   0x0000002c   Code   RO         8577    i.Vector74          stm32_dma.o
    0x0800ed90   0x0800ed90   0x0000002c   Code   RO         8578    i.Vector78          stm32_dma.o
    0x0800edbc   0x0800edbc   0x00000028   Code   RO         8579    i.Vector7C          stm32_dma.o
    0x0800ede4   0x0800ede4   0x0000002c   Code   RO         8580    i.Vector80          stm32_dma.o
    0x0800ee10   0x0800ee10   0x0000002c   Code   RO         8581    i.Vector84          stm32_dma.o
    0x0800ee3c   0x0800ee3c   0x0000001c   Code   RO        10635    i.Vector88          irq_handlers.o
    0x0800ee58   0x0800ee58   0x0000003c   Code   RO         8721    i.Vector8C          can_lld.o
    0x0800ee94   0x0800ee94   0x00000064   Code   RO         8722    i.Vector90          can_lld.o
    0x0800eef8   0x0800eef8   0x00000064   Code   RO         8723    i.Vector94          can_lld.o
    0x0800ef5c   0x0800ef5c   0x0000007c   Code   RO         8724    i.Vector98          can_lld.o
    0x0800efd8   0x0800efd8   0x00000020   Code   RO        10636    i.Vector9C          irq_handlers.o
    0x0800eff8   0x0800eff8   0x00000028   Code   RO        10637    i.VectorB4          irq_handlers.o
    0x0800f020   0x0800f020   0x00000098   Code   RO         9374    i.VectorB8          icu_lld.o
    0x0800f0b8   0x0800f0b8   0x000000fc   Code   RO         8962    i.VectorC4          i2c_lld.o
    0x0800f1b4   0x0800f1b4   0x00000104   Code   RO         8963    i.VectorC8          i2c_lld.o
    0x0800f2b8   0x0800f2b8   0x00000028   Code   RO        10638    i.VectorF8          irq_handlers.o
    0x0800f2e0   0x0800f2e0   0x0000002c   Code   RO         8582    i.VectorFC          stm32_dma.o
    0x0800f30c   0x0800f30c   0x00000018   Code   RO         4714    i.WWDG_DeInit       stm32f4xx_wwdg.o
    0x0800f324   0x0800f324   0x00000010   Code   RO         4715    i.WWDG_Enable       stm32f4xx_wwdg.o
    0x0800f334   0x0800f334   0x00000010   Code   RO         4718    i.WWDG_SetCounter   stm32f4xx_wwdg.o
    0x0800f344   0x0800f344   0x00000014   Code   RO         4719    i.WWDG_SetPrescaler  stm32f4xx_wwdg.o
    0x0800f358   0x0800f358   0x0000001c   Code   RO         4720    i.WWDG_SetWindowValue  stm32f4xx_wwdg.o
    0x0800f374   0x0800f374   0x00000034   Code   RO        11796    i.__0vsnprintf      mc_w.l(printfa.o)
    0x0800f3a8   0x0800f3a8   0x00000026   Code   RO        11866    i.__ARM_fpclassifyf  m_wm.l(fpclassifyf.o)
    0x0800f3ce   0x0800f3ce   0x00000004   Code   RO         2238    i.__early_init      board.o
    0x0800f3d2   0x0800f3d2   0x00000002   PAD
    0x0800f3d4   0x0800f3d4   0x0000012c   Code   RO        11639    i.__hardfp_asinf    m_wm.l(asinf.o)
    0x0800f500   0x0800f500   0x000002ac   Code   RO        11651    i.__hardfp_atan2f   m_wm.l(atan2f.o)
    0x0800f7ac   0x0800f7ac   0x00000150   Code   RO        11663    i.__hardfp_cosf     m_wm.l(cosf.o)
    0x0800f8fc   0x0800f8fc   0x000001e8   Code   RO        11675    i.__hardfp_expf     m_wm.l(expf.o)
    0x0800fae4   0x0800fae4   0x00000070   Code   RO        11689    i.__hardfp_floorf   m_wm.l(floorf.o)
    0x0800fb54   0x0800fb54   0x000000b0   Code   RO        11695    i.__hardfp_fmodf    m_wm.l(fmodf.o)
    0x0800fc04   0x0800fc04   0x00000054   Code   RO        11707    i.__hardfp_frexpf   m_wm.l(frexpf.o)
    0x0800fc58   0x0800fc58   0x0000008e   Code   RO        11713    i.__hardfp_ldexpf   m_wm.l(ldexpf.o)
    0x0800fce6   0x0800fce6   0x00000002   PAD
    0x0800fce8   0x0800fce8   0x0000016c   Code   RO        11725    i.__hardfp_logf     m_wm.l(logf.o)
    0x0800fe54   0x0800fe54   0x00000664   Code   RO        11739    i.__hardfp_powf     m_wm.l(powf.o)
    0x080104b8   0x080104b8   0x0000009a   Code   RO        11765    i.__hardfp_roundf   m_wm.l(roundf.o)
    0x08010552   0x08010552   0x00000002   PAD
    0x08010554   0x08010554   0x00000014   Code   RO        11868    i.__mathlib_flt_divzero  m_wm.l(funder.o)
    0x08010568   0x08010568   0x00000006   Code   RO        11869    i.__mathlib_flt_infnan  m_wm.l(funder.o)
    0x0801056e   0x0801056e   0x00000006   Code   RO        11870    i.__mathlib_flt_infnan2  m_wm.l(funder.o)
    0x08010574   0x08010574   0x00000010   Code   RO        11871    i.__mathlib_flt_invalid  m_wm.l(funder.o)
    0x08010584   0x08010584   0x00000010   Code   RO        11872    i.__mathlib_flt_overflow  m_wm.l(funder.o)
    0x08010594   0x08010594   0x00000010   Code   RO        11874    i.__mathlib_flt_underflow  m_wm.l(funder.o)
    0x080105a4   0x080105a4   0x00000154   Code   RO        11882    i.__mathlib_rredf2  m_wm.l(rredf.o)
    0x080106f8   0x080106f8   0x0000000c   Code   RO        11924    i.__set_errno       mc_w.l(errno.o)
    0x08010704   0x08010704   0x00000020   Code   RO         7187    i._core_init        chmemcore.o
    0x08010724   0x08010724   0x00000184   Code   RO        11798    i._fp_digits        mc_w.l(printfa.o)
    0x080108a8   0x080108a8   0x00000020   Code   RO         6992    i._heap_init        chheap.o
    0x080108c8   0x080108c8   0x00000002   Code   RO         7908    i._idle_thread      chsys.o
    0x080108ca   0x080108ca   0x0000000e   Code   RO        11852    i._is_digit         mc_w.l(scanf_fp.o)
    0x080108d8   0x080108d8   0x000000a0   Code   RO         8927    i._pal_lld_init     pal_lld.o
    0x08010978   0x08010978   0x00000096   Code   RO         8928    i._pal_lld_setgroupmode  pal_lld.o
    0x08010a0e   0x08010a0e   0x00000002   PAD
    0x08010a10   0x08010a10   0x00000058   Code   RO         8387    i._port_irq_epilogue  chcore_v7m.o
    0x08010a68   0x08010a68   0x000006b4   Code   RO        11799    i._printf_core      mc_w.l(printfa.o)
    0x0801111c   0x0801111c   0x00000024   Code   RO        11800    i._printf_post_padding  mc_w.l(printfa.o)
    0x08011140   0x08011140   0x0000002e   Code   RO        11801    i._printf_pre_padding  mc_w.l(printfa.o)
    0x0801116e   0x0801116e   0x00000002   PAD
    0x08011170   0x08011170   0x00000014   Code   RO         7622    i._scheduler_init   chschd.o
    0x08011184   0x08011184   0x00000016   Code   RO        11802    i._snputc           mc_w.l(printfa.o)
    0x0801119a   0x0801119a   0x00000002   PAD
    0x0801119c   0x0801119c   0x0000003c   Code   RO         8043    i._thread_init      chthreads.o
    0x080111d8   0x080111d8   0x00000030   Code   RO         8243    i._tm_init          chtm.o
    0x08011208   0x08011208   0x000000cc   Code   RO         6508    i._usb_ep0in        usb.o
    0x080112d4   0x080112d4   0x00000082   Code   RO         6509    i._usb_ep0out       usb.o
    0x08011356   0x08011356   0x0000013c   Code   RO         6510    i._usb_ep0setup     usb.o
    0x08011492   0x08011492   0x0000002a   Code   RO         6511    i._usb_reset        usb.o
    0x080114bc   0x080114bc   0x0000001c   Code   RO         8344    i._vt_init          chvt.o
    0x080114d8   0x080114d8   0x000008e0   Code   RO         1609    i.adc_thread        app_adc.o
    0x08011db8   0x08011db8   0x000000b0   Code   RO         1610    i.app_adc_configure  app_adc.o
    0x08011e68   0x08011e68   0x0000000c   Code   RO         1611    i.app_adc_get_decoded_level  app_adc.o
    0x08011e74   0x08011e74   0x0000000c   Code   RO         1612    i.app_adc_get_decoded_level2  app_adc.o
    0x08011e80   0x08011e80   0x0000000c   Code   RO         1613    i.app_adc_get_voltage  app_adc.o
    0x08011e8c   0x08011e8c   0x0000000c   Code   RO         1614    i.app_adc_get_voltage2  app_adc.o
    0x08011e98   0x08011e98   0x00000028   Code   RO         1615    i.app_adc_start     app_adc.o
    0x08011ec0   0x08011ec0   0x00000024   Code   RO         1616    i.app_adc_stop      app_adc.o
    0x08011ee4   0x08011ee4   0x00000008   Code   RO         1466    i.app_get_configuration  app.o
    0x08011eec   0x08011eec   0x0000009c   Code   RO         1694    i.app_nunchuk_configure  app_nunchuk.o
    0x08011f88   0x08011f88   0x0000002c   Code   RO         1695    i.app_nunchuk_get_decoded_chuk  app_nunchuk.o
    0x08011fb4   0x08011fb4   0x00000034   Code   RO         1696    i.app_nunchuk_start  app_nunchuk.o
    0x08011fe8   0x08011fe8   0x0000002c   Code   RO         1697    i.app_nunchuk_stop  app_nunchuk.o
    0x08012014   0x08012014   0x00000070   Code   RO         1698    i.app_nunchuk_update_output  app_nunchuk.o
    0x08012084   0x08012084   0x00000098   Code   RO         1856    i.app_ppm_configure  app_ppm.o
    0x0801211c   0x0801211c   0x0000000c   Code   RO         1857    i.app_ppm_get_decoded_level  app_ppm.o
    0x08012128   0x08012128   0x00000060   Code   RO         1858    i.app_ppm_start     app_ppm.o
    0x08012188   0x08012188   0x00000034   Code   RO         1859    i.app_ppm_stop      app_ppm.o
    0x080121bc   0x080121bc   0x000000b4   Code   RO         1467    i.app_set_configuration  app.o
    0x08012270   0x08012270   0x00000020   Code   RO         2020    i.app_uartcomm_configure  app_uartcomm.o
    0x08012290   0x08012290   0x00000054   Code   RO         2021    i.app_uartcomm_start  app_uartcomm.o
    0x080122e4   0x080122e4   0x0000002c   Code   RO         2022    i.app_uartcomm_stop  app_uartcomm.o
    0x08012310   0x08012310   0x00000078   Code   RO         9744    i.arm_cos_f32       arm_cos_f32.o
    0x08012388   0x08012388   0x00000074   Code   RO         9716    i.arm_sin_f32       arm_sin_f32.o
    0x080123fc   0x080123fc   0x00000002   Code   RO         2239    i.boardInit         board.o
    0x080123fe   0x080123fe   0x0000002c   Code   RO         9765    i.buffer_append_float16  buffer.o
    0x0801242a   0x0801242a   0x00000048   Code   RO         9766    i.buffer_append_float32  buffer.o
    0x08012472   0x08012472   0x00000002   PAD
    0x08012474   0x08012474   0x0000008c   Code   RO         9767    i.buffer_append_float32_auto  buffer.o
    0x08012500   0x08012500   0x0000003c   Code   RO         9769    i.buffer_append_int32  buffer.o
    0x0801253c   0x0801253c   0x00000020   Code   RO         9770    i.buffer_append_uint16  buffer.o
    0x0801255c   0x0801255c   0x0000003c   Code   RO         9771    i.buffer_append_uint32  buffer.o
    0x08012598   0x08012598   0x00000032   Code   RO         9773    i.buffer_get_float32  buffer.o
    0x080125ca   0x080125ca   0x00000002   PAD
    0x080125cc   0x080125cc   0x00000060   Code   RO         9774    i.buffer_get_float32_auto  buffer.o
    0x0801262c   0x0801262c   0x00000010   Code   RO         9775    i.buffer_get_int16  buffer.o
    0x0801263c   0x0801263c   0x00000022   Code   RO         9776    i.buffer_get_int32  buffer.o
    0x0801265e   0x0801265e   0x0000000e   Code   RO         9777    i.buffer_get_uint16  buffer.o
    0x0801266c   0x0801266c   0x00000022   Code   RO         9778    i.buffer_get_uint32  buffer.o
    0x0801268e   0x0801268e   0x00000004   Code   RO         5329    i.canInit           can.o
    0x08012692   0x08012692   0x0000002c   Code   RO         5330    i.canObjectInit     can.o
    0x080126be   0x080126be   0x00000002   PAD
    0x080126c0   0x080126c0   0x00000024   Code   RO         8726    i.can_lld_init      can_lld.o
    0x080126e4   0x080126e4   0x00000160   Code   RO         8730    i.can_lld_set_filters  can_lld.o
    0x08012844   0x08012844   0x000000ec   Code   RO         2157    i.can_my_tread      can_my.o
    0x08012930   0x08012930   0x0000002c   Code   RO         7188    i.chCoreAlloc       chmemcore.o
    0x0801295c   0x0801295c   0x00000010   Code   RO         7190    i.chCoreGetStatusX  chmemcore.o
    0x0801296c   0x0801296c   0x00000056   Code   RO         6868    i.chEvtBroadcastFlagsI  chevents.o
    0x080129c2   0x080129c2   0x0000003a   Code   RO         6874    i.chEvtSignal       chevents.o
    0x080129fc   0x080129fc   0x00000028   Code   RO         6875    i.chEvtSignalI      chevents.o
    0x08012a24   0x08012a24   0x00000034   Code   RO         6879    i.chEvtWaitAny      chevents.o
    0x08012a58   0x08012a58   0x0000006e   Code   RO         6994    i.chHeapFree        chheap.o
    0x08012ac6   0x08012ac6   0x00000002   PAD
    0x08012ac8   0x08012ac8   0x00000040   Code   RO         6996    i.chHeapStatus      chheap.o
    0x08012b08   0x08012b08   0x00000054   Code   RO         7497    i.chIQGetTimeout    chqueues.o
    0x08012b5c   0x08012b5c   0x00000020   Code   RO         7498    i.chIQObjectInit    chqueues.o
    0x08012b7c   0x08012b7c   0x00000076   Code   RO         7500    i.chIQReadTimeout   chqueues.o
    0x08012bf2   0x08012bf2   0x00000010   Code   RO         7501    i.chIQResetI        chqueues.o
    0x08012c02   0x08012c02   0x00000014   Code   RO         7378    i.chMtxLock         chmtx.o
    0x08012c16   0x08012c16   0x00000002   PAD
    0x08012c18   0x08012c18   0x000000d0   Code   RO         7379    i.chMtxLockS        chmtx.o
    0x08012ce8   0x08012ce8   0x0000000a   Code   RO         7380    i.chMtxObjectInit   chmtx.o
    0x08012cf2   0x08012cf2   0x00000002   PAD
    0x08012cf4   0x08012cf4   0x00000064   Code   RO         7383    i.chMtxUnlock       chmtx.o
    0x08012d58   0x08012d58   0x0000001a   Code   RO         7503    i.chOQObjectInit    chqueues.o
    0x08012d72   0x08012d72   0x0000005e   Code   RO         7504    i.chOQPutTimeout    chqueues.o
    0x08012dd0   0x08012dd0   0x00000014   Code   RO         7505    i.chOQResetI        chqueues.o
    0x08012de4   0x08012de4   0x00000076   Code   RO         7506    i.chOQWriteTimeout  chqueues.o
    0x08012e5a   0x08012e5a   0x00000014   Code   RO         7234    i.chPoolFree        chmempools.o
    0x08012e6e   0x08012e6e   0x00000002   PAD
    0x08012e70   0x08012e70   0x0000001c   Code   RO         7584    i.chRegFirstThread  chregistry.o
    0x08012e8c   0x08012e8c   0x0000002c   Code   RO         7585    i.chRegNextThread   chregistry.o
    0x08012eb8   0x08012eb8   0x00000014   Code   RO         7623    i.chSchDoReschedule  chschd.o
    0x08012ecc   0x08012ecc   0x00000040   Code   RO         7624    i.chSchDoRescheduleAhead  chschd.o
    0x08012f0c   0x08012f0c   0x00000044   Code   RO         7625    i.chSchDoRescheduleBehind  chschd.o
    0x08012f50   0x08012f50   0x0000002c   Code   RO         7626    i.chSchGoSleepS     chschd.o
    0x08012f7c   0x08012f7c   0x00000074   Code   RO         7627    i.chSchGoSleepTimeoutS  chschd.o
    0x08012ff0   0x08012ff0   0x00000024   Code   RO         7628    i.chSchIsPreemptionRequired  chschd.o
    0x08013014   0x08013014   0x00000020   Code   RO         7629    i.chSchReadyI       chschd.o
    0x08013034   0x08013034   0x00000018   Code   RO         7630    i.chSchRescheduleS  chschd.o
    0x0801304c   0x0801304c   0x00000048   Code   RO         7631    i.chSchWakeupS      chschd.o
    0x08013094   0x08013094   0x0000000c   Code   RO         7910    i.chSysHalt         chsys.o
    0x080130a0   0x080130a0   0x000000b4   Code   RO         7911    i.chSysInit         chsys.o
    0x08013154   0x08013154   0x00000018   Code   RO         7914    i.chSysPolledDelayX  chsys.o
    0x0801316c   0x0801316c   0x0000006c   Code   RO         7916    i.chSysTimerHandlerI  chsys.o
    0x080131d8   0x080131d8   0x0000000c   Code   RO         8246    i.chTMStartMeasurementX  chtm.o
    0x080131e4   0x080131e4   0x00000040   Code   RO         8247    i.chTMStopMeasurementX  chtm.o
    0x08013224   0x08013224   0x00000060   Code   RO         8044    i.chThdCreateI      chthreads.o
    0x08013284   0x08013284   0x00000026   Code   RO         8045    i.chThdCreateStatic  chthreads.o
    0x080132aa   0x080132aa   0x00000024   Code   RO         8046    i.chThdDequeueAllI  chthreads.o
    0x080132ce   0x080132ce   0x00000002   PAD
    0x080132d0   0x080132d0   0x00000024   Code   RO         8048    i.chThdEnqueueTimeoutS  chthreads.o
    0x080132f4   0x080132f4   0x00000050   Code   RO         8049    i.chThdExit         chthreads.o
    0x08013344   0x08013344   0x00000056   Code   RO         6823    i.chThdRelease      chdynamic.o
    0x0801339a   0x0801339a   0x00000014   Code   RO         8052    i.chThdResumeI      chthreads.o
    0x080133ae   0x080133ae   0x00000018   Code   RO         8055    i.chThdSleep        chthreads.o
    0x080133c6   0x080133c6   0x00000002   PAD
    0x080133c8   0x080133c8   0x0000001c   Code   RO         8059    i.chThdSuspendS     chthreads.o
    0x080133e4   0x080133e4   0x0000001c   Code   RO         8060    i.chThdSuspendTimeoutS  chthreads.o
    0x08013400   0x08013400   0x00000028   Code   RO         8345    i.chVTDoResetI      chvt.o
    0x08013428   0x08013428   0x0000003c   Code   RO         8346    i.chVTDoSetI        chvt.o
    0x08013464   0x08013464   0x0000021c   Code   RO         1699    i.chuk_thread       app_nunchuk.o
    0x08013680   0x08013680   0x00000018   Code   RO         9857    i.comm_can_get_status_msg_index  comm_can.o
    0x08013698   0x08013698   0x000000be   Code   RO         9859    i.comm_can_send_buffer  comm_can.o
    0x08013756   0x08013756   0x00000002   PAD
    0x08013758   0x08013758   0x00000028   Code   RO         9861    i.comm_can_set_current  comm_can.o
    0x08013780   0x08013780   0x00000028   Code   RO         9862    i.comm_can_set_current_brake  comm_can.o
    0x080137a8   0x080137a8   0x0000001c   Code   RO         9863    i.comm_can_set_current_brake_rel  comm_can.o
    0x080137c4   0x080137c4   0x0000001c   Code   RO         9864    i.comm_can_set_current_rel  comm_can.o
    0x080137e0   0x080137e0   0x00000028   Code   RO         9865    i.comm_can_set_duty  comm_can.o
    0x08013808   0x08013808   0x00000058   Code   RO        10056    i.comm_usb_init     comm_usb.o
    0x08013860   0x08013860   0x00000068   Code   RO        10115    i.comm_usb_serial_init  comm_usb_serial.o
    0x080138c8   0x080138c8   0x0000000c   Code   RO        10168    i.commands_get_disp_pos_mode  commands.o
    0x080138d4   0x080138d4   0x00000020   Code   RO        10169    i.commands_init     commands.o
    0x080138f4   0x080138f4   0x00000038   Code   RO        10170    i.commands_printf   commands.o
    0x0801392c   0x0801392c   0x00002d48   Code   RO        10171    i.commands_process_packet  commands.o
    0x08016674   0x08016674   0x000002d4   Code   RO        10173    i.commands_send_appconf  commands.o
    0x08016948   0x08016948   0x00000010   Code   RO        10175    i.commands_send_packet  commands.o
    0x08016958   0x08016958   0x00000038   Code   RO        10176    i.commands_send_rotor_pos  commands.o
    0x08016990   0x08016990   0x0000000c   Code   RO        10178    i.commands_set_send_func  commands.o
    0x0801699c   0x0801699c   0x000000e4   Code   RO        10801    i.commutate         mcpwm.o
    0x08016a80   0x08016a80   0x000006cc   Code   RO        10273    i.conf_general_detect_motor_param  conf_general.o
    0x0801714c   0x0801714c   0x00000164   Code   RO        10274    i.conf_general_get_default_app_configuration  conf_general.o
    0x080172b0   0x080172b0   0x0000038c   Code   RO        10275    i.conf_general_get_default_mc_configuration  conf_general.o
    0x0801763c   0x0801763c   0x0000004c   Code   RO        10276    i.conf_general_init  conf_general.o
    0x08017688   0x08017688   0x00000688   Code   RO        10277    i.conf_general_measure_flux_linkage  conf_general.o
    0x08017d10   0x08017d10   0x00000040   Code   RO        10278    i.conf_general_read_app_configuration  conf_general.o
    0x08017d50   0x08017d50   0x00000040   Code   RO        10279    i.conf_general_read_mc_configuration  conf_general.o
    0x08017d90   0x08017d90   0x0000006a   Code   RO        10280    i.conf_general_store_app_configuration  conf_general.o
    0x08017dfa   0x08017dfa   0x0000006a   Code   RO        10281    i.conf_general_store_mc_configuration  conf_general.o
    0x08017e64   0x08017e64   0x00000698   Code   RO          980    i.control_current   mcpwm_foc.o
    0x080184fc   0x080184fc   0x00000064   Code   RO          981    i.correct_encoder   mcpwm_foc.o
    0x08018560   0x08018560   0x000001ec   Code   RO          982    i.correct_hall      mcpwm_foc.o
    0x0801874c   0x0801874c   0x00000034   Code   RO        10430    i.crc16             crc.o
    0x08018780   0x08018780   0x00000148   Code   RO         2158    i.data_can_anal     can_my.o
    0x080188c8   0x080188c8   0x000000c8   Code   RO         2159    i.data_can_per      can_my.o
    0x08018990   0x08018990   0x00000208   Code   RO         6512    i.default_handler   usb.o
    0x08018b98   0x08018b98   0x000000d0   Code   RO        10179    i.detect_thread     commands.o
    0x08018c68   0x08018c68   0x0000004c   Code   RO         8583    i.dmaInit           stm32_dma.o
    0x08018cb4   0x08018cb4   0x000000bc   Code   RO         8584    i.dmaStreamAllocate  stm32_dma.o
    0x08018d70   0x08018d70   0x00000044   Code   RO         8585    i.dmaStreamRelease  stm32_dma.o
    0x08018db4   0x08018db4   0x00000174   Code   RO         2442    i.drv8301_faults_to_string  drv8301.o
    0x08018f28   0x08018f28   0x000001f8   Code   RO         2443    i.drv8301_init      drv8301.o
    0x08019120   0x08019120   0x0000001a   Code   RO         2444    i.drv8301_read_faults  drv8301.o
    0x0801913a   0x0801913a   0x00000002   PAD
    0x0801913c   0x0801913c   0x0000003c   Code   RO         2445    i.drv8301_read_reg  drv8301.o
    0x08019178   0x08019178   0x00000020   Code   RO         2447    i.drv8301_set_oc_adj  drv8301.o
    0x08019198   0x08019198   0x00000022   Code   RO         2448    i.drv8301_set_oc_mode  drv8301.o
    0x080191ba   0x080191ba   0x00000002   PAD
    0x080191bc   0x080191bc   0x0000002c   Code   RO         2449    i.drv8301_write_reg  drv8301.o
    0x080191e8   0x080191e8   0x0000006c   Code   RO         1371    i.encoder_deinit    encoder.o
    0x08019254   0x08019254   0x0000000c   Code   RO         1372    i.encoder_index_found  encoder.o
    0x08019260   0x08019260   0x000000b4   Code   RO         1373    i.encoder_init_abi  encoder.o
    0x08019314   0x08019314   0x00000084   Code   RO         1374    i.encoder_init_as5047p_spi  encoder.o
    0x08019398   0x08019398   0x00000010   Code   RO         1375    i.encoder_is_configured  encoder.o
    0x080193a8   0x080193a8   0x00000054   Code   RO         1376    i.encoder_read_deg  encoder.o
    0x080193fc   0x080193fc   0x00000074   Code   RO         1377    i.encoder_read_deg_flt  encoder.o
    0x08019470   0x08019470   0x00000070   Code   RO         1378    i.encoder_reset     encoder.o
    0x080194e0   0x080194e0   0x00000024   Code   RO         1379    i.encoder_set_counts  encoder.o
    0x08019504   0x08019504   0x000000e4   Code   RO         1380    i.encoder_tim_isr   encoder.o
    0x080195e8   0x080195e8   0x00000020   Code   RO        10445    i.filter_add_sample  digital_filter.o
    0x08019608   0x08019608   0x000000d8   Code   RO        10446    i.filter_create_fir_lowpass  digital_filter.o
    0x080196e0   0x080196e0   0x000001a4   Code   RO        10448    i.filter_fft        digital_filter.o
    0x08019884   0x08019884   0x000000e0   Code   RO        10450    i.filter_hamming    digital_filter.o
    0x08019964   0x08019964   0x0000004c   Code   RO        10451    i.filter_run_fir_iteration  digital_filter.o
    0x080199b0   0x080199b0   0x00000074   Code   RO        10501    i.flash_helper_erase_new_app  flash_helper.o
    0x08019a24   0x08019a24   0x0000002c   Code   RO        10502    i.flash_helper_get_sector_address  flash_helper.o
    0x08019a50   0x08019a50   0x00000088   Code   RO        10503    i.flash_helper_jump_to_bootloader  flash_helper.o
    0x08019ad8   0x08019ad8   0x0000005e   Code   RO        10504    i.flash_helper_write_new_app_data  flash_helper.o
    0x08019b36   0x08019b36   0x00000002   PAD
    0x08019b38   0x08019b38   0x00000050   Code   RO        11818    i.free              mc_w.l(malloc.o)
    0x08019b88   0x08019b88   0x0000008c   Code   RO        10802    i.full_brake_ll     mcpwm.o
    0x08019c14   0x08019c14   0x0000000a   Code   RO         6043    i.get               serial_usb.o
    0x08019c1e   0x08019c1e   0x00000002   PAD
    0x08019c20   0x08019c20   0x00000030   Code   RO        10117    i.get_descriptor    comm_usb_serial.o
    0x08019c50   0x08019c50   0x00000006   Code   RO         6044    i.gett              serial_usb.o
    0x08019c56   0x08019c56   0x00000002   PAD
    0x08019c58   0x08019c58   0x00000038   Code   RO         5537    i.halInit           hal.o
    0x08019c90   0x08019c90   0x00000074   Code   RO         8531    i.hal_lld_init      hal_lld.o
    0x08019d04   0x08019d04   0x00000150   Code   RO         2382    i.hw_init_gpio      hw_60.o
    0x08019e54   0x08019e54   0x00000138   Code   RO         2383    i.hw_setup_adc_channels  hw_60.o
    0x08019f8c   0x08019f8c   0x00000050   Code   RO         2384    i.hw_start_i2c      hw_60.o
    0x08019fdc   0x08019fdc   0x00000048   Code   RO         2385    i.hw_stop_i2c       hw_60.o
    0x0801a024   0x0801a024   0x000000c8   Code   RO         2386    i.hw_try_restore_i2c  hw_60.o
    0x0801a0ec   0x0801a0ec   0x00000006   Code   RO         5600    i.i2cAcquireBus     i2c.o
    0x0801a0f2   0x0801a0f2   0x00000004   Code   RO         5602    i.i2cInit           i2c.o
    0x0801a0f6   0x0801a0f6   0x00000034   Code   RO         5603    i.i2cMasterReceiveTimeout  i2c.o
    0x0801a12a   0x0801a12a   0x0000003e   Code   RO         5604    i.i2cMasterTransmitTimeout  i2c.o
    0x0801a168   0x0801a168   0x00000010   Code   RO         5605    i.i2cObjectInit     i2c.o
    0x0801a178   0x0801a178   0x00000006   Code   RO         5606    i.i2cReleaseBus     i2c.o
    0x0801a17e   0x0801a17e   0x0000001e   Code   RO         5607    i.i2cStart          i2c.o
    0x0801a19c   0x0801a19c   0x0000001a   Code   RO         5608    i.i2cStop           i2c.o
    0x0801a1b6   0x0801a1b6   0x00000002   PAD
    0x0801a1b8   0x0801a1b8   0x00000028   Code   RO         8964    i.i2c_lld_init      i2c_lld.o
    0x0801a1e0   0x0801a1e0   0x0000008c   Code   RO         8965    i.i2c_lld_master_receive_timeout  i2c_lld.o
    0x0801a26c   0x0801a26c   0x000000b4   Code   RO         8966    i.i2c_lld_master_transmit_timeout  i2c_lld.o
    0x0801a320   0x0801a320   0x00000074   Code   RO         8967    i.i2c_lld_serve_rx_end_irq  i2c_lld.o
    0x0801a394   0x0801a394   0x0000004c   Code   RO         8968    i.i2c_lld_serve_tx_end_irq  i2c_lld.o
    0x0801a3e0   0x0801a3e0   0x00000168   Code   RO         8969    i.i2c_lld_start     i2c_lld.o
    0x0801a548   0x0801a548   0x00000098   Code   RO         8970    i.i2c_lld_stop      i2c_lld.o
    0x0801a5e0   0x0801a5e0   0x00000014   Code   RO         5780    i.icuEnableNotifications  icu.o
    0x0801a5f4   0x0801a5f4   0x00000004   Code   RO         5781    i.icuInit           icu.o
    0x0801a5f8   0x0801a5f8   0x0000000a   Code   RO         5782    i.icuObjectInit     icu.o
    0x0801a602   0x0801a602   0x0000001e   Code   RO         5783    i.icuStart          icu.o
    0x0801a620   0x0801a620   0x0000001a   Code   RO         5784    i.icuStartCapture   icu.o
    0x0801a63a   0x0801a63a   0x0000001a   Code   RO         5785    i.icuStop           icu.o
    0x0801a654   0x0801a654   0x00000044   Code   RO         9376    i.icu_lld_enable_notifications  icu_lld.o
    0x0801a698   0x0801a698   0x00000018   Code   RO         9377    i.icu_lld_init      icu_lld.o
    0x0801a6b0   0x0801a6b0   0x000000e0   Code   RO         9378    i.icu_lld_start     icu_lld.o
    0x0801a790   0x0801a790   0x00000018   Code   RO         9379    i.icu_lld_start_capture  icu_lld.o
    0x0801a7a8   0x0801a7a8   0x0000003c   Code   RO         9380    i.icu_lld_stop      icu_lld.o
    0x0801a7e4   0x0801a7e4   0x00000002   Code   RO        11191    i.icuperiodcb       servo_dec.o
    0x0801a7e6   0x0801a7e6   0x00000002   PAD
    0x0801a7e8   0x0801a7e8   0x00000128   Code   RO        11192    i.icuwidthcb        servo_dec.o
    0x0801a910   0x0801a910   0x0000001e   Code   RO         8929    i.initgpio          pal_lld.o
    0x0801a92e   0x0801a92e   0x00000078   Code   RO         6045    i.inotify           serial_usb.o
    0x0801a9a6   0x0801a9a6   0x00000002   PAD
    0x0801a9a8   0x0801a9a8   0x0000000c   Code   RO        10681    i.led_external_set_reversed  led_external.o
    0x0801a9b4   0x0801a9b4   0x0000000c   Code   RO        10682    i.led_external_set_state  led_external.o
    0x0801a9c0   0x0801a9c0   0x00000064   Code   RO        10750    i.ledpwm_init       ledpwm.o
    0x0801aa24   0x0801aa24   0x0000004c   Code   RO        10753    i.ledpwm_set_intensity  ledpwm.o
    0x0801aa70   0x0801aa70   0x00000054   Code   RO        10754    i.ledpwm_update_pwm  ledpwm.o
    0x0801aac4   0x0801aac4   0x00000144   Code   RO           12    i.main              main.o
    0x0801ac08   0x0801ac08   0x0000006c   Code   RO        11819    i.malloc            mc_w.l(malloc.o)
    0x0801ac74   0x0801ac74   0x00000014   Code   RO          497    i.mc_interface_adc_inj_int_handler  mc_interface.o
    0x0801ac88   0x0801ac88   0x00000248   Code   RO          500    i.mc_interface_fault_stop  mc_interface.o
    0x0801aed0   0x0801aed0   0x000000e8   Code   RO          501    i.mc_interface_fault_to_string  mc_interface.o
    0x0801afb8   0x0801afb8   0x00000028   Code   RO          502    i.mc_interface_get_amp_hours  mc_interface.o
    0x0801afe0   0x0801afe0   0x00000028   Code   RO          503    i.mc_interface_get_amp_hours_charged  mc_interface.o
    0x0801b008   0x0801b008   0x00000008   Code   RO          504    i.mc_interface_get_configuration  mc_interface.o
    0x0801b010   0x0801b010   0x00000040   Code   RO          505    i.mc_interface_get_duty_cycle_now  mc_interface.o
    0x0801b050   0x0801b050   0x0000000c   Code   RO          507    i.mc_interface_get_fault  mc_interface.o
    0x0801b05c   0x0801b05c   0x00000028   Code   RO          508    i.mc_interface_get_last_inj_adc_isr_duration  mc_interface.o
    0x0801b084   0x0801b084   0x0000000c   Code   RO          509    i.mc_interface_get_last_sample_adc_isr_duration  mc_interface.o
    0x0801b090   0x0801b090   0x0000005c   Code   RO          510    i.mc_interface_get_pid_pos_now  mc_interface.o
    0x0801b0ec   0x0801b0ec   0x0000000c   Code   RO          511    i.mc_interface_get_pid_pos_set  mc_interface.o
    0x0801b0f8   0x0801b0f8   0x00000040   Code   RO          512    i.mc_interface_get_rpm  mc_interface.o
    0x0801b138   0x0801b138   0x00000020   Code   RO          514    i.mc_interface_get_state  mc_interface.o
    0x0801b158   0x0801b158   0x00000028   Code   RO          515    i.mc_interface_get_tachometer_abs_value  mc_interface.o
    0x0801b180   0x0801b180   0x00000050   Code   RO          516    i.mc_interface_get_tachometer_value  mc_interface.o
    0x0801b1d0   0x0801b1d0   0x00000028   Code   RO          517    i.mc_interface_get_tot_current  mc_interface.o
    0x0801b1f8   0x0801b1f8   0x00000040   Code   RO          518    i.mc_interface_get_tot_current_directional  mc_interface.o
    0x0801b238   0x0801b238   0x00000040   Code   RO          519    i.mc_interface_get_tot_current_directional_filtered  mc_interface.o
    0x0801b278   0x0801b278   0x00000028   Code   RO          523    i.mc_interface_get_watt_hours  mc_interface.o
    0x0801b2a0   0x0801b2a0   0x00000028   Code   RO          524    i.mc_interface_get_watt_hours_charged  mc_interface.o
    0x0801b2c8   0x0801b2c8   0x00000488   Code   RO          525    i.mc_interface_init  mc_interface.o
    0x0801b750   0x0801b750   0x0000000c   Code   RO          526    i.mc_interface_lock  mc_interface.o
    0x0801b75c   0x0801b75c   0x0000000c   Code   RO          527    i.mc_interface_lock_override_once  mc_interface.o
    0x0801b768   0x0801b768   0x000005c4   Code   RO          528    i.mc_interface_mc_timer_isr  mc_interface.o
    0x0801bd2c   0x0801bd2c   0x00000040   Code   RO          529    i.mc_interface_read_reset_avg_id  mc_interface.o
    0x0801bd6c   0x0801bd6c   0x00000024   Code   RO          530    i.mc_interface_read_reset_avg_input_current  mc_interface.o
    0x0801bd90   0x0801bd90   0x00000040   Code   RO          531    i.mc_interface_read_reset_avg_iq  mc_interface.o
    0x0801bdd0   0x0801bdd0   0x00000024   Code   RO          532    i.mc_interface_read_reset_avg_motor_current  mc_interface.o
    0x0801bdf4   0x0801bdf4   0x0000000c   Code   RO          533    i.mc_interface_release_motor  mc_interface.o
    0x0801be00   0x0801be00   0x00000034   Code   RO          534    i.mc_interface_sample_print_data  mc_interface.o
    0x0801be34   0x0801be34   0x00000074   Code   RO          535    i.mc_interface_set_brake_current  mc_interface.o
    0x0801bea8   0x0801bea8   0x00000078   Code   RO          536    i.mc_interface_set_brake_current_rel  mc_interface.o
    0x0801bf20   0x0801bf20   0x00000b58   Code   RO          537    i.mc_interface_set_configuration  mc_interface.o
    0x0801ca78   0x0801ca78   0x00000074   Code   RO          538    i.mc_interface_set_current  mc_interface.o
    0x0801caec   0x0801caec   0x0000002c   Code   RO          539    i.mc_interface_set_current_rel  mc_interface.o
    0x0801cb18   0x0801cb18   0x00000074   Code   RO          540    i.mc_interface_set_duty  mc_interface.o
    0x0801cb8c   0x0801cb8c   0x00000054   Code   RO          542    i.mc_interface_set_handbrake  mc_interface.o
    0x0801cbe0   0x0801cbe0   0x0000006c   Code   RO          544    i.mc_interface_set_pid_pos  mc_interface.o
    0x0801cc4c   0x0801cc4c   0x00000074   Code   RO          545    i.mc_interface_set_pid_speed  mc_interface.o
    0x0801ccc0   0x0801ccc0   0x0000000c   Code   RO          547    i.mc_interface_temp_fet_filtered  mc_interface.o
    0x0801cccc   0x0801cccc   0x0000000c   Code   RO          548    i.mc_interface_temp_motor_filtered  mc_interface.o
    0x0801ccd8   0x0801ccd8   0x00000070   Code   RO          549    i.mc_interface_try_input  mc_interface.o
    0x0801cd48   0x0801cd48   0x0000000c   Code   RO          550    i.mc_interface_unlock  mc_interface.o
    0x0801cd54   0x0801cd54   0x00000454   Code   RO        10803    i.mcpwm_adc_inj_int_handler  mcpwm.o
    0x0801d1a8   0x0801d1a8   0x00000a7c   Code   RO        10804    i.mcpwm_adc_int_handler  mcpwm.o
    0x0801dc24   0x0801dc24   0x00000074   Code   RO        10805    i.mcpwm_deinit      mcpwm.o
    0x0801dc98   0x0801dc98   0x00000c74   Code   RO          983    i.mcpwm_foc_adc_int_handler  mcpwm_foc.o
    0x0801e90c   0x0801e90c   0x00000064   Code   RO          984    i.mcpwm_foc_deinit  mcpwm_foc.o
    0x0801e970   0x0801e970   0x0000056c   Code   RO          985    i.mcpwm_foc_encoder_detect  mcpwm_foc.o
    0x0801eedc   0x0801eedc   0x0000000c   Code   RO          986    i.mcpwm_foc_get_abs_motor_current  mcpwm_foc.o
    0x0801eee8   0x0801eee8   0x0000000c   Code   RO          987    i.mcpwm_foc_get_abs_motor_current_filtered  mcpwm_foc.o
    0x0801eef4   0x0801eef4   0x0000000c   Code   RO          989    i.mcpwm_foc_get_duty_cycle_now  mcpwm_foc.o
    0x0801ef00   0x0801ef00   0x0000000c   Code   RO          991    i.mcpwm_foc_get_id  mcpwm_foc.o
    0x0801ef0c   0x0801ef0c   0x0000000c   Code   RO          992    i.mcpwm_foc_get_iq  mcpwm_foc.o
    0x0801ef18   0x0801ef18   0x0000000c   Code   RO          993    i.mcpwm_foc_get_last_inj_adc_isr_duration  mcpwm_foc.o
    0x0801ef24   0x0801ef24   0x00000028   Code   RO          994    i.mcpwm_foc_get_phase  mcpwm_foc.o
    0x0801ef4c   0x0801ef4c   0x00000028   Code   RO          995    i.mcpwm_foc_get_phase_encoder  mcpwm_foc.o
    0x0801ef74   0x0801ef74   0x00000028   Code   RO          996    i.mcpwm_foc_get_phase_observer  mcpwm_foc.o
    0x0801ef9c   0x0801ef9c   0x0000000c   Code   RO          997    i.mcpwm_foc_get_pid_pos_now  mcpwm_foc.o
    0x0801efa8   0x0801efa8   0x00000018   Code   RO          999    i.mcpwm_foc_get_rpm  mcpwm_foc.o
    0x0801efc0   0x0801efc0   0x00000020   Code   RO         1000    i.mcpwm_foc_get_sampling_frequency_now  mcpwm_foc.o
    0x0801efe0   0x0801efe0   0x0000000c   Code   RO         1001    i.mcpwm_foc_get_state  mcpwm_foc.o
    0x0801efec   0x0801efec   0x00000018   Code   RO         1003    i.mcpwm_foc_get_tachometer_abs_value  mcpwm_foc.o
    0x0801f004   0x0801f004   0x00000018   Code   RO         1004    i.mcpwm_foc_get_tachometer_value  mcpwm_foc.o
    0x0801f01c   0x0801f01c   0x0000002c   Code   RO         1005    i.mcpwm_foc_get_tot_current  mcpwm_foc.o
    0x0801f048   0x0801f048   0x0000000c   Code   RO         1006    i.mcpwm_foc_get_tot_current_directional  mcpwm_foc.o
    0x0801f054   0x0801f054   0x0000000c   Code   RO         1007    i.mcpwm_foc_get_tot_current_directional_filtered  mcpwm_foc.o
    0x0801f060   0x0801f060   0x0000002c   Code   RO         1008    i.mcpwm_foc_get_tot_current_filtered  mcpwm_foc.o
    0x0801f08c   0x0801f08c   0x0000000c   Code   RO         1010    i.mcpwm_foc_get_tot_current_in_filtered  mcpwm_foc.o
    0x0801f098   0x0801f098   0x0000000c   Code   RO         1012    i.mcpwm_foc_get_vq  mcpwm_foc.o
    0x0801f0a4   0x0801f0a4   0x00000328   Code   RO         1013    i.mcpwm_foc_hall_detect  mcpwm_foc.o
    0x0801f3cc   0x0801f3cc   0x000004c0   Code   RO         1014    i.mcpwm_foc_init    mcpwm_foc.o
    0x0801f88c   0x0801f88c   0x0000000c   Code   RO         1015    i.mcpwm_foc_init_done  mcpwm_foc.o
    0x0801f898   0x0801f898   0x0000000c   Code   RO         1016    i.mcpwm_foc_is_dccal_done  mcpwm_foc.o
    0x0801f8a4   0x0801f8a4   0x00000118   Code   RO         1017    i.mcpwm_foc_measure_inductance  mcpwm_foc.o
    0x0801f9bc   0x0801f9bc   0x00000200   Code   RO         1018    i.mcpwm_foc_measure_res_ind  mcpwm_foc.o
    0x0801fbbc   0x0801fbbc   0x00000100   Code   RO         1019    i.mcpwm_foc_measure_resistance  mcpwm_foc.o
    0x0801fcbc   0x0801fcbc   0x00000350   Code   RO         1020    i.mcpwm_foc_print_state  mcpwm_foc.o
    0x0802000c   0x0802000c   0x00000048   Code   RO         1021    i.mcpwm_foc_set_brake_current  mcpwm_foc.o
    0x08020054   0x08020054   0x00000070   Code   RO         1022    i.mcpwm_foc_set_configuration  mcpwm_foc.o
    0x080200c4   0x080200c4   0x00000044   Code   RO         1023    i.mcpwm_foc_set_current  mcpwm_foc.o
    0x08020108   0x08020108   0x00000020   Code   RO         1024    i.mcpwm_foc_set_duty  mcpwm_foc.o
    0x08020128   0x08020128   0x00000048   Code   RO         1026    i.mcpwm_foc_set_handbrake  mcpwm_foc.o
    0x08020170   0x08020170   0x0000008c   Code   RO         1027    i.mcpwm_foc_set_openloop  mcpwm_foc.o
    0x080201fc   0x080201fc   0x00000020   Code   RO         1028    i.mcpwm_foc_set_pid_pos  mcpwm_foc.o
    0x0802021c   0x0802021c   0x00000020   Code   RO         1029    i.mcpwm_foc_set_pid_speed  mcpwm_foc.o
    0x0802023c   0x0802023c   0x00000048   Code   RO         1030    i.mcpwm_foc_stop_pwm  mcpwm_foc.o
    0x08020284   0x08020284   0x0000001c   Code   RO         1031    i.mcpwm_foc_tim_sample_int_handler  mcpwm_foc.o
    0x080202a0   0x080202a0   0x0000000c   Code   RO        10807    i.mcpwm_get_comm_step  mcpwm.o
    0x080202ac   0x080202ac   0x00000114   Code   RO        10808    i.mcpwm_get_detect_pos  mcpwm.o
    0x080203c0   0x080203c0   0x0000000c   Code   RO        10809    i.mcpwm_get_duty_cycle_now  mcpwm.o
    0x080203cc   0x080203cc   0x000000a0   Code   RO        10811    i.mcpwm_get_hall_detect_result  mcpwm.o
    0x0802046c   0x0802046c   0x00000018   Code   RO        10813    i.mcpwm_get_kv_filtered  mcpwm.o
    0x08020484   0x08020484   0x0000000c   Code   RO        10814    i.mcpwm_get_last_adc_isr_duration  mcpwm.o
    0x08020490   0x08020490   0x0000000c   Code   RO        10815    i.mcpwm_get_last_inj_adc_isr_duration  mcpwm.o
    0x0802049c   0x0802049c   0x00000018   Code   RO        10816    i.mcpwm_get_rpm     mcpwm.o
    0x080204b4   0x080204b4   0x00000038   Code   RO        10817    i.mcpwm_get_rpm_dep  mcpwm.o
    0x080204ec   0x080204ec   0x0000000c   Code   RO        10818    i.mcpwm_get_state   mcpwm.o
    0x080204f8   0x080204f8   0x0000000c   Code   RO        10819    i.mcpwm_get_switching_frequency_now  mcpwm.o
    0x08020504   0x08020504   0x00000014   Code   RO        10820    i.mcpwm_get_tachometer_abs_value  mcpwm.o
    0x08020518   0x08020518   0x00000014   Code   RO        10821    i.mcpwm_get_tachometer_value  mcpwm.o
    0x0802052c   0x0802052c   0x0000000c   Code   RO        10822    i.mcpwm_get_tot_current  mcpwm.o
    0x08020538   0x08020538   0x00000020   Code   RO        10823    i.mcpwm_get_tot_current_directional  mcpwm.o
    0x08020558   0x08020558   0x00000020   Code   RO        10824    i.mcpwm_get_tot_current_directional_filtered  mcpwm.o
    0x08020578   0x08020578   0x0000000c   Code   RO        10825    i.mcpwm_get_tot_current_filtered  mcpwm.o
    0x08020584   0x08020584   0x00000018   Code   RO        10827    i.mcpwm_get_tot_current_in_filtered  mcpwm.o
    0x0802059c   0x0802059c   0x000005b8   Code   RO        10828    i.mcpwm_init        mcpwm.o
    0x08020b54   0x08020b54   0x0000000c   Code   RO        10829    i.mcpwm_init_done   mcpwm.o
    0x08020b60   0x08020b60   0x0000003c   Code   RO        10830    i.mcpwm_init_hall_table  mcpwm.o
    0x08020b9c   0x08020b9c   0x0000000c   Code   RO        10831    i.mcpwm_is_dccal_done  mcpwm.o
    0x08020ba8   0x08020ba8   0x0000003c   Code   RO        10832    i.mcpwm_read_hall_phase  mcpwm.o
    0x08020be4   0x08020be4   0x00000024   Code   RO        10833    i.mcpwm_read_reset_avg_cycle_integrator  mcpwm.o
    0x08020c08   0x08020c08   0x0000000c   Code   RO        10834    i.mcpwm_reset_hall_detect_table  mcpwm.o
    0x08020c14   0x08020c14   0x000000c4   Code   RO        10835    i.mcpwm_set_brake_current  mcpwm.o
    0x08020cd8   0x08020cd8   0x00000040   Code   RO        10837    i.mcpwm_set_configuration  mcpwm.o
    0x08020d18   0x08020d18   0x00000098   Code   RO        10838    i.mcpwm_set_current  mcpwm.o
    0x08020db0   0x08020db0   0x00000068   Code   RO        10839    i.mcpwm_set_detect  mcpwm.o
    0x08020e18   0x08020e18   0x00000010   Code   RO        10840    i.mcpwm_set_duty    mcpwm.o
    0x08020e28   0x08020e28   0x00000028   Code   RO        10842    i.mcpwm_set_pid_pos  mcpwm.o
    0x08020e50   0x08020e50   0x00000014   Code   RO        10843    i.mcpwm_set_pid_speed  mcpwm.o
    0x08020e64   0x08020e64   0x0000001c   Code   RO        10844    i.mcpwm_stop_pwm    mcpwm.o
    0x08020e80   0x08020e80   0x0000000c   Code   RO        10845    i.mcpwm_switch_comm_mode  mcpwm.o
    0x08020e8c   0x08020e8c   0x00000024   Code   RO         1032    i.my_deathzoom      mcpwm_foc.o
    0x08020eb0   0x08020eb0   0x00000108   Code   RO          551    i.my_init           mc_interface.o
    0x08020fb8   0x08020fb8   0x00000094   Code   RO         2577    i.nrf_driver_init   nrf_driver.o
    0x0802104c   0x0802104c   0x0000013c   Code   RO         2578    i.nrf_driver_send_buffer  nrf_driver.o
    0x08021188   0x08021188   0x00000084   Code   RO         2579    i.nrf_driver_start_pairing  nrf_driver.o
    0x0802120c   0x0802120c   0x0000003c   Code   RO         2580    i.nrf_driver_stop   nrf_driver.o
    0x08021248   0x08021248   0x00000022   Code   RO         8453    i.nvicDisableVector  nvic.o
    0x0802126a   0x0802126a   0x00000024   Code   RO         8454    i.nvicEnableVector  nvic.o
    0x0802128e   0x0802128e   0x0000000c   Code   RO         8455    i.nvicSetSystemHandlerPriority  nvic.o
    0x0802129a   0x0802129a   0x00000002   PAD
    0x0802129c   0x0802129c   0x000001f4   Code   RO         1033    i.observer_update   mcpwm_foc.o
    0x08021490   0x08021490   0x0000005c   Code   RO         6046    i.onotify           serial_usb.o
    0x080214ec   0x080214ec   0x00000076   Code   RO         9048    i.otg_disable_ep    usb_lld.o
    0x08021562   0x08021562   0x00000102   Code   RO         9049    i.otg_epin_handler  usb_lld.o
    0x08021664   0x08021664   0x000000ca   Code   RO         9050    i.otg_epout_handler  usb_lld.o
    0x0802172e   0x0802172e   0x00000002   PAD
    0x08021730   0x08021730   0x0000062c   Code   RO         1700    i.output_thread     app_nunchuk.o
    0x08021d5c   0x08021d5c   0x00000014   Code   RO        11155    i.packet_init       packet.o
    0x08021d70   0x08021d70   0x000000d0   Code   RO        11156    i.packet_process_byte  packet.o
    0x08021e40   0x08021e40   0x0000008c   Code   RO        11157    i.packet_send_packet  packet.o
    0x08021ecc   0x08021ecc   0x00000034   Code   RO        11158    i.packet_timerfunc  packet.o
    0x08021f00   0x08021f00   0x000003a8   Code   RO           13    i.periodic_thread   main.o
    0x080222a8   0x080222a8   0x0000051a   Code   RO         1860    i.ppm_thread        app_ppm.o
    0x080227c2   0x080227c2   0x00000002   Code   RO         2023    i.process_packet    app_uartcomm.o
    0x080227c4   0x080227c4   0x0000001c   Code   RO        10057    i.process_packet    comm_usb.o
    0x080227e0   0x080227e0   0x0000000a   Code   RO         6047    i.put               serial_usb.o
    0x080227ea   0x080227ea   0x00000006   Code   RO         6048    i.putt              serial_usb.o
    0x080227f0   0x080227f0   0x0000000a   Code   RO         6049    i.read              serial_usb.o
    0x080227fa   0x080227fa   0x00000002   PAD
    0x080227fc   0x080227fc   0x0000006c   Code   RO         1034    i.read_hall         mcpwm_foc.o
    0x08022868   0x08022868   0x00000006   Code   RO         6050    i.readt             serial_usb.o
    0x0802286e   0x0802286e   0x00000008   Code   RO         2674    i.rf_clear_irq      rf.o
    0x08022876   0x08022876   0x00000008   Code   RO         2675    i.rf_clear_maxrt_irq  rf.o
    0x0802287e   0x0802287e   0x00000008   Code   RO         2676    i.rf_clear_rx_irq   rf.o
    0x08022886   0x08022886   0x00000020   Code   RO         2678    i.rf_enable_features  rf.o
    0x080228a6   0x080228a6   0x00000020   Code   RO         2679    i.rf_enable_pipe_address  rf.o
    0x080228c6   0x080228c6   0x00000020   Code   RO         2680    i.rf_enable_pipe_autoack  rf.o
    0x080228e6   0x080228e6   0x00000020   Code   RO         2681    i.rf_enable_pipe_dlp  rf.o
    0x08022906   0x08022906   0x00000034   Code   RO         2683    i.rf_flush_all      rf.o
    0x0802293a   0x0802293a   0x0000002e   Code   RO         2688    i.rf_get_payload_width  rf.o
    0x08022968   0x08022968   0x00000004   Code   RO         2689    i.rf_init           rf.o
    0x0802296c   0x0802296c   0x0000001e   Code   RO         2690    i.rf_mode_rx        rf.o
    0x0802298a   0x0802298a   0x0000001e   Code   RO         2691    i.rf_mode_tx        rf.o
    0x080229a8   0x080229a8   0x0000001e   Code   RO         2692    i.rf_power_down     rf.o
    0x080229c6   0x080229c6   0x0000001e   Code   RO         2693    i.rf_power_up       rf.o
    0x080229e4   0x080229e4   0x00000028   Code   RO         2694    i.rf_read_reg       rf.o
    0x08022a0c   0x08022a0c   0x00000030   Code   RO         2695    i.rf_read_reg_byte  rf.o
    0x08022a3c   0x08022a3c   0x0000002a   Code   RO         2696    i.rf_read_rx_payload  rf.o
    0x08022a66   0x08022a66   0x0000000a   Code   RO         2698    i.rf_set_address_width  rf.o
    0x08022a70   0x08022a70   0x00000032   Code   RO         2699    i.rf_set_crc_type   rf.o
    0x08022aa2   0x08022aa2   0x0000000e   Code   RO         2700    i.rf_set_frequency  rf.o
    0x08022ab0   0x08022ab0   0x00000032   Code   RO         2701    i.rf_set_power      rf.o
    0x08022ae2   0x08022ae2   0x00000026   Code   RO         2702    i.rf_set_retr_delay  rf.o
    0x08022b08   0x08022b08   0x00000024   Code   RO         2703    i.rf_set_retr_retries  rf.o
    0x08022b2c   0x08022b2c   0x0000002e   Code   RO         2704    i.rf_set_rx_addr    rf.o
    0x08022b5a   0x08022b5a   0x00000032   Code   RO         2705    i.rf_set_speed      rf.o
    0x08022b8c   0x08022b8c   0x0000002a   Code   RO         2706    i.rf_set_tx_addr    rf.o
    0x08022bb6   0x08022bb6   0x00000020   Code   RO         2707    i.rf_status         rf.o
    0x08022bd6   0x08022bd6   0x00000004   Code   RO         2708    i.rf_stop           rf.o
    0x08022bda   0x08022bda   0x0000002c   Code   RO         2710    i.rf_write_reg      rf.o
    0x08022c06   0x08022c06   0x00000030   Code   RO         2711    i.rf_write_reg_byte  rf.o
    0x08022c36   0x08022c36   0x0000002a   Code   RO         2712    i.rf_write_tx_payload  rf.o
    0x08022c60   0x08022c60   0x0000002a   Code   RO         2713    i.rf_write_tx_payload_no_ack  rf.o
    0x08022c8a   0x08022c8a   0x00000002   PAD
    0x08022c8c   0x08022c8c   0x000000c0   Code   RO         2930    i.rfhelp_init       rfhelp.o
    0x08022d4c   0x08022d4c   0x0000001c   Code   RO         2932    i.rfhelp_power_up   rfhelp.o
    0x08022d68   0x08022d68   0x00000090   Code   RO         2934    i.rfhelp_read_rx_data_crc  rfhelp.o
    0x08022df8   0x08022df8   0x000000c0   Code   RO         2935    i.rfhelp_restart    rfhelp.o
    0x08022eb8   0x08022eb8   0x000000a0   Code   RO         2937    i.rfhelp_send_data  rfhelp.o
    0x08022f58   0x08022f58   0x0000004c   Code   RO         2938    i.rfhelp_send_data_crc  rfhelp.o
    0x08022fa4   0x08022fa4   0x00000014   Code   RO         2941    i.rfhelp_stop       rfhelp.o
    0x08022fb8   0x08022fb8   0x00000028   Code   RO         2942    i.rfhelp_update_conf  rfhelp.o
    0x08022fe0   0x08022fe0   0x00000370   Code   RO        10846    i.rpm_thread        mcpwm.o
    0x08023350   0x08023350   0x000002d0   Code   RO         1035    i.run_pid_control_pos  mcpwm_foc.o
    0x08023620   0x08023620   0x00000444   Code   RO         1036    i.run_pid_control_speed_mine  mcpwm_foc.o
    0x08023a64   0x08023a64   0x00000278   Code   RO         2581    i.rx_thread         nrf_driver.o
    0x08023cdc   0x08023cdc   0x00000034   Code   RO         2024    i.rxchar            app_uartcomm.o
    0x08023d10   0x08023d10   0x00000002   Code   RO         2025    i.rxend             app_uartcomm.o
    0x08023d12   0x08023d12   0x00000002   Code   RO         2026    i.rxerr             app_uartcomm.o
    0x08023d14   0x08023d14   0x000001ec   Code   RO          552    i.sample_send_thread  mc_interface.o
    0x08023f00   0x08023f00   0x0000004a   Code   RO         6051    i.sduConfigureHookI  serial_usb.o
    0x08023f4a   0x08023f4a   0x00000066   Code   RO         6052    i.sduDataReceived   serial_usb.o
    0x08023fb0   0x08023fb0   0x0000008c   Code   RO         6053    i.sduDataTransmitted  serial_usb.o
    0x0802403c   0x0802403c   0x00000002   Code   RO         6054    i.sduInit           serial_usb.o
    0x0802403e   0x0802403e   0x00000002   Code   RO         6055    i.sduInterruptTransmitted  serial_usb.o
    0x08024040   0x08024040   0x00000044   Code   RO         6056    i.sduObjectInit     serial_usb.o
    0x08024084   0x08024084   0x00000048   Code   RO         6057    i.sduRequestsHook   serial_usb.o
    0x080240cc   0x080240cc   0x00000034   Code   RO         6058    i.sduStart          serial_usb.o
    0x08024100   0x08024100   0x00000030   Code   RO         2027    i.send_packet       app_uartcomm.o
    0x08024130   0x08024130   0x00000014   Code   RO        10058    i.send_packet       comm_usb.o
    0x08024144   0x08024144   0x00000024   Code   RO        10059    i.send_packet_wrapper  comm_usb.o
    0x08024168   0x08024168   0x00000064   Code   RO        10060    i.serial_process_thread  comm_usb.o
    0x080241cc   0x080241cc   0x0000007c   Code   RO        10061    i.serial_read_thread  comm_usb.o
    0x08024248   0x08024248   0x00000024   Code   RO         1861    i.servodec_func     app_ppm.o
    0x0802426c   0x0802426c   0x00000020   Code   RO        11193    i.servodec_get_last_pulse_len  servo_dec.o
    0x0802428c   0x0802428c   0x00000020   Code   RO        11194    i.servodec_get_servo  servo_dec.o
    0x080242ac   0x080242ac   0x00000020   Code   RO        11195    i.servodec_get_time_since_update  servo_dec.o
    0x080242cc   0x080242cc   0x00000068   Code   RO        11196    i.servodec_init     servo_dec.o
    0x08024334   0x08024334   0x00000014   Code   RO        11197    i.servodec_set_pulse_options  servo_dec.o
    0x08024348   0x08024348   0x00000040   Code   RO        11198    i.servodec_stop     servo_dec.o
    0x08024388   0x08024388   0x000000f4   Code   RO        10847    i.set_duty_cycle_hl  mcpwm.o
    0x0802447c   0x0802447c   0x00000128   Code   RO        10848    i.set_duty_cycle_hw  mcpwm.o
    0x080245a4   0x080245a4   0x000001b8   Code   RO        10849    i.set_duty_cycle_ll  mcpwm.o
    0x0802475c   0x0802475c   0x000003c4   Code   RO        10850    i.set_next_comm_step  mcpwm.o
    0x08024b20   0x08024b20   0x0000003c   Code   RO        10851    i.set_next_timer_settings  mcpwm.o
    0x08024b5c   0x08024b5c   0x0000003a   Code   RO         9530    i.set_rx_idle_loop  uart_lld.o
    0x08024b96   0x08024b96   0x00000002   PAD
    0x08024b98   0x08024b98   0x00000064   Code   RO        10852    i.set_switching_frequency  mcpwm.o
    0x08024bfc   0x08024bfc   0x00000004   Code   RO         6224    i.spiInit           spi.o
    0x08024c00   0x08024c00   0x00000014   Code   RO         6225    i.spiObjectInit     spi.o
    0x08024c14   0x08024c14   0x000000c0   Code   RO         2450    i.spi_exchange      drv8301.o
    0x08024cd4   0x08024cd4   0x00000040   Code   RO         9259    i.spi_lld_init      spi_lld.o
    0x08024d14   0x08024d14   0x00000028   Code   RO         3028    i.spi_sw_begin      spi_sw.o
    0x08024d3c   0x08024d3c   0x00000028   Code   RO         3030    i.spi_sw_end        spi_sw.o
    0x08024d64   0x08024d64   0x00000064   Code   RO         3031    i.spi_sw_init       spi_sw.o
    0x08024dc8   0x08024dc8   0x0000004c   Code   RO         3032    i.spi_sw_stop       spi_sw.o
    0x08024e14   0x08024e14   0x000000fc   Code   RO         3033    i.spi_sw_transfer   spi_sw.o
    0x08024f10   0x08024f10   0x0000003e   Code   RO        11887    i.sqrtf             m_wm.l(sqrtf.o)
    0x08024f4e   0x08024f4e   0x00000004   Code   RO         6354    i.stInit            st.o
    0x08024f52   0x08024f52   0x0000001a   Code   RO         9479    i.st_lld_init       st_lld.o
    0x08024f6c   0x08024f6c   0x00000070   Code   RO         1037    i.start_pwm_hw      mcpwm_foc.o
    0x08024fdc   0x08024fdc   0x000000f0   Code   RO         8532    i.stm32_clock_init  hal_lld.o
    0x080250cc   0x080250cc   0x00000078   Code   RO         1038    i.stop_pwm_hw       mcpwm_foc.o
    0x08025144   0x08025144   0x00000080   Code   RO        10853    i.stop_pwm_hw       mcpwm.o
    0x080251c4   0x080251c4   0x00000078   Code   RO        11280    i.terminal_add_fault_data  terminal.o
    0x0802523c   0x0802523c   0x00000050   Code   RO         1701    i.terminal_cmd_nunchuk_status  app_nunchuk.o
    0x0802528c   0x0802528c   0x00000024   Code   RO         2451    i.terminal_print_faults  drv8301.o
    0x080252b0   0x080252b0   0x00002138   Code   RO        11281    i.terminal_process_string  terminal.o
    0x080273e8   0x080273e8   0x000000c0   Code   RO         2452    i.terminal_read_reg  drv8301.o
    0x080274a8   0x080274a8   0x00000068   Code   RO        11282    i.terminal_register_command_callback  terminal.o
    0x08027510   0x08027510   0x00000016   Code   RO         2453    i.terminal_reset_faults  drv8301.o
    0x08027526   0x08027526   0x00000002   PAD
    0x08027528   0x08027528   0x000000e4   Code   RO         2454    i.terminal_set_oc_adj  drv8301.o
    0x0802760c   0x0802760c   0x000000e8   Code   RO         2455    i.terminal_write_reg  drv8301.o
    0x080276f4   0x080276f4   0x00000010   Code   RO        11331    i.timeout_configure  timeout.o
    0x08027704   0x08027704   0x0000000c   Code   RO        11332    i.timeout_get_brake_current  timeout.o
    0x08027710   0x08027710   0x0000000c   Code   RO        11333    i.timeout_get_timeout_msec  timeout.o
    0x0802771c   0x0802771c   0x0000000c   Code   RO        11334    i.timeout_has_timeout  timeout.o
    0x08027728   0x08027728   0x0000003c   Code   RO        11335    i.timeout_init      timeout.o
    0x08027764   0x08027764   0x00000020   Code   RO        11336    i.timeout_reset     timeout.o
    0x08027784   0x08027784   0x00000064   Code   RO        11337    i.timeout_thread    timeout.o
    0x080277e8   0x080277e8   0x00000024   Code   RO           14    i.timer_thread      main.o
    0x0802780c   0x0802780c   0x00000064   Code   RO          553    i.timer_thread      mc_interface.o
    0x08027870   0x08027870   0x000002a4   Code   RO         1039    i.timer_thread      mcpwm_foc.o
    0x08027b14   0x08027b14   0x00000228   Code   RO        10854    i.timer_thread      mcpwm.o
    0x08027d3c   0x08027d3c   0x00000060   Code   RO         2582    i.tx_thread         nrf_driver.o
    0x08027d9c   0x08027d9c   0x00000002   Code   RO         2029    i.txend1            app_uartcomm.o
    0x08027d9e   0x08027d9e   0x00000002   Code   RO         2030    i.txend2            app_uartcomm.o
    0x08027da0   0x08027da0   0x00000004   Code   RO         6407    i.uartInit          uart.o
    0x08027da4   0x08027da4   0x0000000e   Code   RO         6408    i.uartObjectInit    uart.o
    0x08027db2   0x08027db2   0x0000001e   Code   RO         6409    i.uartStart         uart.o
    0x08027dd0   0x08027dd0   0x0000001a   Code   RO         6412    i.uartStartSend     uart.o
    0x08027dea   0x08027dea   0x00000020   Code   RO         6414    i.uartStop          uart.o
    0x08027e0a   0x08027e0a   0x00000002   PAD
    0x08027e0c   0x08027e0c   0x00000024   Code   RO         9531    i.uart_lld_init     uart_lld.o
    0x08027e30   0x08027e30   0x0000007c   Code   RO         9532    i.uart_lld_serve_rx_end_irq  uart_lld.o
    0x08027eac   0x08027eac   0x0000005c   Code   RO         9533    i.uart_lld_serve_tx_end_irq  uart_lld.o
    0x08027f08   0x08027f08   0x000000ec   Code   RO         9534    i.uart_lld_start    uart_lld.o
    0x08027ff4   0x08027ff4   0x0000003e   Code   RO         9536    i.uart_lld_start_send  uart_lld.o
    0x08028032   0x08028032   0x00000002   PAD
    0x08028034   0x08028034   0x00000040   Code   RO         9537    i.uart_lld_stop     uart_lld.o
    0x08028074   0x08028074   0x00000058   Code   RO         1862    i.update            app_ppm.o
    0x080280cc   0x080280cc   0x000001b8   Code   RO        10855    i.update_adc_sample_pos  mcpwm.o
    0x08028284   0x08028284   0x00000586   Code   RO          554    i.update_override_limits  mc_interface.o
    0x0802880a   0x0802880a   0x00000002   PAD
    0x0802880c   0x0802880c   0x0000007c   Code   RO        10856    i.update_rpm_tacho  mcpwm.o
    0x08028888   0x08028888   0x00000040   Code   RO        10857    i.update_sensor_mode  mcpwm.o
    0x080288c8   0x080288c8   0x00000098   Code   RO        10858    i.update_timer_attempt  mcpwm.o
    0x08028960   0x08028960   0x00000058   Code   RO         9540    i.usart_stop        uart_lld.o
    0x080289b8   0x080289b8   0x00000004   Code   RO         6514    i.usbInit           usb.o
    0x080289bc   0x080289bc   0x00000048   Code   RO         6515    i.usbInitEndpointI  usb.o
    0x08028a04   0x08028a04   0x0000001e   Code   RO         6516    i.usbObjectInit     usb.o
    0x08028a22   0x08028a22   0x00000024   Code   RO         6517    i.usbPrepareQueuedReceive  usb.o
    0x08028a46   0x08028a46   0x00000024   Code   RO         6518    i.usbPrepareQueuedTransmit  usb.o
    0x08028a6a   0x08028a6a   0x0000002c   Code   RO         6523    i.usbStart          usb.o
    0x08028a96   0x08028a96   0x0000001c   Code   RO         6524    i.usbStartReceiveI  usb.o
    0x08028ab2   0x08028ab2   0x0000001c   Code   RO         6525    i.usbStartTransmitI  usb.o
    0x08028ace   0x08028ace   0x0000001a   Code   RO         6526    i.usbStop           usb.o
    0x08028ae8   0x08028ae8   0x00000044   Code   RO        10118    i.usb_event         comm_usb_serial.o
    0x08028b2c   0x08028b2c   0x00000014   Code   RO         9051    i.usb_lld_clear_in  usb_lld.o
    0x08028b40   0x08028b40   0x00000014   Code   RO         9052    i.usb_lld_clear_out  usb_lld.o
    0x08028b54   0x08028b54   0x00000022   Code   RO         9054    i.usb_lld_get_status_in  usb_lld.o
    0x08028b76   0x08028b76   0x00000022   Code   RO         9055    i.usb_lld_get_status_out  usb_lld.o
    0x08028b98   0x08028b98   0x00000024   Code   RO         9056    i.usb_lld_init      usb_lld.o
    0x08028bbc   0x08028bbc   0x0000013c   Code   RO         9057    i.usb_lld_init_endpoint  usb_lld.o
    0x08028cf8   0x08028cf8   0x0000004e   Code   RO         9058    i.usb_lld_prepare_receive  usb_lld.o
    0x08028d46   0x08028d46   0x00000054   Code   RO         9059    i.usb_lld_prepare_transmit  usb_lld.o
    0x08028d9a   0x08028d9a   0x00000002   PAD
    0x08028d9c   0x08028d9c   0x00000330   Code   RO         9060    i.usb_lld_pump      usb_lld.o
    0x080290cc   0x080290cc   0x00000012   Code   RO         9061    i.usb_lld_read_setup  usb_lld.o
    0x080290de   0x080290de   0x00000002   PAD
    0x080290e0   0x080290e0   0x000000c0   Code   RO         9062    i.usb_lld_reset     usb_lld.o
    0x080291a0   0x080291a0   0x00000018   Code   RO         9063    i.usb_lld_set_address  usb_lld.o
    0x080291b8   0x080291b8   0x00000014   Code   RO         9064    i.usb_lld_stall_in  usb_lld.o
    0x080291cc   0x080291cc   0x00000014   Code   RO         9065    i.usb_lld_stall_out  usb_lld.o
    0x080291e0   0x080291e0   0x000000dc   Code   RO         9066    i.usb_lld_start     usb_lld.o
    0x080292bc   0x080292bc   0x0000002a   Code   RO         9067    i.usb_lld_start_in  usb_lld.o
    0x080292e6   0x080292e6   0x00000014   Code   RO         9068    i.usb_lld_start_out  usb_lld.o
    0x080292fa   0x080292fa   0x00000002   PAD
    0x080292fc   0x080292fc   0x00000044   Code   RO         9069    i.usb_lld_stop      usb_lld.o
    0x08029340   0x08029340   0x00000044   Code   RO        11398    i.utils_angle_difference  utils.o
    0x08029384   0x08029384   0x00000044   Code   RO        11399    i.utils_angle_difference_rad  utils.o
    0x080293c8   0x080293c8   0x0000002c   Code   RO        11401    i.utils_byte_to_binary  utils.o
    0x080293f4   0x080293f4   0x0000005c   Code   RO        11403    i.utils_deadband    utils.o
    0x08029450   0x08029450   0x00000084   Code   RO        11404    i.utils_fast_atan2  utils.o
    0x080294d4   0x080294d4   0x00000124   Code   RO        11407    i.utils_fast_sincos_better  utils.o
    0x080295f8   0x080295f8   0x0000001a   Code   RO        11408    i.utils_map         utils.o
    0x08029612   0x08029612   0x00000018   Code   RO        11410    i.utils_max_abs     utils.o
    0x0802962a   0x0802962a   0x00000058   Code   RO        11411    i.utils_middle_of_3  utils.o
    0x08029682   0x08029682   0x0000002a   Code   RO        11412    i.utils_middle_of_3_int  utils.o
    0x080296ac   0x080296ac   0x00000018   Code   RO        11413    i.utils_min_abs     utils.o
    0x080296c4   0x080296c4   0x00000038   Code   RO        11414    i.utils_norm_angle  utils.o
    0x080296fc   0x080296fc   0x0000004c   Code   RO        11415    i.utils_norm_angle_rad  utils.o
    0x08029748   0x08029748   0x0000005c   Code   RO        11416    i.utils_saturate_vector_2d  utils.o
    0x080297a4   0x080297a4   0x0000003c   Code   RO        11417    i.utils_step_towards  utils.o
    0x080297e0   0x080297e0   0x0000001c   Code   RO        11418    i.utils_sys_lock_cnt  utils.o
    0x080297fc   0x080297fc   0x00000024   Code   RO        11419    i.utils_sys_unlock_cnt  utils.o
    0x08029820   0x08029820   0x00000118   Code   RO        11420    i.utils_throttle_curve  utils.o
    0x08029938   0x08029938   0x0000002c   Code   RO        11421    i.utils_truncate_number  utils.o
    0x08029964   0x08029964   0x00000028   Code   RO        11422    i.utils_truncate_number_abs  utils.o
    0x0802998c   0x0802998c   0x0000001c   Code   RO        11423    i.utils_truncate_number_int  utils.o
    0x080299a8   0x080299a8   0x00000068   Code   RO         7632    i.wakeup            chschd.o
    0x08029a10   0x08029a10   0x0000000a   Code   RO         6060    i.write             serial_usb.o
    0x08029a1a   0x08029a1a   0x00000006   Code   RO         6061    i.writet            serial_usb.o
    0x08029a20   0x08029a20   0x000000fc   Data   RO         2240    .constdata          board.o
    0x08029b1c   0x08029b1c   0x0000000c   Data   RO         2387    .constdata          hw_60.o
    0x08029b28   0x08029b28   0x00000020   Data   RO         6062    .constdata          serial_usb.o
    0x08029b48   0x08029b48   0x00000006   Data   RO         6527    .constdata          usb.o
    0x08029b4e   0x08029b4e   0x00000016   Data   RO         7586    .constdata          chregistry.o
    0x08029b64   0x08029b64   0x000000c0   Data   RO         8587    .constdata          stm32_dma.o
    0x08029c24   0x08029c24   0x00000030   Data   RO         9072    .constdata          usb_lld.o
    0x08029c54   0x08029c54   0x00000804   Data   RO         9681    .constdata          arm_common_tables.o
    0x0802a458   0x0802a458   0x00000012   Data   RO        10123    .constdata          comm_usb_serial.o
    0x0802a46a   0x0802a46a   0x00000002   PAD
    0x0802a46c   0x0802a46c   0x00000090   Data   RO        10124    .constdata          comm_usb_serial.o
    0x0802a4fc   0x0802a4fc   0x00000043   Data   RO        10125    .constdata          comm_usb_serial.o
    0x0802a53f   0x0802a53f   0x00000004   Data   RO        10126    .constdata          comm_usb_serial.o
    0x0802a543   0x0802a543   0x00000026   Data   RO        10127    .constdata          comm_usb_serial.o
    0x0802a569   0x0802a569   0x00000038   Data   RO        10128    .constdata          comm_usb_serial.o
    0x0802a5a1   0x0802a5a1   0x00000008   Data   RO        10129    .constdata          comm_usb_serial.o
    0x0802a5a9   0x0802a5a9   0x00000001   PAD
    0x0802a5aa   0x0802a5aa   0x00000200   Data   RO        10431    .constdata          crc.o
    0x0802a7aa   0x0802a7aa   0x00000002   PAD
    0x0802a7ac   0x0802a7ac   0x00000048   Data   RO        10505    .constdata          flash_helper.o
    0x0802a7f4   0x0802a7f4   0x0000001c   Data   RO        10860    .constdata          mcpwm.o
    0x0802a810   0x0802a810   0x00000030   Data   RO        11678    .constdata          m_wm.l(expf.o)
    0x0802a840   0x0802a840   0x00000040   Data   RO        11728    .constdata          m_wm.l(logf.o)
    0x0802a880   0x0802a880   0x00000140   Data   RO        11742    .constdata          m_wm.l(powf.o)
    0x0802a9c0   0x0802a9c0   0x00000020   Data   RO        11883    .constdata          m_wm.l(rredf.o)
    0x0802a9e0   0x0802a9e0   0x00000040   Data   RO        11971    .constdata          mc_w.l(ctype_c.o)
    0x0802aa20   0x0802aa20   0x00000245   Data   RO        11285    .conststring        terminal.o


==============================================================================

Image component sizes


      Code (inc. data)   RO Data    RW Data    ZI Data      Debug   Object Name

       188         20          0          0        220      20025   app.o
      2572        178          0         52       1572      13860   app_adc.o
      2608        288          0         34       2960      37664   app_nunchuk.o
      1742        124          0         28       1508      32544   app_ppm.o
       270         62          0         48       2122       9387   app_uartcomm.o
         0          0       2052          0          0      18348   arm_common_tables.o
       120         12          0          0          0        838   arm_cos_f32.o
       116         12          0          0          0        838   arm_sin_f32.o
         6          0        252          0          0      12737   board.o
       652         16          0          0          0       8910   buffer.o
        48          0          0          0          0      16091   can.o
       772         54          0          0         48      13099   can_lld.o
       964         86          0         28          0     237219   can_my.o
       120         22          0          0          0       3863   chcore_v7m.o
        46          0          0          0          0        608   chcoreasm_v7m.o
        86          0          0          0          0        991   chdynamic.o
       236          6          0          0          0       4105   chevents.o
       206         16          0          0         32       3009   chheap.o
        92         22          0          8          0       2946   chmemcore.o
        20          0          0          0          0       2286   chmempools.o
       338         10          0          0          0      11566   chmtx.o
       508          0          0          0          0      11163   chqueues.o
        72          8         22          0          0       3776   chregistry.o
       600         58          0          0        600      17687   chschd.o
       326         58          0          0          0      46016   chsys.o
       446         38          0          0          0      17806   chthreads.o
       124         16          0          0          0       6147   chtm.o
       128         16          0          0          0       2267   chvt.o
       390         24          0          0      10096      21914   comm_can.o
       396        110          0         12       7488       5944   comm_usb.o
       220         48        335          0        660       3492   comm_usb_serial.o
     12708        368          0         52       4552      12703   commands.o
      5092        326          0          1       1444      12346   conf_general.o
        52          4        512          0          0       1424   crc.o
        52         14          0          0       8192        544   cstartup.o
       968         26          0          0          0       6345   digital_filter.o
      1974        868          0          0        120      10915   drv8301.o
      1222         68          0          2          0      17511   eeprom.o
      1192        138          0         36      10050       9381   encoder.o
       390         38         72          0          0      17056   flash_helper.o
        56          4          0          0          0        570   hal.o
       356         66          0          0          0       1806   hal_lld.o
      1000         80         12          1          0       3209   hw_60.o
       202          0          0          0          0      31561   i2c.o
      1576        104          0          0         56      18987   i2c_lld.o
       116          0          0          0          0       8134   icu.o
       552         42          0          0         24       7512   icu_lld.o
       140         16          0          0          0       2024   irq_handlers.o
        24         12          0          8          0       2161   led_external.o
       260         42          0          4        213       2625   ledpwm.o
      1296        134          0         32       3544     344524   main.o
     10686        906          0      36128       3488     117032   mc_interface.o
     11772        902         28        236       6552      46999   mcpwm.o
     15380       1508          0        300       2596      68372   mcpwm_foc.o
      1384        100          0         24       4412       9708   nrf_driver.o
        82          0          0          0          0       1850   nvic.o
       420         26          0          0       4160       3845   packet.o
       340         44          0          0          0       2944   pal_lld.o
      1052          0          0          0          0      19408   rf.o
       852         80          0         19         72       6884   rfhelp.o
       788         16         32          7          0      33944   serial_usb.o
       582        106          0         64          0       6453   servo_dec.o
        24          0          0          0          0       4150   spi.o
        64         24          0          4         48       1803   spi_lld.o
       508         28          0         36          0       4400   spi_sw.o
         4          0          0          0          0        473   st.o
        52          0          0          0          0       4644   st_lld.o
      1084        218        192          4        128      18506   stm32_dma.o
       544         20          0          0          0      11409   stm32f4xx_adc.o
       912         20          0          0          0      13854   stm32f4xx_can.o
       578         94          0          0          0       5097   stm32f4xx_dma.o
       176         18          0          0          0       2588   stm32f4xx_exti.o
       444         46          0          0          0       6060   stm32f4xx_flash.o
       192          0          0          0          0       8199   stm32f4xx_gpio.o
       120         30          0          0          0       3325   stm32f4xx_rcc.o
        46          0          0          0          0        708   stm32f4xx_syscfg.o
      1638         10          0          0          0      22287   stm32f4xx_tim.o
       104         22          0          0          0       3876   stm32f4xx_wwdg.o
      8728       4142        581         72       2856       9465   terminal.o
       244         66          0         16        920       6593   timeout.o
       106          0          0          0          0       4151   uart.o
       900         74          0          0         36      12920   uart_lld.o
      1516         26          6          0          0      28749   usb.o
      2884        100         48          8        660      38205   usb_lld.o
      1640        132          0          4          0      16249   utils.o
         2          0        448          0          0        500   vectors.o

    ----------------------------------------------------------------------
    109562      12412       4648      37276     114224    1644134   Object Totals
         0          0         48          0      32768          0   (incl. Generated)
        74          0          8          8         27          0   (incl. Padding)

    ----------------------------------------------------------------------

      Code (inc. data)   RO Data    RW Data    ZI Data      Debug   Library Member Name

       300         42          0          0          0        176   asinf.o
       684         90          0          0          0        208   atan2f.o
       336         56          0          0          0        136   cosf.o
       488         62         48          0          0        236   expf.o
       112         14          0          0          0        116   floorf.o
       176          0          0          0          0        168   fmodf.o
        38          0          0          0          0        116   fpclassifyf.o
        84          4          0          0          0        116   frexpf.o
        80         24          0          0          0        696   funder.o
       142          0          0          0          0        156   ldexpf.o
       364         44         64          0          0        140   logf.o
      1636        110        320          0          0        372   powf.o
       154          0          0          0          0        140   roundf.o
       340         24         32          0          0        160   rredf.o
        62          0          0          0          0        136   sqrtf.o
        56          8          0          0          0         84   __0sscanf.o
        86          0          0          0          0          0   __dczerorl2.o
        28          0          0          0          0         68   _chval.o
       816          6          0          0          0        112   _scanf.o
       332          0          0          0          0         96   _scanf_int.o
        64          0          0          0          0         84   _sgetc.o
        40          6         64          0          0         68   ctype_c.o
         0          0          0          0          0          0   entry.o
         0          0          0          0          0          0   entry10a.o
         0          0          0          0          0          0   entry11a.o
         4          0          0          0          0          0   entry12b.o
         8          4          0          0          0          0   entry2.o
         4          0          0          0          0          0   entry5.o
         0          0          0          0          0          0   entry7b.o
         0          0          0          0          0          0   entry8b.o
         8          4          0          0          0          0   entry9a.o
        12          6          0          4          0         68   errno.o
        30          0          0          0          0          0   handlers.o
        36          8          0          0          0         68   init.o
        10          0          0          0          0         68   isspace_c.o
         0          0          0          0          0          0   iusefp.o
        30          0          0          0          0         68   llshl.o
        36          0          0          0          0         68   llsshr.o
        32          0          0          0          0         68   llushr.o
       188         20          0          0          0        160   malloc.o
        26          0          0          0          0         80   memcmp.o
        36          0          0          0          0         68   memcpya.o
        36          0          0          0          0        108   memseta.o
         0          0          0          8          0          0   mvars.o
      2260         86          0          0          0        528   printfa.o
        40          8          0          0          0         84   scanf_char.o
       878         12          0          0          0        216   scanf_fp.o
        24          0          0          0          0         68   strcat.o
        28          0          0          0          0         76   strcmp.o
        68          6          0          4          0         80   strtok.o
        44          0          0          0          0         80   uidiv.o
        98          0          0          0          0         92   uldiv.o
        48          0          0          0          0         68   cdcmple.o
        48          0          0          0          0         68   cdrcmple.o
        56          0          0          0          0         88   d2f.o
       334          0          0          0          0        148   dadd.o
       222          0          0          0          0        100   ddiv.o
       186          0          0          0          0        176   depilogue.o
        48          0          0          0          0         68   dfixul.o
        26          0          0          0          0         76   dfltui.o
        24          0          0          0          0         76   dfltul.o
       228          0          0          0          0         96   dmul.o
        38          0          0          0          0         68   f2d.o
       110          0          0          0          0        168   fepilogue.o
         4          0          0          0          0         68   fpstat.o
        82          0          0          0          0         96   frem.o
        60          0          0          0          0         76   frnd.o
        24          0          0          0          0         68   fscalb.o

    ----------------------------------------------------------------------
     11906        644        528         16          4       7140   Library Totals
        14          0          0          0          4          0   (incl. Padding)

    ----------------------------------------------------------------------

      Code (inc. data)   RO Data    RW Data    ZI Data      Debug   Library Name

      4996        470        464          0          0       3072   m_wm.l
      5358        174         64         16          0       2560   mc_w.l
      1538          0          0          0          0       1508   mf_w.l

    ----------------------------------------------------------------------
     11906        644        528         16          4       7140   Library Totals

    ----------------------------------------------------------------------

==============================================================================


      Code (inc. data)   RO Data    RW Data    ZI Data      Debug   

    121468      13056       5176      37292     114228    1582370   Grand Totals
    121468      13056       5176        496     114228    1582370   ELF Image Totals (compressed)
    121468      13056       5176        496          0          0   ROM Totals

==============================================================================

    Total RO  Size (Code + RO Data)               126644 ( 123.68kB)
    Total RW  Size (RW Data + ZI Data)            151520 ( 147.97kB)
    Total ROM Size (Code + RO Data + RW Data)     127140 ( 124.16kB)

==============================================================================

