<!doctype html public "-//w3c//dtd html 4.0 transitional//en">
<html><head>
<title>Static Call Graph - [.\output\obj\..\project.axf]</title></head>
<body><HR>
<H1>Static Call Graph for image .\output\obj\..\project.axf</H1><HR>
<BR><P>#&#060CALLGRAPH&#062# ARM Linker, 5060960: Last Updated: Wed Jan 29 20:05:26 2025
<BR><P>
<H3>Maximum Stack Usage =       1464 bytes + Unknown(Functions without stacksize, Cycles, Untraceable Function Pointers)</H3><H3>
Call chain for Maximum Stack Depth:</H3>
rx_thread &rArr; commands_process_packet &rArr; terminal_process_string &rArr; conf_general_detect_motor_param &rArr; mc_interface_set_configuration &rArr; mcpwm_init &rArr; stop_pwm_hw &rArr; set_switching_frequency &rArr; update_adc_sample_pos
<P>
<H3>
Functions with no stack information
</H3><UL>
 <LI><a href="#[7f]">_port_exit_from_isr</a>
</UL>
</UL>
<P>
<H3>
Mutually Recursive functions
</H3> <LI><a href="#[89]">_idle_thread</a>&nbsp;&nbsp;&nbsp;&rArr;&nbsp;&nbsp;&nbsp;<a href="#[89]">_idle_thread</a><BR>
</UL>
<P>
<H3>
Function Pointers
</H3><UL>
 <LI><a href="#[b]">BusFault_Handler</a> from vectors.o(.text) referenced from vectors.o(RESET)
 <LI><a href="#[12]">DebugMon_Handler</a> from vectors.o(.text) referenced from vectors.o(RESET)
 <LI><a href="#[9]">HardFault_Handler</a> from vectors.o(.text) referenced from vectors.o(RESET)
 <LI><a href="#[a]">MemManage_Handler</a> from vectors.o(.text) referenced from vectors.o(RESET)
 <LI><a href="#[8]">NMI_Handler</a> from vectors.o(.text) referenced from vectors.o(RESET)
 <LI><a href="#[14]">PendSV_Handler</a> from vectors.o(.text) referenced from vectors.o(RESET)
 <LI><a href="#[7]">Reset_Handler</a> from cstartup.o(.text) referenced from vectors.o(RESET)
 <LI><a href="#[11]">SVC_Handler</a> from chcore_v7m.o(i.SVC_Handler) referenced from vectors.o(RESET)
 <LI><a href="#[15]">SysTick_Handler</a> from st_lld.o(i.SysTick_Handler) referenced from vectors.o(RESET)
 <LI><a href="#[c]">UsageFault_Handler</a> from vectors.o(.text) referenced from vectors.o(RESET)
 <LI><a href="#[46]">Vector100</a> from vectors.o(.text) referenced from vectors.o(RESET)
 <LI><a href="#[47]">Vector104</a> from vectors.o(.text) referenced from vectors.o(RESET)
 <LI><a href="#[48]">Vector108</a> from vectors.o(.text) referenced from vectors.o(RESET)
 <LI><a href="#[49]">Vector10C</a> from vectors.o(.text) referenced from vectors.o(RESET)
 <LI><a href="#[4a]">Vector110</a> from vectors.o(.text) referenced from vectors.o(RESET)
 <LI><a href="#[4b]">Vector114</a> from vectors.o(.text) referenced from vectors.o(RESET)
 <LI><a href="#[4c]">Vector118</a> from vectors.o(.text) referenced from vectors.o(RESET)
 <LI><a href="#[4d]">Vector11C</a> from vectors.o(.text) referenced from vectors.o(RESET)
 <LI><a href="#[4e]">Vector120</a> from stm32_dma.o(i.Vector120) referenced from vectors.o(RESET)
 <LI><a href="#[4f]">Vector124</a> from stm32_dma.o(i.Vector124) referenced from vectors.o(RESET)
 <LI><a href="#[50]">Vector128</a> from stm32_dma.o(i.Vector128) referenced from vectors.o(RESET)
 <LI><a href="#[51]">Vector12C</a> from stm32_dma.o(i.Vector12C) referenced from vectors.o(RESET)
 <LI><a href="#[52]">Vector130</a> from stm32_dma.o(i.Vector130) referenced from vectors.o(RESET)
 <LI><a href="#[53]">Vector134</a> from vectors.o(.text) referenced from vectors.o(RESET)
 <LI><a href="#[54]">Vector138</a> from vectors.o(.text) referenced from vectors.o(RESET)
 <LI><a href="#[55]">Vector13C</a> from vectors.o(.text) referenced from vectors.o(RESET)
 <LI><a href="#[56]">Vector140</a> from vectors.o(.text) referenced from vectors.o(RESET)
 <LI><a href="#[57]">Vector144</a> from vectors.o(.text) referenced from vectors.o(RESET)
 <LI><a href="#[58]">Vector148</a> from vectors.o(.text) referenced from vectors.o(RESET)
 <LI><a href="#[59]">Vector14C</a> from usb_lld.o(i.Vector14C) referenced from vectors.o(RESET)
 <LI><a href="#[5a]">Vector150</a> from stm32_dma.o(i.Vector150) referenced from vectors.o(RESET)
 <LI><a href="#[5b]">Vector154</a> from stm32_dma.o(i.Vector154) referenced from vectors.o(RESET)
 <LI><a href="#[5c]">Vector158</a> from stm32_dma.o(i.Vector158) referenced from vectors.o(RESET)
 <LI><a href="#[5d]">Vector15C</a> from uart_lld.o(i.Vector15C) referenced from vectors.o(RESET)
 <LI><a href="#[5e]">Vector160</a> from vectors.o(.text) referenced from vectors.o(RESET)
 <LI><a href="#[5f]">Vector164</a> from vectors.o(.text) referenced from vectors.o(RESET)
 <LI><a href="#[60]">Vector168</a> from vectors.o(.text) referenced from vectors.o(RESET)
 <LI><a href="#[61]">Vector16C</a> from vectors.o(.text) referenced from vectors.o(RESET)
 <LI><a href="#[62]">Vector170</a> from vectors.o(.text) referenced from vectors.o(RESET)
 <LI><a href="#[63]">Vector174</a> from vectors.o(.text) referenced from vectors.o(RESET)
 <LI><a href="#[64]">Vector178</a> from vectors.o(.text) referenced from vectors.o(RESET)
 <LI><a href="#[65]">Vector17C</a> from vectors.o(.text) referenced from vectors.o(RESET)
 <LI><a href="#[66]">Vector180</a> from vectors.o(.text) referenced from vectors.o(RESET)
 <LI><a href="#[67]">Vector184</a> from vectors.o(.text) referenced from vectors.o(RESET)
 <LI><a href="#[68]">Vector188</a> from vectors.o(.text) referenced from vectors.o(RESET)
 <LI><a href="#[69]">Vector18C</a> from vectors.o(.text) referenced from vectors.o(RESET)
 <LI><a href="#[6a]">Vector190</a> from vectors.o(.text) referenced from vectors.o(RESET)
 <LI><a href="#[6b]">Vector194</a> from vectors.o(.text) referenced from vectors.o(RESET)
 <LI><a href="#[6c]">Vector198</a> from vectors.o(.text) referenced from vectors.o(RESET)
 <LI><a href="#[6d]">Vector19C</a> from vectors.o(.text) referenced from vectors.o(RESET)
 <LI><a href="#[6e]">Vector1A0</a> from vectors.o(.text) referenced from vectors.o(RESET)
 <LI><a href="#[6f]">Vector1A4</a> from vectors.o(.text) referenced from vectors.o(RESET)
 <LI><a href="#[70]">Vector1A8</a> from vectors.o(.text) referenced from vectors.o(RESET)
 <LI><a href="#[71]">Vector1AC</a> from vectors.o(.text) referenced from vectors.o(RESET)
 <LI><a href="#[72]">Vector1B0</a> from vectors.o(.text) referenced from vectors.o(RESET)
 <LI><a href="#[73]">Vector1B4</a> from vectors.o(.text) referenced from vectors.o(RESET)
 <LI><a href="#[74]">Vector1B8</a> from vectors.o(.text) referenced from vectors.o(RESET)
 <LI><a href="#[75]">Vector1BC</a> from vectors.o(.text) referenced from vectors.o(RESET)
 <LI><a href="#[d]">Vector1C</a> from vectors.o(.text) referenced from vectors.o(RESET)
 <LI><a href="#[e]">Vector20</a> from vectors.o(.text) referenced from vectors.o(RESET)
 <LI><a href="#[f]">Vector24</a> from vectors.o(.text) referenced from vectors.o(RESET)
 <LI><a href="#[10]">Vector28</a> from vectors.o(.text) referenced from vectors.o(RESET)
 <LI><a href="#[13]">Vector34</a> from vectors.o(.text) referenced from vectors.o(RESET)
 <LI><a href="#[16]">Vector40</a> from vectors.o(.text) referenced from vectors.o(RESET)
 <LI><a href="#[17]">Vector44</a> from vectors.o(.text) referenced from vectors.o(RESET)
 <LI><a href="#[18]">Vector48</a> from vectors.o(.text) referenced from vectors.o(RESET)
 <LI><a href="#[19]">Vector4C</a> from vectors.o(.text) referenced from vectors.o(RESET)
 <LI><a href="#[1a]">Vector50</a> from vectors.o(.text) referenced from vectors.o(RESET)
 <LI><a href="#[1b]">Vector54</a> from vectors.o(.text) referenced from vectors.o(RESET)
 <LI><a href="#[1c]">Vector58</a> from vectors.o(.text) referenced from vectors.o(RESET)
 <LI><a href="#[1d]">Vector5C</a> from vectors.o(.text) referenced from vectors.o(RESET)
 <LI><a href="#[1e]">Vector60</a> from vectors.o(.text) referenced from vectors.o(RESET)
 <LI><a href="#[1f]">Vector64</a> from vectors.o(.text) referenced from vectors.o(RESET)
 <LI><a href="#[20]">Vector68</a> from vectors.o(.text) referenced from vectors.o(RESET)
 <LI><a href="#[21]">Vector6C</a> from stm32_dma.o(i.Vector6C) referenced from vectors.o(RESET)
 <LI><a href="#[22]">Vector70</a> from stm32_dma.o(i.Vector70) referenced from vectors.o(RESET)
 <LI><a href="#[23]">Vector74</a> from stm32_dma.o(i.Vector74) referenced from vectors.o(RESET)
 <LI><a href="#[24]">Vector78</a> from stm32_dma.o(i.Vector78) referenced from vectors.o(RESET)
 <LI><a href="#[25]">Vector7C</a> from stm32_dma.o(i.Vector7C) referenced from vectors.o(RESET)
 <LI><a href="#[26]">Vector80</a> from stm32_dma.o(i.Vector80) referenced from vectors.o(RESET)
 <LI><a href="#[27]">Vector84</a> from stm32_dma.o(i.Vector84) referenced from vectors.o(RESET)
 <LI><a href="#[28]">Vector88</a> from irq_handlers.o(i.Vector88) referenced from vectors.o(RESET)
 <LI><a href="#[29]">Vector8C</a> from can_lld.o(i.Vector8C) referenced from vectors.o(RESET)
 <LI><a href="#[2a]">Vector90</a> from can_lld.o(i.Vector90) referenced from vectors.o(RESET)
 <LI><a href="#[2b]">Vector94</a> from can_lld.o(i.Vector94) referenced from vectors.o(RESET)
 <LI><a href="#[2c]">Vector98</a> from can_lld.o(i.Vector98) referenced from vectors.o(RESET)
 <LI><a href="#[2d]">Vector9C</a> from irq_handlers.o(i.Vector9C) referenced from vectors.o(RESET)
 <LI><a href="#[2e]">VectorA0</a> from vectors.o(.text) referenced from vectors.o(RESET)
 <LI><a href="#[2f]">VectorA4</a> from vectors.o(.text) referenced from vectors.o(RESET)
 <LI><a href="#[30]">VectorA8</a> from vectors.o(.text) referenced from vectors.o(RESET)
 <LI><a href="#[31]">VectorAC</a> from vectors.o(.text) referenced from vectors.o(RESET)
 <LI><a href="#[32]">VectorB0</a> from vectors.o(.text) referenced from vectors.o(RESET)
 <LI><a href="#[33]">VectorB4</a> from irq_handlers.o(i.VectorB4) referenced from vectors.o(RESET)
 <LI><a href="#[34]">VectorB8</a> from icu_lld.o(i.VectorB8) referenced from vectors.o(RESET)
 <LI><a href="#[35]">VectorBC</a> from vectors.o(.text) referenced from vectors.o(RESET)
 <LI><a href="#[36]">VectorC0</a> from vectors.o(.text) referenced from vectors.o(RESET)
 <LI><a href="#[37]">VectorC4</a> from i2c_lld.o(i.VectorC4) referenced from vectors.o(RESET)
 <LI><a href="#[38]">VectorC8</a> from i2c_lld.o(i.VectorC8) referenced from vectors.o(RESET)
 <LI><a href="#[39]">VectorCC</a> from vectors.o(.text) referenced from vectors.o(RESET)
 <LI><a href="#[3a]">VectorD0</a> from vectors.o(.text) referenced from vectors.o(RESET)
 <LI><a href="#[3b]">VectorD4</a> from vectors.o(.text) referenced from vectors.o(RESET)
 <LI><a href="#[3c]">VectorD8</a> from vectors.o(.text) referenced from vectors.o(RESET)
 <LI><a href="#[3d]">VectorDC</a> from vectors.o(.text) referenced from vectors.o(RESET)
 <LI><a href="#[3e]">VectorE0</a> from vectors.o(.text) referenced from vectors.o(RESET)
 <LI><a href="#[3f]">VectorE4</a> from vectors.o(.text) referenced from vectors.o(RESET)
 <LI><a href="#[40]">VectorE8</a> from vectors.o(.text) referenced from vectors.o(RESET)
 <LI><a href="#[41]">VectorEC</a> from vectors.o(.text) referenced from vectors.o(RESET)
 <LI><a href="#[42]">VectorF0</a> from vectors.o(.text) referenced from vectors.o(RESET)
 <LI><a href="#[43]">VectorF4</a> from vectors.o(.text) referenced from vectors.o(RESET)
 <LI><a href="#[44]">VectorF8</a> from irq_handlers.o(i.VectorF8) referenced from vectors.o(RESET)
 <LI><a href="#[45]">VectorFC</a> from stm32_dma.o(i.VectorFC) referenced from vectors.o(RESET)
 <LI><a href="#[77]">__main</a> from entry.o(.ARM.Collect$$$$00000000) referenced from cstartup.o(.text)
 <LI><a href="#[89]">_idle_thread</a> from chsys.o(i._idle_thread) referenced from chsys.o(i.chSysInit)
 <LI><a href="#[7f]">_port_exit_from_isr</a> from chcoreasm_v7m.o(.text) referenced from chcore_v7m.o(i._port_irq_epilogue)
 <LI><a href="#[7e]">_port_switch_from_isr</a> from chcoreasm_v7m.o(.text) referenced from chcore_v7m.o(i._port_irq_epilogue)
 <LI><a href="#[8a]">_port_thread_start</a> from chcoreasm_v7m.o(.text) referenced from chthreads.o(i.chThdCreateI)
 <LI><a href="#[79]">_sbackspace</a> from _sgetc.o(.text) referenced from __0sscanf.o(.text)
 <LI><a href="#[7a]">_scanf_char_input</a> from scanf_char.o(.text) referenced from scanf_char.o(.text)
 <LI><a href="#[78]">_sgetc</a> from _sgetc.o(.text) referenced from __0sscanf.o(.text)
 <LI><a href="#[7c]">_snputc</a> from printfa.o(i._snputc) referenced from printfa.o(i.__0vsnprintf)
 <LI><a href="#[b4]">_usb_ep0in</a> from usb.o(i._usb_ep0in) referenced from usb_lld.o(.constdata)
 <LI><a href="#[b5]">_usb_ep0out</a> from usb.o(i._usb_ep0out) referenced from usb_lld.o(.constdata)
 <LI><a href="#[b3]">_usb_ep0setup</a> from usb.o(i._usb_ep0setup) referenced from usb_lld.o(.constdata)
 <LI><a href="#[80]">adc_thread</a> from app_adc.o(i.adc_thread) referenced from app_adc.o(i.app_adc_start)
 <LI><a href="#[7d]">chCoreAlloc</a> from chmemcore.o(i.chCoreAlloc) referenced from chheap.o(i._heap_init)
 <LI><a href="#[82]">chuk_thread</a> from app_nunchuk.o(i.chuk_thread) referenced from app_nunchuk.o(i.app_nunchuk_start)
 <LI><a href="#[8f]">detect_thread</a> from commands.o(i.detect_thread) referenced from commands.o(i.commands_init)
 <LI><a href="#[ae]">get</a> from serial_usb.o(i.get) referenced from serial_usb.o(.constdata)
 <LI><a href="#[ba]">get_descriptor</a> from comm_usb_serial.o(i.get_descriptor) referenced from comm_usb_serial.o(.constdata)
 <LI><a href="#[b0]">gett</a> from serial_usb.o(i.gett) referenced from serial_usb.o(.constdata)
 <LI><a href="#[95]">i2c_lld_serve_rx_end_irq</a> from i2c_lld.o(i.i2c_lld_serve_rx_end_irq) referenced from i2c_lld.o(i.i2c_lld_start)
 <LI><a href="#[96]">i2c_lld_serve_tx_end_irq</a> from i2c_lld.o(i.i2c_lld_serve_tx_end_irq) referenced from i2c_lld.o(i.i2c_lld_start)
 <LI><a href="#[6]">icuperiodcb</a> from servo_dec.o(i.icuperiodcb) referenced 2 times from servo_dec.o(.data)
 <LI><a href="#[5]">icuwidthcb</a> from servo_dec.o(i.icuwidthcb) referenced 2 times from servo_dec.o(.data)
 <LI><a href="#[a5]">inotify</a> from serial_usb.o(i.inotify) referenced from serial_usb.o(i.sduObjectInit)
 <LI><a href="#[7b]">isspace</a> from isspace_c.o(.text) referenced from scanf_char.o(.text)
 <LI><a href="#[76]">main</a> from main.o(i.main) referenced from entry9a.o(.ARM.Collect$$$$0000000B)
 <LI><a href="#[9d]">mcpwm_adc_int_handler</a> from mcpwm.o(i.mcpwm_adc_int_handler) referenced from mcpwm.o(i.mcpwm_init)
 <LI><a href="#[9b]">mcpwm_foc_adc_int_handler</a> from mcpwm_foc.o(i.mcpwm_foc_adc_int_handler) referenced from mcpwm_foc.o(i.mcpwm_foc_init)
 <LI><a href="#[a4]">nrf_driver_send_buffer</a> from nrf_driver.o(i.nrf_driver_send_buffer) referenced from nrf_driver.o(i.rx_thread)
 <LI><a href="#[a6]">onotify</a> from serial_usb.o(i.onotify) referenced from serial_usb.o(i.sduObjectInit)
 <LI><a href="#[83]">output_thread</a> from app_nunchuk.o(i.output_thread) referenced from app_nunchuk.o(i.app_nunchuk_update_output)
 <LI><a href="#[83]">output_thread</a> from app_nunchuk.o(i.output_thread) referenced from app_nunchuk.o(i.chuk_thread)
 <LI><a href="#[97]">periodic_thread</a> from main.o(i.periodic_thread) referenced from main.o(i.main)
 <LI><a href="#[84]">ppm_thread</a> from app_ppm.o(i.ppm_thread) referenced from app_ppm.o(i.app_ppm_start)
 <LI><a href="#[86]">process_packet</a> from app_uartcomm.o(i.process_packet) referenced from app_uartcomm.o(i.app_uartcomm_start)
 <LI><a href="#[8b]">process_packet</a> from comm_usb.o(i.process_packet) referenced from comm_usb.o(i.comm_usb_init)
 <LI><a href="#[ad]">put</a> from serial_usb.o(i.put) referenced from serial_usb.o(.constdata)
 <LI><a href="#[af]">putt</a> from serial_usb.o(i.putt) referenced from serial_usb.o(.constdata)
 <LI><a href="#[ac]">read</a> from serial_usb.o(i.read) referenced from serial_usb.o(.constdata)
 <LI><a href="#[b2]">readt</a> from serial_usb.o(i.readt) referenced from serial_usb.o(.constdata)
 <LI><a href="#[9f]">rpm_thread</a> from mcpwm.o(i.rpm_thread) referenced from mcpwm.o(i.mcpwm_init)
 <LI><a href="#[a0]">rx_thread</a> from nrf_driver.o(i.rx_thread) referenced from nrf_driver.o(i.nrf_driver_init)
 <LI><a href="#[3]">rxchar</a> from app_uartcomm.o(i.rxchar) referenced 2 times from app_uartcomm.o(.data)
 <LI><a href="#[2]">rxend</a> from app_uartcomm.o(i.rxend) referenced 2 times from app_uartcomm.o(.data)
 <LI><a href="#[4]">rxerr</a> from app_uartcomm.o(i.rxerr) referenced 2 times from app_uartcomm.o(.data)
 <LI><a href="#[9a]">sample_send_thread</a> from mc_interface.o(i.sample_send_thread) referenced from mc_interface.o(i.mc_interface_init)
 <LI><a href="#[b7]">sduDataReceived</a> from serial_usb.o(i.sduDataReceived) referenced from comm_usb_serial.o(.constdata)
 <LI><a href="#[b6]">sduDataTransmitted</a> from serial_usb.o(i.sduDataTransmitted) referenced from comm_usb_serial.o(.constdata)
 <LI><a href="#[b8]">sduInterruptTransmitted</a> from serial_usb.o(i.sduInterruptTransmitted) referenced from comm_usb_serial.o(.constdata)
 <LI><a href="#[bb]">sduRequestsHook</a> from serial_usb.o(i.sduRequestsHook) referenced from comm_usb_serial.o(.constdata)
 <LI><a href="#[87]">send_packet</a> from app_uartcomm.o(i.send_packet) referenced from app_uartcomm.o(i.app_uartcomm_start)
 <LI><a href="#[8c]">send_packet</a> from comm_usb.o(i.send_packet) referenced from comm_usb.o(i.comm_usb_init)
 <LI><a href="#[a3]">send_packet_wrapper</a> from comm_usb.o(i.send_packet_wrapper) referenced from comm_usb.o(i.process_packet)
 <LI><a href="#[8e]">serial_process_thread</a> from comm_usb.o(i.serial_process_thread) referenced from comm_usb.o(i.comm_usb_init)
 <LI><a href="#[8d]">serial_read_thread</a> from comm_usb.o(i.serial_read_thread) referenced from comm_usb.o(i.comm_usb_init)
 <LI><a href="#[a2]">servodec_func</a> from app_ppm.o(i.servodec_func) referenced from app_ppm.o(i.ppm_thread)
 <LI><a href="#[81]">terminal_cmd_nunchuk_status</a> from app_nunchuk.o(i.terminal_cmd_nunchuk_status) referenced from app_nunchuk.o(i.app_nunchuk_configure)
 <LI><a href="#[93]">terminal_print_faults</a> from drv8301.o(i.terminal_print_faults) referenced from drv8301.o(i.drv8301_init)
 <LI><a href="#[90]">terminal_read_reg</a> from drv8301.o(i.terminal_read_reg) referenced from drv8301.o(i.drv8301_init)
 <LI><a href="#[94]">terminal_reset_faults</a> from drv8301.o(i.terminal_reset_faults) referenced from drv8301.o(i.drv8301_init)
 <LI><a href="#[92]">terminal_set_oc_adj</a> from drv8301.o(i.terminal_set_oc_adj) referenced from drv8301.o(i.drv8301_init)
 <LI><a href="#[91]">terminal_write_reg</a> from drv8301.o(i.terminal_write_reg) referenced from drv8301.o(i.drv8301_init)
 <LI><a href="#[a7]">timeout_thread</a> from timeout.o(i.timeout_thread) referenced from timeout.o(i.timeout_init)
 <LI><a href="#[98]">timer_thread</a> from main.o(i.timer_thread) referenced from main.o(i.main)
 <LI><a href="#[99]">timer_thread</a> from mc_interface.o(i.timer_thread) referenced from mc_interface.o(i.mc_interface_init)
 <LI><a href="#[9c]">timer_thread</a> from mcpwm_foc.o(i.timer_thread) referenced from mcpwm_foc.o(i.mcpwm_foc_init)
 <LI><a href="#[9e]">timer_thread</a> from mcpwm.o(i.timer_thread) referenced from mcpwm.o(i.mcpwm_init)
 <LI><a href="#[a1]">tx_thread</a> from nrf_driver.o(i.tx_thread) referenced from nrf_driver.o(i.nrf_driver_init)
 <LI><a href="#[0]">txend1</a> from app_uartcomm.o(i.txend1) referenced 2 times from app_uartcomm.o(.data)
 <LI><a href="#[1]">txend2</a> from app_uartcomm.o(i.txend2) referenced 2 times from app_uartcomm.o(.data)
 <LI><a href="#[a8]">uart_lld_serve_rx_end_irq</a> from uart_lld.o(i.uart_lld_serve_rx_end_irq) referenced from uart_lld.o(i.uart_lld_start)
 <LI><a href="#[a9]">uart_lld_serve_tx_end_irq</a> from uart_lld.o(i.uart_lld_serve_tx_end_irq) referenced from uart_lld.o(i.uart_lld_start)
 <LI><a href="#[85]">update</a> from app_ppm.o(i.update) referenced from app_ppm.o(i.app_ppm_start)
 <LI><a href="#[85]">update</a> from app_ppm.o(i.update) referenced from app_ppm.o(i.update)
 <LI><a href="#[b9]">usb_event</a> from comm_usb_serial.o(i.usb_event) referenced from comm_usb_serial.o(.constdata)
 <LI><a href="#[aa]">usb_lld_pump</a> from usb_lld.o(i.usb_lld_pump) referenced from usb_lld.o(i.usb_lld_start)
 <LI><a href="#[88]">wakeup</a> from chschd.o(i.wakeup) referenced from chschd.o(i.chSchGoSleepTimeoutS)
 <LI><a href="#[ab]">write</a> from serial_usb.o(i.write) referenced from serial_usb.o(.constdata)
 <LI><a href="#[b1]">writet</a> from serial_usb.o(i.writet) referenced from serial_usb.o(.constdata)
</UL>
<P>
<H3>
Global Symbols
</H3>
<P><STRONG><a name="[77]"></a>__main</STRONG> (Thumb, 0 bytes, Stack size unknown bytes, entry.o(.ARM.Collect$$$$00000000))
<BR>[Address Reference Count : 1]<UL><LI> cstartup.o(.text)
</UL>
<P><STRONG><a name="[342]"></a>_main_stk</STRONG> (Thumb, 0 bytes, Stack size unknown bytes, entry2.o(.ARM.Collect$$$$00000001))

<P><STRONG><a name="[bc]"></a>_main_scatterload</STRONG> (Thumb, 0 bytes, Stack size unknown bytes, entry5.o(.ARM.Collect$$$$00000004))
<BR><BR>[Calls]<UL><LI><a href="#[bd]">&gt;&gt;</a>&nbsp;&nbsp;&nbsp;__scatterload
</UL>

<P><STRONG><a name="[be]"></a>__main_after_scatterload</STRONG> (Thumb, 0 bytes, Stack size unknown bytes, entry5.o(.ARM.Collect$$$$00000004))
<BR><BR>[Called By]<UL><LI><a href="#[bd]">&gt;&gt;</a>&nbsp;&nbsp;&nbsp;__scatterload
</UL>

<P><STRONG><a name="[343]"></a>_main_clock</STRONG> (Thumb, 0 bytes, Stack size unknown bytes, entry7b.o(.ARM.Collect$$$$00000008))

<P><STRONG><a name="[344]"></a>_main_cpp_init</STRONG> (Thumb, 0 bytes, Stack size unknown bytes, entry8b.o(.ARM.Collect$$$$0000000A))

<P><STRONG><a name="[345]"></a>_main_init</STRONG> (Thumb, 0 bytes, Stack size unknown bytes, entry9a.o(.ARM.Collect$$$$0000000B))

<P><STRONG><a name="[346]"></a>__rt_lib_shutdown_fini</STRONG> (Thumb, 0 bytes, Stack size unknown bytes, entry12b.o(.ARM.Collect$$$$0000000E))

<P><STRONG><a name="[347]"></a>__rt_final_cpp</STRONG> (Thumb, 0 bytes, Stack size unknown bytes, entry10a.o(.ARM.Collect$$$$0000000F))

<P><STRONG><a name="[348]"></a>__rt_final_exit</STRONG> (Thumb, 0 bytes, Stack size unknown bytes, entry11a.o(.ARM.Collect$$$$00000011))

<P><STRONG><a name="[bd]"></a>__scatterload</STRONG> (Thumb, 28 bytes, Stack size 0 bytes, init.o(.text))
<BR><BR>[Calls]<UL><LI><a href="#[be]">&gt;&gt;</a>&nbsp;&nbsp;&nbsp;__main_after_scatterload
</UL>
<BR>[Called By]<UL><LI><a href="#[bc]">&gt;&gt;</a>&nbsp;&nbsp;&nbsp;_main_scatterload
</UL>

<P><STRONG><a name="[349]"></a>__scatterload_rt2</STRONG> (Thumb, 0 bytes, Stack size 0 bytes, init.o(.text), UNUSED)

<P><STRONG><a name="[34a]"></a>__scatterload_copy</STRONG> (Thumb, 14 bytes, Stack size unknown bytes, handlers.o(i.__scatterload_copy), UNUSED)

<P><STRONG><a name="[34b]"></a>__scatterload_null</STRONG> (Thumb, 2 bytes, Stack size unknown bytes, handlers.o(i.__scatterload_null), UNUSED)

<P><STRONG><a name="[34c]"></a>__scatterload_zeroinit</STRONG> (Thumb, 14 bytes, Stack size unknown bytes, handlers.o(i.__scatterload_zeroinit), UNUSED)

<P><STRONG><a name="[194]"></a>_port_switch</STRONG> (Thumb, 24 bytes, Stack size 0 bytes, chcoreasm_v7m.o(.text))
<BR><BR>[Called By]<UL><LI><a href="#[196]">&gt;&gt;</a>&nbsp;&nbsp;&nbsp;chSchWakeupS
<LI><a href="#[195]">&gt;&gt;</a>&nbsp;&nbsp;&nbsp;chSchGoSleepTimeoutS
<LI><a href="#[183]">&gt;&gt;</a>&nbsp;&nbsp;&nbsp;chSchGoSleepS
<LI><a href="#[193]">&gt;&gt;</a>&nbsp;&nbsp;&nbsp;chSchDoRescheduleBehind
<LI><a href="#[192]">&gt;&gt;</a>&nbsp;&nbsp;&nbsp;chSchDoRescheduleAhead
</UL>

<P><STRONG><a name="[8a]"></a>_port_thread_start</STRONG> (Thumb, 14 bytes, Stack size 0 bytes, chcoreasm_v7m.o(.text))
<BR><BR>[Stack]<UL><LI>Max Depth = 8<LI>Call Chain = _port_thread_start &rArr; chThdExit
</UL>
<BR>[Calls]<UL><LI><a href="#[bf]">&gt;&gt;</a>&nbsp;&nbsp;&nbsp;chThdExit
</UL>
<BR>[Address Reference Count : 1]<UL><LI> chthreads.o(i.chThdCreateI)
</UL>
<P><STRONG><a name="[7e]"></a>_port_switch_from_isr</STRONG> (Thumb, 8 bytes, Stack size 0 bytes, chcoreasm_v7m.o(.text))
<BR><BR>[Calls]<UL><LI><a href="#[c0]">&gt;&gt;</a>&nbsp;&nbsp;&nbsp;chSchDoReschedule
</UL>
<BR>[Address Reference Count : 1]<UL><LI> chcore_v7m.o(i._port_irq_epilogue)
</UL>
<P><STRONG><a name="[7f]"></a>_port_exit_from_isr</STRONG> (Thumb, 0 bytes, Stack size unknown bytes, chcoreasm_v7m.o(.text))
<BR>[Address Reference Count : 1]<UL><LI> chcore_v7m.o(i._port_irq_epilogue)
</UL>
<P><STRONG><a name="[7]"></a>Reset_Handler</STRONG> (Thumb, 36 bytes, Stack size 0 bytes, cstartup.o(.text))
<BR><BR>[Calls]<UL><LI><a href="#[c1]">&gt;&gt;</a>&nbsp;&nbsp;&nbsp;__early_init
</UL>
<BR>[Address Reference Count : 1]<UL><LI> vectors.o(RESET)
</UL>
<P><STRONG><a name="[b]"></a>BusFault_Handler</STRONG> (Thumb, 0 bytes, Stack size 0 bytes, vectors.o(.text))
<BR>[Address Reference Count : 1]<UL><LI> vectors.o(RESET)
</UL>
<P><STRONG><a name="[12]"></a>DebugMon_Handler</STRONG> (Thumb, 0 bytes, Stack size 0 bytes, vectors.o(.text))
<BR>[Address Reference Count : 1]<UL><LI> vectors.o(RESET)
</UL>
<P><STRONG><a name="[9]"></a>HardFault_Handler</STRONG> (Thumb, 0 bytes, Stack size 0 bytes, vectors.o(.text))
<BR>[Address Reference Count : 1]<UL><LI> vectors.o(RESET)
</UL>
<P><STRONG><a name="[a]"></a>MemManage_Handler</STRONG> (Thumb, 0 bytes, Stack size 0 bytes, vectors.o(.text))
<BR>[Address Reference Count : 1]<UL><LI> vectors.o(RESET)
</UL>
<P><STRONG><a name="[8]"></a>NMI_Handler</STRONG> (Thumb, 0 bytes, Stack size 0 bytes, vectors.o(.text))
<BR>[Address Reference Count : 1]<UL><LI> vectors.o(RESET)
</UL>
<P><STRONG><a name="[14]"></a>PendSV_Handler</STRONG> (Thumb, 0 bytes, Stack size 0 bytes, vectors.o(.text))
<BR>[Address Reference Count : 1]<UL><LI> vectors.o(RESET)
</UL>
<P><STRONG><a name="[c]"></a>UsageFault_Handler</STRONG> (Thumb, 0 bytes, Stack size 0 bytes, vectors.o(.text))
<BR>[Address Reference Count : 1]<UL><LI> vectors.o(RESET)
</UL>
<P><STRONG><a name="[46]"></a>Vector100</STRONG> (Thumb, 0 bytes, Stack size 0 bytes, vectors.o(.text))
<BR>[Address Reference Count : 1]<UL><LI> vectors.o(RESET)
</UL>
<P><STRONG><a name="[47]"></a>Vector104</STRONG> (Thumb, 0 bytes, Stack size 0 bytes, vectors.o(.text))
<BR>[Address Reference Count : 1]<UL><LI> vectors.o(RESET)
</UL>
<P><STRONG><a name="[48]"></a>Vector108</STRONG> (Thumb, 0 bytes, Stack size 0 bytes, vectors.o(.text))
<BR>[Address Reference Count : 1]<UL><LI> vectors.o(RESET)
</UL>
<P><STRONG><a name="[49]"></a>Vector10C</STRONG> (Thumb, 0 bytes, Stack size 0 bytes, vectors.o(.text))
<BR>[Address Reference Count : 1]<UL><LI> vectors.o(RESET)
</UL>
<P><STRONG><a name="[4a]"></a>Vector110</STRONG> (Thumb, 0 bytes, Stack size 0 bytes, vectors.o(.text))
<BR>[Address Reference Count : 1]<UL><LI> vectors.o(RESET)
</UL>
<P><STRONG><a name="[4b]"></a>Vector114</STRONG> (Thumb, 0 bytes, Stack size 0 bytes, vectors.o(.text))
<BR>[Address Reference Count : 1]<UL><LI> vectors.o(RESET)
</UL>
<P><STRONG><a name="[4c]"></a>Vector118</STRONG> (Thumb, 0 bytes, Stack size 0 bytes, vectors.o(.text))
<BR>[Address Reference Count : 1]<UL><LI> vectors.o(RESET)
</UL>
<P><STRONG><a name="[4d]"></a>Vector11C</STRONG> (Thumb, 0 bytes, Stack size 0 bytes, vectors.o(.text))
<BR>[Address Reference Count : 1]<UL><LI> vectors.o(RESET)
</UL>
<P><STRONG><a name="[53]"></a>Vector134</STRONG> (Thumb, 0 bytes, Stack size 0 bytes, vectors.o(.text))
<BR>[Address Reference Count : 1]<UL><LI> vectors.o(RESET)
</UL>
<P><STRONG><a name="[54]"></a>Vector138</STRONG> (Thumb, 0 bytes, Stack size 0 bytes, vectors.o(.text))
<BR>[Address Reference Count : 1]<UL><LI> vectors.o(RESET)
</UL>
<P><STRONG><a name="[55]"></a>Vector13C</STRONG> (Thumb, 0 bytes, Stack size 0 bytes, vectors.o(.text))
<BR>[Address Reference Count : 1]<UL><LI> vectors.o(RESET)
</UL>
<P><STRONG><a name="[56]"></a>Vector140</STRONG> (Thumb, 0 bytes, Stack size 0 bytes, vectors.o(.text))
<BR>[Address Reference Count : 1]<UL><LI> vectors.o(RESET)
</UL>
<P><STRONG><a name="[57]"></a>Vector144</STRONG> (Thumb, 0 bytes, Stack size 0 bytes, vectors.o(.text))
<BR>[Address Reference Count : 1]<UL><LI> vectors.o(RESET)
</UL>
<P><STRONG><a name="[58]"></a>Vector148</STRONG> (Thumb, 0 bytes, Stack size 0 bytes, vectors.o(.text))
<BR>[Address Reference Count : 1]<UL><LI> vectors.o(RESET)
</UL>
<P><STRONG><a name="[5e]"></a>Vector160</STRONG> (Thumb, 0 bytes, Stack size 0 bytes, vectors.o(.text))
<BR>[Address Reference Count : 1]<UL><LI> vectors.o(RESET)
</UL>
<P><STRONG><a name="[5f]"></a>Vector164</STRONG> (Thumb, 0 bytes, Stack size 0 bytes, vectors.o(.text))
<BR>[Address Reference Count : 1]<UL><LI> vectors.o(RESET)
</UL>
<P><STRONG><a name="[60]"></a>Vector168</STRONG> (Thumb, 0 bytes, Stack size 0 bytes, vectors.o(.text))
<BR>[Address Reference Count : 1]<UL><LI> vectors.o(RESET)
</UL>
<P><STRONG><a name="[61]"></a>Vector16C</STRONG> (Thumb, 0 bytes, Stack size 0 bytes, vectors.o(.text))
<BR>[Address Reference Count : 1]<UL><LI> vectors.o(RESET)
</UL>
<P><STRONG><a name="[62]"></a>Vector170</STRONG> (Thumb, 0 bytes, Stack size 0 bytes, vectors.o(.text))
<BR>[Address Reference Count : 1]<UL><LI> vectors.o(RESET)
</UL>
<P><STRONG><a name="[63]"></a>Vector174</STRONG> (Thumb, 0 bytes, Stack size 0 bytes, vectors.o(.text))
<BR>[Address Reference Count : 1]<UL><LI> vectors.o(RESET)
</UL>
<P><STRONG><a name="[64]"></a>Vector178</STRONG> (Thumb, 0 bytes, Stack size 0 bytes, vectors.o(.text))
<BR>[Address Reference Count : 1]<UL><LI> vectors.o(RESET)
</UL>
<P><STRONG><a name="[65]"></a>Vector17C</STRONG> (Thumb, 0 bytes, Stack size 0 bytes, vectors.o(.text))
<BR>[Address Reference Count : 1]<UL><LI> vectors.o(RESET)
</UL>
<P><STRONG><a name="[66]"></a>Vector180</STRONG> (Thumb, 0 bytes, Stack size 0 bytes, vectors.o(.text))
<BR>[Address Reference Count : 1]<UL><LI> vectors.o(RESET)
</UL>
<P><STRONG><a name="[67]"></a>Vector184</STRONG> (Thumb, 0 bytes, Stack size 0 bytes, vectors.o(.text))
<BR>[Address Reference Count : 1]<UL><LI> vectors.o(RESET)
</UL>
<P><STRONG><a name="[68]"></a>Vector188</STRONG> (Thumb, 0 bytes, Stack size 0 bytes, vectors.o(.text))
<BR>[Address Reference Count : 1]<UL><LI> vectors.o(RESET)
</UL>
<P><STRONG><a name="[69]"></a>Vector18C</STRONG> (Thumb, 0 bytes, Stack size 0 bytes, vectors.o(.text))
<BR>[Address Reference Count : 1]<UL><LI> vectors.o(RESET)
</UL>
<P><STRONG><a name="[6a]"></a>Vector190</STRONG> (Thumb, 0 bytes, Stack size 0 bytes, vectors.o(.text))
<BR>[Address Reference Count : 1]<UL><LI> vectors.o(RESET)
</UL>
<P><STRONG><a name="[6b]"></a>Vector194</STRONG> (Thumb, 0 bytes, Stack size 0 bytes, vectors.o(.text))
<BR>[Address Reference Count : 1]<UL><LI> vectors.o(RESET)
</UL>
<P><STRONG><a name="[6c]"></a>Vector198</STRONG> (Thumb, 0 bytes, Stack size 0 bytes, vectors.o(.text))
<BR>[Address Reference Count : 1]<UL><LI> vectors.o(RESET)
</UL>
<P><STRONG><a name="[6d]"></a>Vector19C</STRONG> (Thumb, 0 bytes, Stack size 0 bytes, vectors.o(.text))
<BR>[Address Reference Count : 1]<UL><LI> vectors.o(RESET)
</UL>
<P><STRONG><a name="[6e]"></a>Vector1A0</STRONG> (Thumb, 0 bytes, Stack size 0 bytes, vectors.o(.text))
<BR>[Address Reference Count : 1]<UL><LI> vectors.o(RESET)
</UL>
<P><STRONG><a name="[6f]"></a>Vector1A4</STRONG> (Thumb, 0 bytes, Stack size 0 bytes, vectors.o(.text))
<BR>[Address Reference Count : 1]<UL><LI> vectors.o(RESET)
</UL>
<P><STRONG><a name="[70]"></a>Vector1A8</STRONG> (Thumb, 0 bytes, Stack size 0 bytes, vectors.o(.text))
<BR>[Address Reference Count : 1]<UL><LI> vectors.o(RESET)
</UL>
<P><STRONG><a name="[71]"></a>Vector1AC</STRONG> (Thumb, 0 bytes, Stack size 0 bytes, vectors.o(.text))
<BR>[Address Reference Count : 1]<UL><LI> vectors.o(RESET)
</UL>
<P><STRONG><a name="[72]"></a>Vector1B0</STRONG> (Thumb, 0 bytes, Stack size 0 bytes, vectors.o(.text))
<BR>[Address Reference Count : 1]<UL><LI> vectors.o(RESET)
</UL>
<P><STRONG><a name="[73]"></a>Vector1B4</STRONG> (Thumb, 0 bytes, Stack size 0 bytes, vectors.o(.text))
<BR>[Address Reference Count : 1]<UL><LI> vectors.o(RESET)
</UL>
<P><STRONG><a name="[74]"></a>Vector1B8</STRONG> (Thumb, 0 bytes, Stack size 0 bytes, vectors.o(.text))
<BR>[Address Reference Count : 1]<UL><LI> vectors.o(RESET)
</UL>
<P><STRONG><a name="[75]"></a>Vector1BC</STRONG> (Thumb, 0 bytes, Stack size 0 bytes, vectors.o(.text))
<BR>[Address Reference Count : 1]<UL><LI> vectors.o(RESET)
</UL>
<P><STRONG><a name="[d]"></a>Vector1C</STRONG> (Thumb, 0 bytes, Stack size 0 bytes, vectors.o(.text))
<BR>[Address Reference Count : 1]<UL><LI> vectors.o(RESET)
</UL>
<P><STRONG><a name="[e]"></a>Vector20</STRONG> (Thumb, 0 bytes, Stack size 0 bytes, vectors.o(.text))
<BR>[Address Reference Count : 1]<UL><LI> vectors.o(RESET)
</UL>
<P><STRONG><a name="[f]"></a>Vector24</STRONG> (Thumb, 0 bytes, Stack size 0 bytes, vectors.o(.text))
<BR>[Address Reference Count : 1]<UL><LI> vectors.o(RESET)
</UL>
<P><STRONG><a name="[10]"></a>Vector28</STRONG> (Thumb, 0 bytes, Stack size 0 bytes, vectors.o(.text))
<BR>[Address Reference Count : 1]<UL><LI> vectors.o(RESET)
</UL>
<P><STRONG><a name="[13]"></a>Vector34</STRONG> (Thumb, 0 bytes, Stack size 0 bytes, vectors.o(.text))
<BR>[Address Reference Count : 1]<UL><LI> vectors.o(RESET)
</UL>
<P><STRONG><a name="[16]"></a>Vector40</STRONG> (Thumb, 0 bytes, Stack size 0 bytes, vectors.o(.text))
<BR>[Address Reference Count : 1]<UL><LI> vectors.o(RESET)
</UL>
<P><STRONG><a name="[17]"></a>Vector44</STRONG> (Thumb, 0 bytes, Stack size 0 bytes, vectors.o(.text))
<BR>[Address Reference Count : 1]<UL><LI> vectors.o(RESET)
</UL>
<P><STRONG><a name="[18]"></a>Vector48</STRONG> (Thumb, 0 bytes, Stack size 0 bytes, vectors.o(.text))
<BR>[Address Reference Count : 1]<UL><LI> vectors.o(RESET)
</UL>
<P><STRONG><a name="[19]"></a>Vector4C</STRONG> (Thumb, 0 bytes, Stack size 0 bytes, vectors.o(.text))
<BR>[Address Reference Count : 1]<UL><LI> vectors.o(RESET)
</UL>
<P><STRONG><a name="[1a]"></a>Vector50</STRONG> (Thumb, 0 bytes, Stack size 0 bytes, vectors.o(.text))
<BR>[Address Reference Count : 1]<UL><LI> vectors.o(RESET)
</UL>
<P><STRONG><a name="[1b]"></a>Vector54</STRONG> (Thumb, 0 bytes, Stack size 0 bytes, vectors.o(.text))
<BR>[Address Reference Count : 1]<UL><LI> vectors.o(RESET)
</UL>
<P><STRONG><a name="[1c]"></a>Vector58</STRONG> (Thumb, 0 bytes, Stack size 0 bytes, vectors.o(.text))
<BR>[Address Reference Count : 1]<UL><LI> vectors.o(RESET)
</UL>
<P><STRONG><a name="[1d]"></a>Vector5C</STRONG> (Thumb, 0 bytes, Stack size 0 bytes, vectors.o(.text))
<BR>[Address Reference Count : 1]<UL><LI> vectors.o(RESET)
</UL>
<P><STRONG><a name="[1e]"></a>Vector60</STRONG> (Thumb, 0 bytes, Stack size 0 bytes, vectors.o(.text))
<BR>[Address Reference Count : 1]<UL><LI> vectors.o(RESET)
</UL>
<P><STRONG><a name="[1f]"></a>Vector64</STRONG> (Thumb, 0 bytes, Stack size 0 bytes, vectors.o(.text))
<BR>[Address Reference Count : 1]<UL><LI> vectors.o(RESET)
</UL>
<P><STRONG><a name="[20]"></a>Vector68</STRONG> (Thumb, 0 bytes, Stack size 0 bytes, vectors.o(.text))
<BR>[Address Reference Count : 1]<UL><LI> vectors.o(RESET)
</UL>
<P><STRONG><a name="[2e]"></a>VectorA0</STRONG> (Thumb, 0 bytes, Stack size 0 bytes, vectors.o(.text))
<BR>[Address Reference Count : 1]<UL><LI> vectors.o(RESET)
</UL>
<P><STRONG><a name="[2f]"></a>VectorA4</STRONG> (Thumb, 0 bytes, Stack size 0 bytes, vectors.o(.text))
<BR>[Address Reference Count : 1]<UL><LI> vectors.o(RESET)
</UL>
<P><STRONG><a name="[30]"></a>VectorA8</STRONG> (Thumb, 0 bytes, Stack size 0 bytes, vectors.o(.text))
<BR>[Address Reference Count : 1]<UL><LI> vectors.o(RESET)
</UL>
<P><STRONG><a name="[31]"></a>VectorAC</STRONG> (Thumb, 0 bytes, Stack size 0 bytes, vectors.o(.text))
<BR>[Address Reference Count : 1]<UL><LI> vectors.o(RESET)
</UL>
<P><STRONG><a name="[32]"></a>VectorB0</STRONG> (Thumb, 0 bytes, Stack size 0 bytes, vectors.o(.text))
<BR>[Address Reference Count : 1]<UL><LI> vectors.o(RESET)
</UL>
<P><STRONG><a name="[35]"></a>VectorBC</STRONG> (Thumb, 0 bytes, Stack size 0 bytes, vectors.o(.text))
<BR>[Address Reference Count : 1]<UL><LI> vectors.o(RESET)
</UL>
<P><STRONG><a name="[36]"></a>VectorC0</STRONG> (Thumb, 0 bytes, Stack size 0 bytes, vectors.o(.text))
<BR>[Address Reference Count : 1]<UL><LI> vectors.o(RESET)
</UL>
<P><STRONG><a name="[39]"></a>VectorCC</STRONG> (Thumb, 0 bytes, Stack size 0 bytes, vectors.o(.text))
<BR>[Address Reference Count : 1]<UL><LI> vectors.o(RESET)
</UL>
<P><STRONG><a name="[3a]"></a>VectorD0</STRONG> (Thumb, 0 bytes, Stack size 0 bytes, vectors.o(.text))
<BR>[Address Reference Count : 1]<UL><LI> vectors.o(RESET)
</UL>
<P><STRONG><a name="[3b]"></a>VectorD4</STRONG> (Thumb, 0 bytes, Stack size 0 bytes, vectors.o(.text))
<BR>[Address Reference Count : 1]<UL><LI> vectors.o(RESET)
</UL>
<P><STRONG><a name="[3c]"></a>VectorD8</STRONG> (Thumb, 0 bytes, Stack size 0 bytes, vectors.o(.text))
<BR>[Address Reference Count : 1]<UL><LI> vectors.o(RESET)
</UL>
<P><STRONG><a name="[3d]"></a>VectorDC</STRONG> (Thumb, 0 bytes, Stack size 0 bytes, vectors.o(.text))
<BR>[Address Reference Count : 1]<UL><LI> vectors.o(RESET)
</UL>
<P><STRONG><a name="[3e]"></a>VectorE0</STRONG> (Thumb, 0 bytes, Stack size 0 bytes, vectors.o(.text))
<BR>[Address Reference Count : 1]<UL><LI> vectors.o(RESET)
</UL>
<P><STRONG><a name="[3f]"></a>VectorE4</STRONG> (Thumb, 0 bytes, Stack size 0 bytes, vectors.o(.text))
<BR>[Address Reference Count : 1]<UL><LI> vectors.o(RESET)
</UL>
<P><STRONG><a name="[40]"></a>VectorE8</STRONG> (Thumb, 0 bytes, Stack size 0 bytes, vectors.o(.text))
<BR>[Address Reference Count : 1]<UL><LI> vectors.o(RESET)
</UL>
<P><STRONG><a name="[41]"></a>VectorEC</STRONG> (Thumb, 0 bytes, Stack size 0 bytes, vectors.o(.text))
<BR>[Address Reference Count : 1]<UL><LI> vectors.o(RESET)
</UL>
<P><STRONG><a name="[42]"></a>VectorF0</STRONG> (Thumb, 0 bytes, Stack size 0 bytes, vectors.o(.text))
<BR>[Address Reference Count : 1]<UL><LI> vectors.o(RESET)
</UL>
<P><STRONG><a name="[43]"></a>VectorF4</STRONG> (Thumb, 0 bytes, Stack size 0 bytes, vectors.o(.text))
<BR>[Address Reference Count : 1]<UL><LI> vectors.o(RESET)
</UL>
<P><STRONG><a name="[c2]"></a>_unhandled_exception</STRONG> (Thumb, 2 bytes, Stack size 0 bytes, vectors.o(.text), UNUSED)
<BR><BR>[Calls]<UL><LI><a href="#[c2]">&gt;&gt;</a>&nbsp;&nbsp;&nbsp;_unhandled_exception
</UL>
<BR>[Called By]<UL><LI><a href="#[c2]">&gt;&gt;</a>&nbsp;&nbsp;&nbsp;_unhandled_exception
</UL>

<P><STRONG><a name="[1a8]"></a>__aeabi_memcpy</STRONG> (Thumb, 36 bytes, Stack size 0 bytes, memcpya.o(.text))
<BR><BR>[Called By]<UL><LI><a href="#[2e6]">&gt;&gt;</a>&nbsp;&nbsp;&nbsp;rfhelp_send_data_crc
<LI><a href="#[a4]">&gt;&gt;</a>&nbsp;&nbsp;&nbsp;nrf_driver_send_buffer
<LI><a href="#[a0]">&gt;&gt;</a>&nbsp;&nbsp;&nbsp;rx_thread
<LI><a href="#[87]">&gt;&gt;</a>&nbsp;&nbsp;&nbsp;send_packet
<LI><a href="#[2ec]">&gt;&gt;</a>&nbsp;&nbsp;&nbsp;packet_send_packet
<LI><a href="#[1a6]">&gt;&gt;</a>&nbsp;&nbsp;&nbsp;comm_can_send_buffer
</UL>

<P><STRONG><a name="[166]"></a>__aeabi_memcpy4</STRONG> (Thumb, 0 bytes, Stack size 0 bytes, memcpya.o(.text))
<BR><BR>[Called By]<UL><LI><a href="#[165]">&gt;&gt;</a>&nbsp;&nbsp;&nbsp;app_set_configuration
<LI><a href="#[1b5]">&gt;&gt;</a>&nbsp;&nbsp;&nbsp;commands_process_packet
<LI><a href="#[a0]">&gt;&gt;</a>&nbsp;&nbsp;&nbsp;rx_thread
<LI><a href="#[1d9]">&gt;&gt;</a>&nbsp;&nbsp;&nbsp;terminal_process_string
<LI><a href="#[1db]">&gt;&gt;</a>&nbsp;&nbsp;&nbsp;conf_general_measure_flux_linkage
<LI><a href="#[1f3]">&gt;&gt;</a>&nbsp;&nbsp;&nbsp;conf_general_detect_motor_param
</UL>

<P><STRONG><a name="[34d]"></a>__aeabi_memcpy8</STRONG> (Thumb, 0 bytes, Stack size 0 bytes, memcpya.o(.text), UNUSED)

<P><STRONG><a name="[c4]"></a>__aeabi_memset</STRONG> (Thumb, 14 bytes, Stack size 0 bytes, memseta.o(.text))
<BR><BR>[Called By]<UL><LI><a href="#[1b5]">&gt;&gt;</a>&nbsp;&nbsp;&nbsp;commands_process_packet
<LI><a href="#[c5]">&gt;&gt;</a>&nbsp;&nbsp;&nbsp;_memset$wrapper
<LI><a href="#[c3]">&gt;&gt;</a>&nbsp;&nbsp;&nbsp;__aeabi_memclr
</UL>

<P><STRONG><a name="[34e]"></a>__aeabi_memset4</STRONG> (Thumb, 0 bytes, Stack size 0 bytes, memseta.o(.text), UNUSED)

<P><STRONG><a name="[34f]"></a>__aeabi_memset8</STRONG> (Thumb, 0 bytes, Stack size 0 bytes, memseta.o(.text), UNUSED)

<P><STRONG><a name="[c3]"></a>__aeabi_memclr</STRONG> (Thumb, 4 bytes, Stack size 0 bytes, memseta.o(.text))
<BR><BR>[Calls]<UL><LI><a href="#[c4]">&gt;&gt;</a>&nbsp;&nbsp;&nbsp;__aeabi_memset
</UL>
<BR>[Called By]<UL><LI><a href="#[1fd]">&gt;&gt;</a>&nbsp;&nbsp;&nbsp;conf_general_init
</UL>

<P><STRONG><a name="[1fc]"></a>__aeabi_memclr4</STRONG> (Thumb, 0 bytes, Stack size 0 bytes, memseta.o(.text))
<BR><BR>[Called By]<UL><LI><a href="#[285]">&gt;&gt;</a>&nbsp;&nbsp;&nbsp;mcpwm_init
<LI><a href="#[284]">&gt;&gt;</a>&nbsp;&nbsp;&nbsp;mcpwm_foc_init
<LI><a href="#[1f8]">&gt;&gt;</a>&nbsp;&nbsp;&nbsp;mcpwm_reset_hall_detect_table
<LI><a href="#[1d1]">&gt;&gt;</a>&nbsp;&nbsp;&nbsp;conf_general_get_default_mc_configuration
<LI><a href="#[1d6]">&gt;&gt;</a>&nbsp;&nbsp;&nbsp;conf_general_get_default_app_configuration
</UL>

<P><STRONG><a name="[350]"></a>__aeabi_memclr8</STRONG> (Thumb, 0 bytes, Stack size 0 bytes, memseta.o(.text), UNUSED)

<P><STRONG><a name="[c5]"></a>_memset$wrapper</STRONG> (Thumb, 18 bytes, Stack size 8 bytes, memseta.o(.text), UNUSED)
<BR><BR>[Calls]<UL><LI><a href="#[c4]">&gt;&gt;</a>&nbsp;&nbsp;&nbsp;__aeabi_memset
</UL>

<P><STRONG><a name="[217]"></a>strcat</STRONG> (Thumb, 24 bytes, Stack size 0 bytes, strcat.o(.text))
<BR><BR>[Called By]<UL><LI><a href="#[32f]">&gt;&gt;</a>&nbsp;&nbsp;&nbsp;utils_byte_to_binary
<LI><a href="#[216]">&gt;&gt;</a>&nbsp;&nbsp;&nbsp;drv8301_faults_to_string
</UL>

<P><STRONG><a name="[327]"></a>strcmp</STRONG> (Thumb, 28 bytes, Stack size 8 bytes, strcmp.o(.text))
<BR><BR>[Stack]<UL><LI>Max Depth = 8<LI>Call Chain = strcmp
</UL>
<BR>[Called By]<UL><LI><a href="#[157]">&gt;&gt;</a>&nbsp;&nbsp;&nbsp;terminal_register_command_callback
<LI><a href="#[1d9]">&gt;&gt;</a>&nbsp;&nbsp;&nbsp;terminal_process_string
</UL>

<P><STRONG><a name="[318]"></a>memcmp</STRONG> (Thumb, 26 bytes, Stack size 12 bytes, memcmp.o(.text))
<BR><BR>[Stack]<UL><LI>Max Depth = 12<LI>Call Chain = memcmp
</UL>
<BR>[Called By]<UL><LI><a href="#[2e4]">&gt;&gt;</a>&nbsp;&nbsp;&nbsp;rfhelp_init
</UL>

<P><STRONG><a name="[326]"></a>strtok</STRONG> (Thumb, 62 bytes, Stack size 16 bytes, strtok.o(.text))
<BR><BR>[Stack]<UL><LI>Max Depth = 16<LI>Call Chain = strtok
</UL>
<BR>[Called By]<UL><LI><a href="#[1d9]">&gt;&gt;</a>&nbsp;&nbsp;&nbsp;terminal_process_string
</UL>

<P><STRONG><a name="[c6]"></a>__0sscanf</STRONG> (Thumb, 48 bytes, Stack size 72 bytes, __0sscanf.o(.text))
<BR><BR>[Stack]<UL><LI>Max Depth = 264<LI>Call Chain = __0sscanf &rArr; __vfscanf_char &rArr; __vfscanf &rArr; _scanf_real
</UL>
<BR>[Calls]<UL><LI><a href="#[c7]">&gt;&gt;</a>&nbsp;&nbsp;&nbsp;__vfscanf_char
</UL>
<BR>[Called By]<UL><LI><a href="#[91]">&gt;&gt;</a>&nbsp;&nbsp;&nbsp;terminal_write_reg
<LI><a href="#[92]">&gt;&gt;</a>&nbsp;&nbsp;&nbsp;terminal_set_oc_adj
<LI><a href="#[90]">&gt;&gt;</a>&nbsp;&nbsp;&nbsp;terminal_read_reg
<LI><a href="#[1d9]">&gt;&gt;</a>&nbsp;&nbsp;&nbsp;terminal_process_string
</UL>

<P><STRONG><a name="[c8]"></a>_scanf_int</STRONG> (Thumb, 332 bytes, Stack size 56 bytes, _scanf_int.o(.text))
<BR><BR>[Stack]<UL><LI>Max Depth = 56<LI>Call Chain = _scanf_int
</UL>
<BR>[Calls]<UL><LI><a href="#[c9]">&gt;&gt;</a>&nbsp;&nbsp;&nbsp;_chval
</UL>
<BR>[Called By]<UL><LI><a href="#[d7]">&gt;&gt;</a>&nbsp;&nbsp;&nbsp;__vfscanf
</UL>

<P><STRONG><a name="[e2]"></a>_scanf_real</STRONG> (Thumb, 0 bytes, Stack size 104 bytes, scanf_fp.o(.text))
<BR><BR>[Stack]<UL><LI>Max Depth = 104<LI>Call Chain = _scanf_real
</UL>
<BR>[Called By]<UL><LI><a href="#[d7]">&gt;&gt;</a>&nbsp;&nbsp;&nbsp;__vfscanf
</UL>

<P><STRONG><a name="[ce]"></a>_scanf_really_real</STRONG> (Thumb, 556 bytes, Stack size 104 bytes, scanf_fp.o(.text), UNUSED)
<BR><BR>[Calls]<UL><LI><a href="#[d0]">&gt;&gt;</a>&nbsp;&nbsp;&nbsp;__aeabi_d2f
<LI><a href="#[cf]">&gt;&gt;</a>&nbsp;&nbsp;&nbsp;_is_digit
<LI><a href="#[ca]">&gt;&gt;</a>&nbsp;&nbsp;&nbsp;_fp_value
</UL>

<P><STRONG><a name="[cc]"></a>__aeabi_dmul</STRONG> (Thumb, 228 bytes, Stack size 48 bytes, dmul.o(.text))
<BR><BR>[Stack]<UL><LI>Max Depth = 88<LI>Call Chain = __aeabi_dmul &rArr; _double_epilogue &rArr; _double_round
</UL>
<BR>[Calls]<UL><LI><a href="#[d1]">&gt;&gt;</a>&nbsp;&nbsp;&nbsp;_double_epilogue
</UL>
<BR>[Called By]<UL><LI><a href="#[31c]">&gt;&gt;</a>&nbsp;&nbsp;&nbsp;run_pid_control_speed_mine
<LI><a href="#[ca]">&gt;&gt;</a>&nbsp;&nbsp;&nbsp;_fp_value
<LI><a href="#[124]">&gt;&gt;</a>&nbsp;&nbsp;&nbsp;_fp_digits
</UL>

<P><STRONG><a name="[d2]"></a>__aeabi_ui2d</STRONG> (Thumb, 26 bytes, Stack size 16 bytes, dfltui.o(.text))
<BR><BR>[Stack]<UL><LI>Max Depth = 56<LI>Call Chain = __aeabi_ui2d &rArr; _double_epilogue &rArr; _double_round
</UL>
<BR>[Calls]<UL><LI><a href="#[d1]">&gt;&gt;</a>&nbsp;&nbsp;&nbsp;_double_epilogue
</UL>
<BR>[Called By]<UL><LI><a href="#[97]">&gt;&gt;</a>&nbsp;&nbsp;&nbsp;periodic_thread
<LI><a href="#[17a]">&gt;&gt;</a>&nbsp;&nbsp;&nbsp;data_can_per
</UL>

<P><STRONG><a name="[2ba]"></a>__aeabi_f2d</STRONG> (Thumb, 38 bytes, Stack size 0 bytes, f2d.o(.text))
<BR><BR>[Called By]<UL><LI><a href="#[2da]">&gt;&gt;</a>&nbsp;&nbsp;&nbsp;mcpwm_foc_print_state
<LI><a href="#[1dd]">&gt;&gt;</a>&nbsp;&nbsp;&nbsp;mcpwm_foc_encoder_detect
<LI><a href="#[31c]">&gt;&gt;</a>&nbsp;&nbsp;&nbsp;run_pid_control_speed_mine
<LI><a href="#[1d9]">&gt;&gt;</a>&nbsp;&nbsp;&nbsp;terminal_process_string
</UL>

<P><STRONG><a name="[351]"></a>__aeabi_cdcmpeq</STRONG> (Thumb, 0 bytes, Stack size 0 bytes, cdcmple.o(.text), UNUSED)

<P><STRONG><a name="[31d]"></a>__aeabi_cdcmple</STRONG> (Thumb, 48 bytes, Stack size 0 bytes, cdcmple.o(.text))
<BR><BR>[Called By]<UL><LI><a href="#[31c]">&gt;&gt;</a>&nbsp;&nbsp;&nbsp;run_pid_control_speed_mine
</UL>

<P><STRONG><a name="[125]"></a>__aeabi_cdrcmple</STRONG> (Thumb, 48 bytes, Stack size 0 bytes, cdrcmple.o(.text))
<BR><BR>[Called By]<UL><LI><a href="#[97]">&gt;&gt;</a>&nbsp;&nbsp;&nbsp;periodic_thread
<LI><a href="#[31c]">&gt;&gt;</a>&nbsp;&nbsp;&nbsp;run_pid_control_speed_mine
<LI><a href="#[17a]">&gt;&gt;</a>&nbsp;&nbsp;&nbsp;data_can_per
<LI><a href="#[124]">&gt;&gt;</a>&nbsp;&nbsp;&nbsp;_fp_digits
</UL>

<P><STRONG><a name="[d0]"></a>__aeabi_d2f</STRONG> (Thumb, 56 bytes, Stack size 8 bytes, d2f.o(.text))
<BR><BR>[Stack]<UL><LI>Max Depth = 8<LI>Call Chain = __aeabi_d2f
</UL>
<BR>[Calls]<UL><LI><a href="#[d3]">&gt;&gt;</a>&nbsp;&nbsp;&nbsp;_float_round
</UL>
<BR>[Called By]<UL><LI><a href="#[31c]">&gt;&gt;</a>&nbsp;&nbsp;&nbsp;run_pid_control_speed_mine
<LI><a href="#[ce]">&gt;&gt;</a>&nbsp;&nbsp;&nbsp;_scanf_really_real
</UL>

<P><STRONG><a name="[352]"></a>__aeabi_uidiv</STRONG> (Thumb, 0 bytes, Stack size 12 bytes, uidiv.o(.text), UNUSED)

<P><STRONG><a name="[12d]"></a>__aeabi_uidivmod</STRONG> (Thumb, 44 bytes, Stack size 12 bytes, uidiv.o(.text), UNUSED)
<BR><BR>[Called By]<UL><LI><a href="#[10d]">&gt;&gt;</a>&nbsp;&nbsp;&nbsp;_printf_core
</UL>

<P><STRONG><a name="[d4]"></a>__aeabi_uldivmod</STRONG> (Thumb, 98 bytes, Stack size 40 bytes, uldiv.o(.text), UNUSED)
<BR><BR>[Calls]<UL><LI><a href="#[d5]">&gt;&gt;</a>&nbsp;&nbsp;&nbsp;__aeabi_llsr
<LI><a href="#[d6]">&gt;&gt;</a>&nbsp;&nbsp;&nbsp;__aeabi_llsl
</UL>
<BR>[Called By]<UL><LI><a href="#[10d]">&gt;&gt;</a>&nbsp;&nbsp;&nbsp;_printf_core
<LI><a href="#[124]">&gt;&gt;</a>&nbsp;&nbsp;&nbsp;_fp_digits
</UL>

<P><STRONG><a name="[c9]"></a>_chval</STRONG> (Thumb, 28 bytes, Stack size 0 bytes, _chval.o(.text))
<BR><BR>[Called By]<UL><LI><a href="#[c8]">&gt;&gt;</a>&nbsp;&nbsp;&nbsp;_scanf_int
</UL>

<P><STRONG><a name="[c7]"></a>__vfscanf_char</STRONG> (Thumb, 20 bytes, Stack size 0 bytes, scanf_char.o(.text))
<BR><BR>[Stack]<UL><LI>Max Depth = 192<LI>Call Chain = __vfscanf_char &rArr; __vfscanf &rArr; _scanf_real
</UL>
<BR>[Calls]<UL><LI><a href="#[d7]">&gt;&gt;</a>&nbsp;&nbsp;&nbsp;__vfscanf
</UL>
<BR>[Called By]<UL><LI><a href="#[c6]">&gt;&gt;</a>&nbsp;&nbsp;&nbsp;__0sscanf
</UL>

<P><STRONG><a name="[78]"></a>_sgetc</STRONG> (Thumb, 30 bytes, Stack size 0 bytes, _sgetc.o(.text))
<BR>[Address Reference Count : 1]<UL><LI> __0sscanf.o(.text)
</UL>
<P><STRONG><a name="[79]"></a>_sbackspace</STRONG> (Thumb, 34 bytes, Stack size 0 bytes, _sgetc.o(.text))
<BR>[Address Reference Count : 1]<UL><LI> __0sscanf.o(.text)
</UL>
<P><STRONG><a name="[353]"></a>__I$use$fp</STRONG> (Thumb, 0 bytes, Stack size 0 bytes, iusefp.o(.text), UNUSED)

<P><STRONG><a name="[d3]"></a>_float_round</STRONG> (Thumb, 18 bytes, Stack size 0 bytes, fepilogue.o(.text))
<BR><BR>[Called By]<UL><LI><a href="#[d0]">&gt;&gt;</a>&nbsp;&nbsp;&nbsp;__aeabi_d2f
<LI><a href="#[d8]">&gt;&gt;</a>&nbsp;&nbsp;&nbsp;_frnd
</UL>

<P><STRONG><a name="[da]"></a>_float_epilogue</STRONG> (Thumb, 92 bytes, Stack size 4 bytes, fepilogue.o(.text))
<BR><BR>[Stack]<UL><LI>Max Depth = 4<LI>Call Chain = _float_epilogue
</UL>
<BR>[Called By]<UL><LI><a href="#[d9]">&gt;&gt;</a>&nbsp;&nbsp;&nbsp;_frem
</UL>

<P><STRONG><a name="[11e]"></a>__ARM_scalbnf</STRONG> (Thumb, 24 bytes, Stack size 0 bytes, fscalb.o(.text))
<BR><BR>[Called By]<UL><LI><a href="#[11d]">&gt;&gt;</a>&nbsp;&nbsp;&nbsp;__hardfp_ldexpf
</UL>

<P><STRONG><a name="[354]"></a>scalbnf</STRONG> (Thumb, 0 bytes, Stack size 0 bytes, fscalb.o(.text), UNUSED)

<P><STRONG><a name="[d8]"></a>_frnd</STRONG> (Thumb, 60 bytes, Stack size 8 bytes, frnd.o(.text))
<BR><BR>[Stack]<UL><LI>Max Depth = 8<LI>Call Chain = _frnd
</UL>
<BR>[Calls]<UL><LI><a href="#[d3]">&gt;&gt;</a>&nbsp;&nbsp;&nbsp;_float_round
</UL>
<BR>[Called By]<UL><LI><a href="#[123]">&gt;&gt;</a>&nbsp;&nbsp;&nbsp;__hardfp_roundf
</UL>

<P><STRONG><a name="[d9]"></a>_frem</STRONG> (Thumb, 82 bytes, Stack size 16 bytes, frem.o(.text))
<BR><BR>[Stack]<UL><LI>Max Depth = 20<LI>Call Chain = _frem &rArr; _float_epilogue
</UL>
<BR>[Calls]<UL><LI><a href="#[da]">&gt;&gt;</a>&nbsp;&nbsp;&nbsp;_float_epilogue
</UL>
<BR>[Called By]<UL><LI><a href="#[11c]">&gt;&gt;</a>&nbsp;&nbsp;&nbsp;__hardfp_fmodf
</UL>

<P><STRONG><a name="[db]"></a>_double_round</STRONG> (Thumb, 30 bytes, Stack size 8 bytes, depilogue.o(.text))
<BR><BR>[Stack]<UL><LI>Max Depth = 8<LI>Call Chain = _double_round
</UL>
<BR>[Called By]<UL><LI><a href="#[d1]">&gt;&gt;</a>&nbsp;&nbsp;&nbsp;_double_epilogue
<LI><a href="#[cd]">&gt;&gt;</a>&nbsp;&nbsp;&nbsp;__aeabi_ddiv
<LI><a href="#[dc]">&gt;&gt;</a>&nbsp;&nbsp;&nbsp;__aeabi_dadd
</UL>

<P><STRONG><a name="[d1]"></a>_double_epilogue</STRONG> (Thumb, 156 bytes, Stack size 32 bytes, depilogue.o(.text))
<BR><BR>[Stack]<UL><LI>Max Depth = 40<LI>Call Chain = _double_epilogue &rArr; _double_round
</UL>
<BR>[Calls]<UL><LI><a href="#[d5]">&gt;&gt;</a>&nbsp;&nbsp;&nbsp;__aeabi_llsr
<LI><a href="#[d6]">&gt;&gt;</a>&nbsp;&nbsp;&nbsp;__aeabi_llsl
<LI><a href="#[db]">&gt;&gt;</a>&nbsp;&nbsp;&nbsp;_double_round
</UL>
<BR>[Called By]<UL><LI><a href="#[d2]">&gt;&gt;</a>&nbsp;&nbsp;&nbsp;__aeabi_ui2d
<LI><a href="#[cc]">&gt;&gt;</a>&nbsp;&nbsp;&nbsp;__aeabi_dmul
<LI><a href="#[cb]">&gt;&gt;</a>&nbsp;&nbsp;&nbsp;__aeabi_ul2d
<LI><a href="#[dc]">&gt;&gt;</a>&nbsp;&nbsp;&nbsp;__aeabi_dadd
</UL>

<P><STRONG><a name="[dc]"></a>__aeabi_dadd</STRONG> (Thumb, 322 bytes, Stack size 48 bytes, dadd.o(.text), UNUSED)
<BR><BR>[Calls]<UL><LI><a href="#[d1]">&gt;&gt;</a>&nbsp;&nbsp;&nbsp;_double_epilogue
<LI><a href="#[dd]">&gt;&gt;</a>&nbsp;&nbsp;&nbsp;__aeabi_lasr
<LI><a href="#[d6]">&gt;&gt;</a>&nbsp;&nbsp;&nbsp;__aeabi_llsl
<LI><a href="#[db]">&gt;&gt;</a>&nbsp;&nbsp;&nbsp;_double_round
</UL>
<BR>[Called By]<UL><LI><a href="#[124]">&gt;&gt;</a>&nbsp;&nbsp;&nbsp;_fp_digits
<LI><a href="#[df]">&gt;&gt;</a>&nbsp;&nbsp;&nbsp;__aeabi_drsub
<LI><a href="#[de]">&gt;&gt;</a>&nbsp;&nbsp;&nbsp;__aeabi_dsub
</UL>

<P><STRONG><a name="[de]"></a>__aeabi_dsub</STRONG> (Thumb, 6 bytes, Stack size 0 bytes, dadd.o(.text), UNUSED)
<BR><BR>[Calls]<UL><LI><a href="#[dc]">&gt;&gt;</a>&nbsp;&nbsp;&nbsp;__aeabi_dadd
</UL>

<P><STRONG><a name="[df]"></a>__aeabi_drsub</STRONG> (Thumb, 6 bytes, Stack size 0 bytes, dadd.o(.text), UNUSED)
<BR><BR>[Calls]<UL><LI><a href="#[dc]">&gt;&gt;</a>&nbsp;&nbsp;&nbsp;__aeabi_dadd
</UL>

<P><STRONG><a name="[cd]"></a>__aeabi_ddiv</STRONG> (Thumb, 222 bytes, Stack size 32 bytes, ddiv.o(.text), UNUSED)
<BR><BR>[Calls]<UL><LI><a href="#[db]">&gt;&gt;</a>&nbsp;&nbsp;&nbsp;_double_round
</UL>
<BR>[Called By]<UL><LI><a href="#[ca]">&gt;&gt;</a>&nbsp;&nbsp;&nbsp;_fp_value
<LI><a href="#[124]">&gt;&gt;</a>&nbsp;&nbsp;&nbsp;_fp_digits
</UL>

<P><STRONG><a name="[cb]"></a>__aeabi_ul2d</STRONG> (Thumb, 24 bytes, Stack size 16 bytes, dfltul.o(.text), UNUSED)
<BR><BR>[Calls]<UL><LI><a href="#[d1]">&gt;&gt;</a>&nbsp;&nbsp;&nbsp;_double_epilogue
</UL>
<BR>[Called By]<UL><LI><a href="#[ca]">&gt;&gt;</a>&nbsp;&nbsp;&nbsp;_fp_value
</UL>

<P><STRONG><a name="[e0]"></a>__aeabi_d2ulz</STRONG> (Thumb, 48 bytes, Stack size 0 bytes, dfixul.o(.text), UNUSED)
<BR><BR>[Calls]<UL><LI><a href="#[d5]">&gt;&gt;</a>&nbsp;&nbsp;&nbsp;__aeabi_llsr
<LI><a href="#[d6]">&gt;&gt;</a>&nbsp;&nbsp;&nbsp;__aeabi_llsl
</UL>
<BR>[Called By]<UL><LI><a href="#[124]">&gt;&gt;</a>&nbsp;&nbsp;&nbsp;_fp_digits
</UL>

<P><STRONG><a name="[355]"></a>__fp_status</STRONG> (Thumb, 4 bytes, Stack size 0 bytes, fpstat.o(.text), UNUSED)

<P><STRONG><a name="[122]"></a>__ieee_status</STRONG> (Thumb, 0 bytes, Stack size 0 bytes, fpstat.o(.text))
<BR><BR>[Called By]<UL><LI><a href="#[121]">&gt;&gt;</a>&nbsp;&nbsp;&nbsp;__hardfp_powf
</UL>

<P><STRONG><a name="[d6]"></a>__aeabi_llsl</STRONG> (Thumb, 30 bytes, Stack size 0 bytes, llshl.o(.text))
<BR><BR>[Called By]<UL><LI><a href="#[d1]">&gt;&gt;</a>&nbsp;&nbsp;&nbsp;_double_epilogue
<LI><a href="#[dc]">&gt;&gt;</a>&nbsp;&nbsp;&nbsp;__aeabi_dadd
<LI><a href="#[e0]">&gt;&gt;</a>&nbsp;&nbsp;&nbsp;__aeabi_d2ulz
<LI><a href="#[d4]">&gt;&gt;</a>&nbsp;&nbsp;&nbsp;__aeabi_uldivmod
</UL>

<P><STRONG><a name="[356]"></a>_ll_shift_l</STRONG> (Thumb, 0 bytes, Stack size 0 bytes, llshl.o(.text), UNUSED)

<P><STRONG><a name="[d5]"></a>__aeabi_llsr</STRONG> (Thumb, 32 bytes, Stack size 0 bytes, llushr.o(.text))
<BR><BR>[Called By]<UL><LI><a href="#[d1]">&gt;&gt;</a>&nbsp;&nbsp;&nbsp;_double_epilogue
<LI><a href="#[e0]">&gt;&gt;</a>&nbsp;&nbsp;&nbsp;__aeabi_d2ulz
<LI><a href="#[d4]">&gt;&gt;</a>&nbsp;&nbsp;&nbsp;__aeabi_uldivmod
</UL>

<P><STRONG><a name="[357]"></a>_ll_ushift_r</STRONG> (Thumb, 0 bytes, Stack size 0 bytes, llushr.o(.text), UNUSED)

<P><STRONG><a name="[dd]"></a>__aeabi_lasr</STRONG> (Thumb, 36 bytes, Stack size 0 bytes, llsshr.o(.text), UNUSED)
<BR><BR>[Called By]<UL><LI><a href="#[dc]">&gt;&gt;</a>&nbsp;&nbsp;&nbsp;__aeabi_dadd
</UL>

<P><STRONG><a name="[358]"></a>_ll_sshift_r</STRONG> (Thumb, 0 bytes, Stack size 0 bytes, llsshr.o(.text), UNUSED)

<P><STRONG><a name="[7b]"></a>isspace</STRONG> (Thumb, 10 bytes, Stack size 0 bytes, isspace_c.o(.text))
<BR><BR>[Calls]<UL><LI><a href="#[e1]">&gt;&gt;</a>&nbsp;&nbsp;&nbsp;__ctype_lookup
</UL>
<BR>[Address Reference Count : 1]<UL><LI> scanf_char.o(.text)
</UL>
<P><STRONG><a name="[d7]"></a>__vfscanf</STRONG> (Thumb, 810 bytes, Stack size 88 bytes, _scanf.o(.text))
<BR><BR>[Stack]<UL><LI>Max Depth = 192<LI>Call Chain = __vfscanf &rArr; _scanf_real
</UL>
<BR>[Calls]<UL><LI><a href="#[e2]">&gt;&gt;</a>&nbsp;&nbsp;&nbsp;_scanf_real
<LI><a href="#[c8]">&gt;&gt;</a>&nbsp;&nbsp;&nbsp;_scanf_int
</UL>
<BR>[Called By]<UL><LI><a href="#[c7]">&gt;&gt;</a>&nbsp;&nbsp;&nbsp;__vfscanf_char
</UL>

<P><STRONG><a name="[e1]"></a>__ctype_lookup</STRONG> (Thumb, 34 bytes, Stack size 0 bytes, ctype_c.o(.text))
<BR><BR>[Called By]<UL><LI><a href="#[7b]">&gt;&gt;</a>&nbsp;&nbsp;&nbsp;isspace
</UL>

<P><STRONG><a name="[359]"></a>__decompress</STRONG> (Thumb, 0 bytes, Stack size unknown bytes, __dczerorl2.o(.text), UNUSED)

<P><STRONG><a name="[35a]"></a>__decompress1</STRONG> (Thumb, 86 bytes, Stack size unknown bytes, __dczerorl2.o(.text), UNUSED)

<P><STRONG><a name="[100]"></a>ADC_ClearITPendingBit</STRONG> (Thumb, 8 bytes, Stack size 0 bytes, stm32f4xx_adc.o(i.ADC_ClearITPendingBit))
<BR><BR>[Called By]<UL><LI><a href="#[28]">&gt;&gt;</a>&nbsp;&nbsp;&nbsp;Vector88
</UL>

<P><STRONG><a name="[2cf]"></a>ADC_Cmd</STRONG> (Thumb, 18 bytes, Stack size 0 bytes, stm32f4xx_adc.o(i.ADC_Cmd))
<BR><BR>[Called By]<UL><LI><a href="#[285]">&gt;&gt;</a>&nbsp;&nbsp;&nbsp;mcpwm_init
<LI><a href="#[284]">&gt;&gt;</a>&nbsp;&nbsp;&nbsp;mcpwm_foc_init
</UL>

<P><STRONG><a name="[2cb]"></a>ADC_CommonInit</STRONG> (Thumb, 36 bytes, Stack size 0 bytes, stm32f4xx_adc.o(i.ADC_CommonInit))
<BR><BR>[Called By]<UL><LI><a href="#[285]">&gt;&gt;</a>&nbsp;&nbsp;&nbsp;mcpwm_init
<LI><a href="#[284]">&gt;&gt;</a>&nbsp;&nbsp;&nbsp;mcpwm_foc_init
</UL>

<P><STRONG><a name="[e3]"></a>ADC_DeInit</STRONG> (Thumb, 24 bytes, Stack size 8 bytes, stm32f4xx_adc.o(i.ADC_DeInit))
<BR><BR>[Stack]<UL><LI>Max Depth = 8<LI>Call Chain = ADC_DeInit
</UL>
<BR>[Calls]<UL><LI><a href="#[e4]">&gt;&gt;</a>&nbsp;&nbsp;&nbsp;RCC_APB2PeriphResetCmd
</UL>
<BR>[Called By]<UL><LI><a href="#[296]">&gt;&gt;</a>&nbsp;&nbsp;&nbsp;mcpwm_foc_deinit
<LI><a href="#[299]">&gt;&gt;</a>&nbsp;&nbsp;&nbsp;mcpwm_deinit
</UL>

<P><STRONG><a name="[2df]"></a>ADC_ExternalTrigInjectedConvConfig</STRONG> (Thumb, 12 bytes, Stack size 0 bytes, stm32f4xx_adc.o(i.ADC_ExternalTrigInjectedConvConfig))
<BR><BR>[Called By]<UL><LI><a href="#[285]">&gt;&gt;</a>&nbsp;&nbsp;&nbsp;mcpwm_init
</UL>

<P><STRONG><a name="[2e0]"></a>ADC_ExternalTrigInjectedConvEdgeConfig</STRONG> (Thumb, 12 bytes, Stack size 0 bytes, stm32f4xx_adc.o(i.ADC_ExternalTrigInjectedConvEdgeConfig))
<BR><BR>[Called By]<UL><LI><a href="#[285]">&gt;&gt;</a>&nbsp;&nbsp;&nbsp;mcpwm_init
</UL>

<P><STRONG><a name="[2a6]"></a>ADC_GetInjectedConversionValue</STRONG> (Thumb, 16 bytes, Stack size 4 bytes, stm32f4xx_adc.o(i.ADC_GetInjectedConversionValue))
<BR><BR>[Stack]<UL><LI>Max Depth = 4<LI>Call Chain = ADC_GetInjectedConversionValue
</UL>
<BR>[Called By]<UL><LI><a href="#[262]">&gt;&gt;</a>&nbsp;&nbsp;&nbsp;mcpwm_adc_inj_int_handler
</UL>

<P><STRONG><a name="[2e2]"></a>ADC_ITConfig</STRONG> (Thumb, 22 bytes, Stack size 0 bytes, stm32f4xx_adc.o(i.ADC_ITConfig))
<BR><BR>[Called By]<UL><LI><a href="#[285]">&gt;&gt;</a>&nbsp;&nbsp;&nbsp;mcpwm_init
</UL>

<P><STRONG><a name="[2cc]"></a>ADC_Init</STRONG> (Thumb, 76 bytes, Stack size 4 bytes, stm32f4xx_adc.o(i.ADC_Init))
<BR><BR>[Stack]<UL><LI>Max Depth = 4<LI>Call Chain = ADC_Init
</UL>
<BR>[Called By]<UL><LI><a href="#[285]">&gt;&gt;</a>&nbsp;&nbsp;&nbsp;mcpwm_init
<LI><a href="#[284]">&gt;&gt;</a>&nbsp;&nbsp;&nbsp;mcpwm_foc_init
</UL>

<P><STRONG><a name="[247]"></a>ADC_InjectedChannelConfig</STRONG> (Thumb, 92 bytes, Stack size 8 bytes, stm32f4xx_adc.o(i.ADC_InjectedChannelConfig))
<BR><BR>[Stack]<UL><LI>Max Depth = 8<LI>Call Chain = ADC_InjectedChannelConfig
</UL>
<BR>[Called By]<UL><LI><a href="#[245]">&gt;&gt;</a>&nbsp;&nbsp;&nbsp;hw_setup_adc_channels
</UL>

<P><STRONG><a name="[2e1]"></a>ADC_InjectedSequencerLengthConfig</STRONG> (Thumb, 16 bytes, Stack size 0 bytes, stm32f4xx_adc.o(i.ADC_InjectedSequencerLengthConfig))
<BR><BR>[Called By]<UL><LI><a href="#[285]">&gt;&gt;</a>&nbsp;&nbsp;&nbsp;mcpwm_init
</UL>

<P><STRONG><a name="[2ce]"></a>ADC_MultiModeDMARequestAfterLastTransferCmd</STRONG> (Thumb, 24 bytes, Stack size 0 bytes, stm32f4xx_adc.o(i.ADC_MultiModeDMARequestAfterLastTransferCmd))
<BR><BR>[Called By]<UL><LI><a href="#[285]">&gt;&gt;</a>&nbsp;&nbsp;&nbsp;mcpwm_init
<LI><a href="#[284]">&gt;&gt;</a>&nbsp;&nbsp;&nbsp;mcpwm_foc_init
</UL>

<P><STRONG><a name="[246]"></a>ADC_RegularChannelConfig</STRONG> (Thumb, 144 bytes, Stack size 8 bytes, stm32f4xx_adc.o(i.ADC_RegularChannelConfig))
<BR><BR>[Stack]<UL><LI>Max Depth = 8<LI>Call Chain = ADC_RegularChannelConfig
</UL>
<BR>[Called By]<UL><LI><a href="#[245]">&gt;&gt;</a>&nbsp;&nbsp;&nbsp;hw_setup_adc_channels
</UL>

<P><STRONG><a name="[2cd]"></a>ADC_TempSensorVrefintCmd</STRONG> (Thumb, 24 bytes, Stack size 0 bytes, stm32f4xx_adc.o(i.ADC_TempSensorVrefintCmd))
<BR><BR>[Called By]<UL><LI><a href="#[285]">&gt;&gt;</a>&nbsp;&nbsp;&nbsp;mcpwm_init
<LI><a href="#[284]">&gt;&gt;</a>&nbsp;&nbsp;&nbsp;mcpwm_foc_init
</UL>

<P><STRONG><a name="[e5]"></a>CAN1_Mode_Init</STRONG> (Thumb, 186 bytes, Stack size 112 bytes, can_my.o(i.CAN1_Mode_Init))
<BR><BR>[Stack]<UL><LI>Max Depth = 132<LI>Call Chain = CAN1_Mode_Init &rArr; GPIO_Init
</UL>
<BR>[Calls]<UL><LI><a href="#[e6]">&gt;&gt;</a>&nbsp;&nbsp;&nbsp;RCC_AHB1PeriphClockCmd
<LI><a href="#[e9]">&gt;&gt;</a>&nbsp;&nbsp;&nbsp;GPIO_PinAFConfig
<LI><a href="#[e8]">&gt;&gt;</a>&nbsp;&nbsp;&nbsp;GPIO_Init
<LI><a href="#[e7]">&gt;&gt;</a>&nbsp;&nbsp;&nbsp;RCC_APB1PeriphClockCmd
<LI><a href="#[ea]">&gt;&gt;</a>&nbsp;&nbsp;&nbsp;CAN_Init
<LI><a href="#[eb]">&gt;&gt;</a>&nbsp;&nbsp;&nbsp;CAN_FilterInit
</UL>
<BR>[Called By]<UL><LI><a href="#[76]">&gt;&gt;</a>&nbsp;&nbsp;&nbsp;main
</UL>

<P><STRONG><a name="[eb]"></a>CAN_FilterInit</STRONG> (Thumb, 216 bytes, Stack size 8 bytes, stm32f4xx_can.o(i.CAN_FilterInit))
<BR><BR>[Stack]<UL><LI>Max Depth = 8<LI>Call Chain = CAN_FilterInit
</UL>
<BR>[Called By]<UL><LI><a href="#[e5]">&gt;&gt;</a>&nbsp;&nbsp;&nbsp;CAN1_Mode_Init
</UL>

<P><STRONG><a name="[ea]"></a>CAN_Init</STRONG> (Thumb, 242 bytes, Stack size 0 bytes, stm32f4xx_can.o(i.CAN_Init))
<BR><BR>[Called By]<UL><LI><a href="#[e5]">&gt;&gt;</a>&nbsp;&nbsp;&nbsp;CAN1_Mode_Init
</UL>

<P><STRONG><a name="[17c]"></a>CAN_MessagePending</STRONG> (Thumb, 26 bytes, Stack size 0 bytes, stm32f4xx_can.o(i.CAN_MessagePending))
<BR><BR>[Called By]<UL><LI><a href="#[179]">&gt;&gt;</a>&nbsp;&nbsp;&nbsp;can_my_tread
</UL>

<P><STRONG><a name="[17d]"></a>CAN_Receive</STRONG> (Thumb, 180 bytes, Stack size 0 bytes, stm32f4xx_can.o(i.CAN_Receive))
<BR><BR>[Called By]<UL><LI><a href="#[179]">&gt;&gt;</a>&nbsp;&nbsp;&nbsp;can_my_tread
</UL>

<P><STRONG><a name="[17b]"></a>CAN_Transmit</STRONG> (Thumb, 228 bytes, Stack size 4 bytes, stm32f4xx_can.o(i.CAN_Transmit))
<BR><BR>[Stack]<UL><LI>Max Depth = 4<LI>Call Chain = CAN_Transmit
</UL>
<BR>[Called By]<UL><LI><a href="#[179]">&gt;&gt;</a>&nbsp;&nbsp;&nbsp;can_my_tread
</UL>

<P><STRONG><a name="[2c9]"></a>DMA_Cmd</STRONG> (Thumb, 18 bytes, Stack size 0 bytes, stm32f4xx_dma.o(i.DMA_Cmd))
<BR><BR>[Called By]<UL><LI><a href="#[285]">&gt;&gt;</a>&nbsp;&nbsp;&nbsp;mcpwm_init
<LI><a href="#[284]">&gt;&gt;</a>&nbsp;&nbsp;&nbsp;mcpwm_foc_init
</UL>

<P><STRONG><a name="[2af]"></a>DMA_DeInit</STRONG> (Thumb, 302 bytes, Stack size 24 bytes, stm32f4xx_dma.o(i.DMA_DeInit))
<BR><BR>[Stack]<UL><LI>Max Depth = 24<LI>Call Chain = DMA_DeInit
</UL>
<BR>[Called By]<UL><LI><a href="#[296]">&gt;&gt;</a>&nbsp;&nbsp;&nbsp;mcpwm_foc_deinit
<LI><a href="#[299]">&gt;&gt;</a>&nbsp;&nbsp;&nbsp;mcpwm_deinit
</UL>

<P><STRONG><a name="[2ca]"></a>DMA_ITConfig</STRONG> (Thumb, 48 bytes, Stack size 0 bytes, stm32f4xx_dma.o(i.DMA_ITConfig))
<BR><BR>[Called By]<UL><LI><a href="#[285]">&gt;&gt;</a>&nbsp;&nbsp;&nbsp;mcpwm_init
<LI><a href="#[284]">&gt;&gt;</a>&nbsp;&nbsp;&nbsp;mcpwm_foc_init
</UL>

<P><STRONG><a name="[2c8]"></a>DMA_Init</STRONG> (Thumb, 116 bytes, Stack size 4 bytes, stm32f4xx_dma.o(i.DMA_Init))
<BR><BR>[Stack]<UL><LI>Max Depth = 4<LI>Call Chain = DMA_Init
</UL>
<BR>[Called By]<UL><LI><a href="#[285]">&gt;&gt;</a>&nbsp;&nbsp;&nbsp;mcpwm_init
<LI><a href="#[284]">&gt;&gt;</a>&nbsp;&nbsp;&nbsp;mcpwm_foc_init
</UL>

<P><STRONG><a name="[ef]"></a>EE_Init</STRONG> (Thumb, 668 bytes, Stack size 40 bytes, eeprom.o(i.EE_Init))
<BR><BR>[Stack]<UL><LI>Max Depth = 80<LI>Call Chain = EE_Init &rArr; EE_VerifyPageFullWriteVariable &rArr; FLASH_ProgramHalfWord &rArr; FLASH_WaitForLastOperation
</UL>
<BR>[Calls]<UL><LI><a href="#[f0]">&gt;&gt;</a>&nbsp;&nbsp;&nbsp;FLASH_ProgramHalfWord
<LI><a href="#[f2]">&gt;&gt;</a>&nbsp;&nbsp;&nbsp;EE_VerifyPageFullWriteVariable
<LI><a href="#[f1]">&gt;&gt;</a>&nbsp;&nbsp;&nbsp;EE_FindValidPage
<LI><a href="#[ec]">&gt;&gt;</a>&nbsp;&nbsp;&nbsp;EE_EraseSectorIfNotEmpty
</UL>
<BR>[Called By]<UL><LI><a href="#[1fd]">&gt;&gt;</a>&nbsp;&nbsp;&nbsp;conf_general_init
</UL>

<P><STRONG><a name="[f3]"></a>EE_ReadVariable</STRONG> (Thumb, 70 bytes, Stack size 24 bytes, eeprom.o(i.EE_ReadVariable))
<BR><BR>[Stack]<UL><LI>Max Depth = 24<LI>Call Chain = EE_ReadVariable
</UL>
<BR>[Calls]<UL><LI><a href="#[f1]">&gt;&gt;</a>&nbsp;&nbsp;&nbsp;EE_FindValidPage
</UL>
<BR>[Called By]<UL><LI><a href="#[202]">&gt;&gt;</a>&nbsp;&nbsp;&nbsp;conf_general_read_mc_configuration
<LI><a href="#[201]">&gt;&gt;</a>&nbsp;&nbsp;&nbsp;conf_general_read_app_configuration
</UL>

<P><STRONG><a name="[f4]"></a>EE_WriteVariable</STRONG> (Thumb, 242 bytes, Stack size 40 bytes, eeprom.o(i.EE_WriteVariable))
<BR><BR>[Stack]<UL><LI>Max Depth = 80<LI>Call Chain = EE_WriteVariable &rArr; EE_VerifyPageFullWriteVariable &rArr; FLASH_ProgramHalfWord &rArr; FLASH_WaitForLastOperation
</UL>
<BR>[Calls]<UL><LI><a href="#[f0]">&gt;&gt;</a>&nbsp;&nbsp;&nbsp;FLASH_ProgramHalfWord
<LI><a href="#[f2]">&gt;&gt;</a>&nbsp;&nbsp;&nbsp;EE_VerifyPageFullWriteVariable
<LI><a href="#[f1]">&gt;&gt;</a>&nbsp;&nbsp;&nbsp;EE_FindValidPage
<LI><a href="#[ec]">&gt;&gt;</a>&nbsp;&nbsp;&nbsp;EE_EraseSectorIfNotEmpty
</UL>
<BR>[Called By]<UL><LI><a href="#[1d4]">&gt;&gt;</a>&nbsp;&nbsp;&nbsp;conf_general_store_app_configuration
<LI><a href="#[1cf]">&gt;&gt;</a>&nbsp;&nbsp;&nbsp;conf_general_store_mc_configuration
</UL>

<P><STRONG><a name="[106]"></a>EXTI_ClearITPendingBit</STRONG> (Thumb, 6 bytes, Stack size 0 bytes, stm32f4xx_exti.o(i.EXTI_ClearITPendingBit))
<BR><BR>[Called By]<UL><LI><a href="#[2d]">&gt;&gt;</a>&nbsp;&nbsp;&nbsp;Vector9C
</UL>

<P><STRONG><a name="[104]"></a>EXTI_GetITStatus</STRONG> (Thumb, 16 bytes, Stack size 0 bytes, stm32f4xx_exti.o(i.EXTI_GetITStatus))
<BR><BR>[Called By]<UL><LI><a href="#[2d]">&gt;&gt;</a>&nbsp;&nbsp;&nbsp;Vector9C
</UL>

<P><STRONG><a name="[226]"></a>EXTI_Init</STRONG> (Thumb, 136 bytes, Stack size 0 bytes, stm32f4xx_exti.o(i.EXTI_Init))
<BR><BR>[Called By]<UL><LI><a href="#[220]">&gt;&gt;</a>&nbsp;&nbsp;&nbsp;encoder_init_abi
</UL>

<P><STRONG><a name="[1ff]"></a>FLASH_ClearFlag</STRONG> (Thumb, 6 bytes, Stack size 0 bytes, stm32f4xx_flash.o(i.FLASH_ClearFlag))
<BR><BR>[Called By]<UL><LI><a href="#[1fd]">&gt;&gt;</a>&nbsp;&nbsp;&nbsp;conf_general_init
<LI><a href="#[1d4]">&gt;&gt;</a>&nbsp;&nbsp;&nbsp;conf_general_store_app_configuration
<LI><a href="#[1b9]">&gt;&gt;</a>&nbsp;&nbsp;&nbsp;flash_helper_write_new_app_data
<LI><a href="#[1b8]">&gt;&gt;</a>&nbsp;&nbsp;&nbsp;flash_helper_erase_new_app
<LI><a href="#[1cf]">&gt;&gt;</a>&nbsp;&nbsp;&nbsp;conf_general_store_mc_configuration
</UL>

<P><STRONG><a name="[ee]"></a>FLASH_EraseSector</STRONG> (Thumb, 104 bytes, Stack size 16 bytes, stm32f4xx_flash.o(i.FLASH_EraseSector))
<BR><BR>[Stack]<UL><LI>Max Depth = 24<LI>Call Chain = FLASH_EraseSector &rArr; FLASH_WaitForLastOperation
</UL>
<BR>[Calls]<UL><LI><a href="#[f5]">&gt;&gt;</a>&nbsp;&nbsp;&nbsp;FLASH_WaitForLastOperation
</UL>
<BR>[Called By]<UL><LI><a href="#[ec]">&gt;&gt;</a>&nbsp;&nbsp;&nbsp;EE_EraseSectorIfNotEmpty
<LI><a href="#[1b8]">&gt;&gt;</a>&nbsp;&nbsp;&nbsp;flash_helper_erase_new_app
</UL>

<P><STRONG><a name="[f7]"></a>FLASH_GetStatus</STRONG> (Thumb, 64 bytes, Stack size 0 bytes, stm32f4xx_flash.o(i.FLASH_GetStatus))
<BR><BR>[Called By]<UL><LI><a href="#[f5]">&gt;&gt;</a>&nbsp;&nbsp;&nbsp;FLASH_WaitForLastOperation
</UL>

<P><STRONG><a name="[f6]"></a>FLASH_ProgramByte</STRONG> (Thumb, 54 bytes, Stack size 16 bytes, stm32f4xx_flash.o(i.FLASH_ProgramByte))
<BR><BR>[Stack]<UL><LI>Max Depth = 24<LI>Call Chain = FLASH_ProgramByte &rArr; FLASH_WaitForLastOperation
</UL>
<BR>[Calls]<UL><LI><a href="#[f5]">&gt;&gt;</a>&nbsp;&nbsp;&nbsp;FLASH_WaitForLastOperation
</UL>
<BR>[Called By]<UL><LI><a href="#[1b9]">&gt;&gt;</a>&nbsp;&nbsp;&nbsp;flash_helper_write_new_app_data
</UL>

<P><STRONG><a name="[f0]"></a>FLASH_ProgramHalfWord</STRONG> (Thumb, 58 bytes, Stack size 16 bytes, stm32f4xx_flash.o(i.FLASH_ProgramHalfWord))
<BR><BR>[Stack]<UL><LI>Max Depth = 24<LI>Call Chain = FLASH_ProgramHalfWord &rArr; FLASH_WaitForLastOperation
</UL>
<BR>[Calls]<UL><LI><a href="#[f5]">&gt;&gt;</a>&nbsp;&nbsp;&nbsp;FLASH_WaitForLastOperation
</UL>
<BR>[Called By]<UL><LI><a href="#[f2]">&gt;&gt;</a>&nbsp;&nbsp;&nbsp;EE_VerifyPageFullWriteVariable
<LI><a href="#[f4]">&gt;&gt;</a>&nbsp;&nbsp;&nbsp;EE_WriteVariable
<LI><a href="#[ef]">&gt;&gt;</a>&nbsp;&nbsp;&nbsp;EE_Init
</UL>

<P><STRONG><a name="[1fe]"></a>FLASH_Unlock</STRONG> (Thumb, 24 bytes, Stack size 0 bytes, stm32f4xx_flash.o(i.FLASH_Unlock))
<BR><BR>[Called By]<UL><LI><a href="#[1fd]">&gt;&gt;</a>&nbsp;&nbsp;&nbsp;conf_general_init
<LI><a href="#[1b8]">&gt;&gt;</a>&nbsp;&nbsp;&nbsp;flash_helper_erase_new_app
</UL>

<P><STRONG><a name="[f5]"></a>FLASH_WaitForLastOperation</STRONG> (Thumb, 88 bytes, Stack size 8 bytes, stm32f4xx_flash.o(i.FLASH_WaitForLastOperation))
<BR><BR>[Stack]<UL><LI>Max Depth = 8<LI>Call Chain = FLASH_WaitForLastOperation
</UL>
<BR>[Calls]<UL><LI><a href="#[f7]">&gt;&gt;</a>&nbsp;&nbsp;&nbsp;FLASH_GetStatus
</UL>
<BR>[Called By]<UL><LI><a href="#[f0]">&gt;&gt;</a>&nbsp;&nbsp;&nbsp;FLASH_ProgramHalfWord
<LI><a href="#[f6]">&gt;&gt;</a>&nbsp;&nbsp;&nbsp;FLASH_ProgramByte
<LI><a href="#[ee]">&gt;&gt;</a>&nbsp;&nbsp;&nbsp;FLASH_EraseSector
</UL>

<P><STRONG><a name="[e8]"></a>GPIO_Init</STRONG> (Thumb, 158 bytes, Stack size 20 bytes, stm32f4xx_gpio.o(i.GPIO_Init))
<BR><BR>[Stack]<UL><LI>Max Depth = 20<LI>Call Chain = GPIO_Init
</UL>
<BR>[Called By]<UL><LI><a href="#[e5]">&gt;&gt;</a>&nbsp;&nbsp;&nbsp;CAN1_Mode_Init
</UL>

<P><STRONG><a name="[e9]"></a>GPIO_PinAFConfig</STRONG> (Thumb, 34 bytes, Stack size 0 bytes, stm32f4xx_gpio.o(i.GPIO_PinAFConfig))
<BR><BR>[Called By]<UL><LI><a href="#[e5]">&gt;&gt;</a>&nbsp;&nbsp;&nbsp;CAN1_Mode_Init
</UL>

<P><STRONG><a name="[22b]"></a>Moving_Median</STRONG> (Thumb, 160 bytes, Stack size 216 bytes, encoder.o(i.Moving_Median))
<BR><BR>[Stack]<UL><LI>Max Depth = 216<LI>Call Chain = Moving_Median
</UL>
<BR>[Called By]<UL><LI><a href="#[22a]">&gt;&gt;</a>&nbsp;&nbsp;&nbsp;encoder_read_deg_flt
</UL>

<P><STRONG><a name="[e6]"></a>RCC_AHB1PeriphClockCmd</STRONG> (Thumb, 18 bytes, Stack size 0 bytes, stm32f4xx_rcc.o(i.RCC_AHB1PeriphClockCmd))
<BR><BR>[Called By]<UL><LI><a href="#[244]">&gt;&gt;</a>&nbsp;&nbsp;&nbsp;hw_init_gpio
<LI><a href="#[e5]">&gt;&gt;</a>&nbsp;&nbsp;&nbsp;CAN1_Mode_Init
<LI><a href="#[285]">&gt;&gt;</a>&nbsp;&nbsp;&nbsp;mcpwm_init
<LI><a href="#[284]">&gt;&gt;</a>&nbsp;&nbsp;&nbsp;mcpwm_foc_init
</UL>

<P><STRONG><a name="[e7]"></a>RCC_APB1PeriphClockCmd</STRONG> (Thumb, 18 bytes, Stack size 0 bytes, stm32f4xx_rcc.o(i.RCC_APB1PeriphClockCmd))
<BR><BR>[Called By]<UL><LI><a href="#[e5]">&gt;&gt;</a>&nbsp;&nbsp;&nbsp;CAN1_Mode_Init
<LI><a href="#[285]">&gt;&gt;</a>&nbsp;&nbsp;&nbsp;mcpwm_init
<LI><a href="#[284]">&gt;&gt;</a>&nbsp;&nbsp;&nbsp;mcpwm_foc_init
<LI><a href="#[227]">&gt;&gt;</a>&nbsp;&nbsp;&nbsp;encoder_init_as5047p_spi
<LI><a href="#[220]">&gt;&gt;</a>&nbsp;&nbsp;&nbsp;encoder_init_abi
<LI><a href="#[1d4]">&gt;&gt;</a>&nbsp;&nbsp;&nbsp;conf_general_store_app_configuration
<LI><a href="#[1b9]">&gt;&gt;</a>&nbsp;&nbsp;&nbsp;flash_helper_write_new_app_data
<LI><a href="#[1b6]">&gt;&gt;</a>&nbsp;&nbsp;&nbsp;flash_helper_jump_to_bootloader
<LI><a href="#[1b8]">&gt;&gt;</a>&nbsp;&nbsp;&nbsp;flash_helper_erase_new_app
<LI><a href="#[1cf]">&gt;&gt;</a>&nbsp;&nbsp;&nbsp;conf_general_store_mc_configuration
</UL>

<P><STRONG><a name="[fb]"></a>RCC_APB1PeriphResetCmd</STRONG> (Thumb, 18 bytes, Stack size 0 bytes, stm32f4xx_rcc.o(i.RCC_APB1PeriphResetCmd))
<BR><BR>[Called By]<UL><LI><a href="#[10b]">&gt;&gt;</a>&nbsp;&nbsp;&nbsp;WWDG_DeInit
<LI><a href="#[fa]">&gt;&gt;</a>&nbsp;&nbsp;&nbsp;TIM_DeInit
</UL>

<P><STRONG><a name="[221]"></a>RCC_APB2PeriphClockCmd</STRONG> (Thumb, 18 bytes, Stack size 0 bytes, stm32f4xx_rcc.o(i.RCC_APB2PeriphClockCmd))
<BR><BR>[Called By]<UL><LI><a href="#[285]">&gt;&gt;</a>&nbsp;&nbsp;&nbsp;mcpwm_init
<LI><a href="#[284]">&gt;&gt;</a>&nbsp;&nbsp;&nbsp;mcpwm_foc_init
<LI><a href="#[220]">&gt;&gt;</a>&nbsp;&nbsp;&nbsp;encoder_init_abi
</UL>

<P><STRONG><a name="[e4]"></a>RCC_APB2PeriphResetCmd</STRONG> (Thumb, 18 bytes, Stack size 0 bytes, stm32f4xx_rcc.o(i.RCC_APB2PeriphResetCmd))
<BR><BR>[Called By]<UL><LI><a href="#[fa]">&gt;&gt;</a>&nbsp;&nbsp;&nbsp;TIM_DeInit
<LI><a href="#[e3]">&gt;&gt;</a>&nbsp;&nbsp;&nbsp;ADC_DeInit
</UL>

<P><STRONG><a name="[11]"></a>SVC_Handler</STRONG> (Thumb, 28 bytes, Stack size 0 bytes, chcore_v7m.o(i.SVC_Handler))
<BR>[Address Reference Count : 1]<UL><LI> vectors.o(RESET)
</UL>
<P><STRONG><a name="[225]"></a>SYSCFG_EXTILineConfig</STRONG> (Thumb, 46 bytes, Stack size 0 bytes, stm32f4xx_syscfg.o(i.SYSCFG_EXTILineConfig))
<BR><BR>[Called By]<UL><LI><a href="#[220]">&gt;&gt;</a>&nbsp;&nbsp;&nbsp;encoder_init_abi
</UL>

<P><STRONG><a name="[15]"></a>SysTick_Handler</STRONG> (Thumb, 26 bytes, Stack size 8 bytes, st_lld.o(i.SysTick_Handler))
<BR><BR>[Stack]<UL><LI>Max Depth = 32<LI>Call Chain = SysTick_Handler &rArr; chSysTimerHandlerI
</UL>
<BR>[Calls]<UL><LI><a href="#[f8]">&gt;&gt;</a>&nbsp;&nbsp;&nbsp;chSysTimerHandlerI
<LI><a href="#[f9]">&gt;&gt;</a>&nbsp;&nbsp;&nbsp;_port_irq_epilogue
</UL>
<BR>[Address Reference Count : 1]<UL><LI> vectors.o(RESET)
</UL>
<P><STRONG><a name="[2c7]"></a>TIM_ARRPreloadConfig</STRONG> (Thumb, 20 bytes, Stack size 0 bytes, stm32f4xx_tim.o(i.TIM_ARRPreloadConfig))
<BR><BR>[Called By]<UL><LI><a href="#[285]">&gt;&gt;</a>&nbsp;&nbsp;&nbsp;mcpwm_init
<LI><a href="#[284]">&gt;&gt;</a>&nbsp;&nbsp;&nbsp;mcpwm_foc_init
</UL>

<P><STRONG><a name="[2c5]"></a>TIM_BDTRConfig</STRONG> (Thumb, 34 bytes, Stack size 0 bytes, stm32f4xx_tim.o(i.TIM_BDTRConfig))
<BR><BR>[Called By]<UL><LI><a href="#[285]">&gt;&gt;</a>&nbsp;&nbsp;&nbsp;mcpwm_init
<LI><a href="#[284]">&gt;&gt;</a>&nbsp;&nbsp;&nbsp;mcpwm_foc_init
</UL>

<P><STRONG><a name="[2c6]"></a>TIM_CCPreloadControl</STRONG> (Thumb, 20 bytes, Stack size 0 bytes, stm32f4xx_tim.o(i.TIM_CCPreloadControl))
<BR><BR>[Called By]<UL><LI><a href="#[285]">&gt;&gt;</a>&nbsp;&nbsp;&nbsp;mcpwm_init
<LI><a href="#[284]">&gt;&gt;</a>&nbsp;&nbsp;&nbsp;mcpwm_foc_init
</UL>

<P><STRONG><a name="[236]"></a>TIM_CCxCmd</STRONG> (Thumb, 32 bytes, Stack size 0 bytes, stm32f4xx_tim.o(i.TIM_CCxCmd))
<BR><BR>[Called By]<UL><LI><a href="#[2b0]">&gt;&gt;</a>&nbsp;&nbsp;&nbsp;stop_pwm_hw
<LI><a href="#[208]">&gt;&gt;</a>&nbsp;&nbsp;&nbsp;start_pwm_hw
<LI><a href="#[2a7]">&gt;&gt;</a>&nbsp;&nbsp;&nbsp;stop_pwm_hw
<LI><a href="#[1ed]">&gt;&gt;</a>&nbsp;&nbsp;&nbsp;set_next_comm_step
<LI><a href="#[234]">&gt;&gt;</a>&nbsp;&nbsp;&nbsp;full_brake_ll
</UL>

<P><STRONG><a name="[237]"></a>TIM_CCxNCmd</STRONG> (Thumb, 32 bytes, Stack size 0 bytes, stm32f4xx_tim.o(i.TIM_CCxNCmd))
<BR><BR>[Called By]<UL><LI><a href="#[2b0]">&gt;&gt;</a>&nbsp;&nbsp;&nbsp;stop_pwm_hw
<LI><a href="#[208]">&gt;&gt;</a>&nbsp;&nbsp;&nbsp;start_pwm_hw
<LI><a href="#[2a7]">&gt;&gt;</a>&nbsp;&nbsp;&nbsp;stop_pwm_hw
<LI><a href="#[1ed]">&gt;&gt;</a>&nbsp;&nbsp;&nbsp;set_next_comm_step
<LI><a href="#[234]">&gt;&gt;</a>&nbsp;&nbsp;&nbsp;full_brake_ll
</UL>

<P><STRONG><a name="[109]"></a>TIM_ClearITPendingBit</STRONG> (Thumb, 8 bytes, Stack size 0 bytes, stm32f4xx_tim.o(i.TIM_ClearITPendingBit))
<BR><BR>[Called By]<UL><LI><a href="#[44]">&gt;&gt;</a>&nbsp;&nbsp;&nbsp;VectorF8
<LI><a href="#[33]">&gt;&gt;</a>&nbsp;&nbsp;&nbsp;VectorB4
</UL>

<P><STRONG><a name="[224]"></a>TIM_Cmd</STRONG> (Thumb, 20 bytes, Stack size 0 bytes, stm32f4xx_tim.o(i.TIM_Cmd))
<BR><BR>[Called By]<UL><LI><a href="#[285]">&gt;&gt;</a>&nbsp;&nbsp;&nbsp;mcpwm_init
<LI><a href="#[284]">&gt;&gt;</a>&nbsp;&nbsp;&nbsp;mcpwm_foc_init
<LI><a href="#[227]">&gt;&gt;</a>&nbsp;&nbsp;&nbsp;encoder_init_as5047p_spi
<LI><a href="#[220]">&gt;&gt;</a>&nbsp;&nbsp;&nbsp;encoder_init_abi
</UL>

<P><STRONG><a name="[2d0]"></a>TIM_CtrlPWMOutputs</STRONG> (Thumb, 18 bytes, Stack size 0 bytes, stm32f4xx_tim.o(i.TIM_CtrlPWMOutputs))
<BR><BR>[Called By]<UL><LI><a href="#[285]">&gt;&gt;</a>&nbsp;&nbsp;&nbsp;mcpwm_init
<LI><a href="#[284]">&gt;&gt;</a>&nbsp;&nbsp;&nbsp;mcpwm_foc_init
</UL>

<P><STRONG><a name="[fa]"></a>TIM_DeInit</STRONG> (Thumb, 436 bytes, Stack size 8 bytes, stm32f4xx_tim.o(i.TIM_DeInit))
<BR><BR>[Stack]<UL><LI>Max Depth = 8<LI>Call Chain = TIM_DeInit
</UL>
<BR>[Calls]<UL><LI><a href="#[e4]">&gt;&gt;</a>&nbsp;&nbsp;&nbsp;RCC_APB2PeriphResetCmd
<LI><a href="#[fb]">&gt;&gt;</a>&nbsp;&nbsp;&nbsp;RCC_APB1PeriphResetCmd
</UL>
<BR>[Called By]<UL><LI><a href="#[285]">&gt;&gt;</a>&nbsp;&nbsp;&nbsp;mcpwm_init
<LI><a href="#[284]">&gt;&gt;</a>&nbsp;&nbsp;&nbsp;mcpwm_foc_init
<LI><a href="#[296]">&gt;&gt;</a>&nbsp;&nbsp;&nbsp;mcpwm_foc_deinit
<LI><a href="#[299]">&gt;&gt;</a>&nbsp;&nbsp;&nbsp;mcpwm_deinit
<LI><a href="#[21f]">&gt;&gt;</a>&nbsp;&nbsp;&nbsp;encoder_deinit
</UL>

<P><STRONG><a name="[222]"></a>TIM_EncoderInterfaceConfig</STRONG> (Thumb, 74 bytes, Stack size 8 bytes, stm32f4xx_tim.o(i.TIM_EncoderInterfaceConfig))
<BR><BR>[Stack]<UL><LI>Max Depth = 8<LI>Call Chain = TIM_EncoderInterfaceConfig
</UL>
<BR>[Called By]<UL><LI><a href="#[220]">&gt;&gt;</a>&nbsp;&nbsp;&nbsp;encoder_init_abi
</UL>

<P><STRONG><a name="[1ee]"></a>TIM_GenerateEvent</STRONG> (Thumb, 4 bytes, Stack size 0 bytes, stm32f4xx_tim.o(i.TIM_GenerateEvent))
<BR><BR>[Called By]<UL><LI><a href="#[10a]">&gt;&gt;</a>&nbsp;&nbsp;&nbsp;mcpwm_foc_tim_sample_int_handler
<LI><a href="#[2b0]">&gt;&gt;</a>&nbsp;&nbsp;&nbsp;stop_pwm_hw
<LI><a href="#[262]">&gt;&gt;</a>&nbsp;&nbsp;&nbsp;mcpwm_adc_inj_int_handler
<LI><a href="#[2a7]">&gt;&gt;</a>&nbsp;&nbsp;&nbsp;stop_pwm_hw
<LI><a href="#[234]">&gt;&gt;</a>&nbsp;&nbsp;&nbsp;full_brake_ll
<LI><a href="#[1ea]">&gt;&gt;</a>&nbsp;&nbsp;&nbsp;commutate
</UL>

<P><STRONG><a name="[107]"></a>TIM_GetITStatus</STRONG> (Thumb, 22 bytes, Stack size 0 bytes, stm32f4xx_tim.o(i.TIM_GetITStatus))
<BR><BR>[Called By]<UL><LI><a href="#[44]">&gt;&gt;</a>&nbsp;&nbsp;&nbsp;VectorF8
<LI><a href="#[33]">&gt;&gt;</a>&nbsp;&nbsp;&nbsp;VectorB4
</UL>

<P><STRONG><a name="[229]"></a>TIM_ITConfig</STRONG> (Thumb, 18 bytes, Stack size 0 bytes, stm32f4xx_tim.o(i.TIM_ITConfig))
<BR><BR>[Called By]<UL><LI><a href="#[284]">&gt;&gt;</a>&nbsp;&nbsp;&nbsp;mcpwm_foc_init
<LI><a href="#[227]">&gt;&gt;</a>&nbsp;&nbsp;&nbsp;encoder_init_as5047p_spi
</UL>

<P><STRONG><a name="[2bd]"></a>TIM_OC1Init</STRONG> (Thumb, 114 bytes, Stack size 4 bytes, stm32f4xx_tim.o(i.TIM_OC1Init))
<BR><BR>[Stack]<UL><LI>Max Depth = 4<LI>Call Chain = TIM_OC1Init
</UL>
<BR>[Called By]<UL><LI><a href="#[285]">&gt;&gt;</a>&nbsp;&nbsp;&nbsp;mcpwm_init
<LI><a href="#[284]">&gt;&gt;</a>&nbsp;&nbsp;&nbsp;mcpwm_foc_init
</UL>

<P><STRONG><a name="[2c1]"></a>TIM_OC1PreloadConfig</STRONG> (Thumb, 14 bytes, Stack size 0 bytes, stm32f4xx_tim.o(i.TIM_OC1PreloadConfig))
<BR><BR>[Called By]<UL><LI><a href="#[285]">&gt;&gt;</a>&nbsp;&nbsp;&nbsp;mcpwm_init
<LI><a href="#[284]">&gt;&gt;</a>&nbsp;&nbsp;&nbsp;mcpwm_foc_init
</UL>

<P><STRONG><a name="[2be]"></a>TIM_OC2Init</STRONG> (Thumb, 144 bytes, Stack size 8 bytes, stm32f4xx_tim.o(i.TIM_OC2Init))
<BR><BR>[Stack]<UL><LI>Max Depth = 8<LI>Call Chain = TIM_OC2Init
</UL>
<BR>[Called By]<UL><LI><a href="#[285]">&gt;&gt;</a>&nbsp;&nbsp;&nbsp;mcpwm_init
<LI><a href="#[284]">&gt;&gt;</a>&nbsp;&nbsp;&nbsp;mcpwm_foc_init
</UL>

<P><STRONG><a name="[2c2]"></a>TIM_OC2PreloadConfig</STRONG> (Thumb, 22 bytes, Stack size 0 bytes, stm32f4xx_tim.o(i.TIM_OC2PreloadConfig))
<BR><BR>[Called By]<UL><LI><a href="#[285]">&gt;&gt;</a>&nbsp;&nbsp;&nbsp;mcpwm_init
<LI><a href="#[284]">&gt;&gt;</a>&nbsp;&nbsp;&nbsp;mcpwm_foc_init
</UL>

<P><STRONG><a name="[2bf]"></a>TIM_OC3Init</STRONG> (Thumb, 142 bytes, Stack size 8 bytes, stm32f4xx_tim.o(i.TIM_OC3Init))
<BR><BR>[Stack]<UL><LI>Max Depth = 8<LI>Call Chain = TIM_OC3Init
</UL>
<BR>[Called By]<UL><LI><a href="#[285]">&gt;&gt;</a>&nbsp;&nbsp;&nbsp;mcpwm_init
<LI><a href="#[284]">&gt;&gt;</a>&nbsp;&nbsp;&nbsp;mcpwm_foc_init
</UL>

<P><STRONG><a name="[2c3]"></a>TIM_OC3PreloadConfig</STRONG> (Thumb, 14 bytes, Stack size 0 bytes, stm32f4xx_tim.o(i.TIM_OC3PreloadConfig))
<BR><BR>[Called By]<UL><LI><a href="#[285]">&gt;&gt;</a>&nbsp;&nbsp;&nbsp;mcpwm_init
[...]
<BR><BR>[Stack]<UL><LI>Max Depth = 1144<LI>Call Chain = process_packet &rArr; commands_process_packet &rArr; terminal_process_string &rArr; conf_general_detect_motor_param &rArr; mc_interface_set_configuration &rArr; mcpwm_init &rArr; stop_pwm_hw &rArr; set_switching_frequency &rArr; update_adc_sample_pos
</UL>
<BR>[Calls]<UL><LI><a href="#[2f2]">&gt;&gt;</a>&nbsp;&nbsp;&nbsp;commands_set_send_func
<LI><a href="#[1b5]">&gt;&gt;</a>&nbsp;&nbsp;&nbsp;commands_process_packet
</UL>
<BR>[Address Reference Count : 1]<UL><LI> comm_usb.o(i.comm_usb_init)
</UL>
<P><STRONG><a name="[8c]"></a>send_packet</STRONG> (Thumb, 14 bytes, Stack size 0 bytes, comm_usb.o(i.send_packet))
<BR>[Address Reference Count : 1]<UL><LI> comm_usb.o(i.comm_usb_init)
</UL>
<P><STRONG><a name="[a3]"></a>send_packet_wrapper</STRONG> (Thumb, 32 bytes, Stack size 16 bytes, comm_usb.o(i.send_packet_wrapper))
<BR><BR>[Stack]<UL><LI>Max Depth = 44<LI>Call Chain = send_packet_wrapper &rArr; packet_send_packet &rArr; crc16
</UL>
<BR>[Calls]<UL><LI><a href="#[186]">&gt;&gt;</a>&nbsp;&nbsp;&nbsp;chMtxUnlock
<LI><a href="#[185]">&gt;&gt;</a>&nbsp;&nbsp;&nbsp;chMtxLock
<LI><a href="#[2ec]">&gt;&gt;</a>&nbsp;&nbsp;&nbsp;packet_send_packet
</UL>
<BR>[Address Reference Count : 1]<UL><LI> comm_usb.o(i.process_packet)
</UL>
<P><STRONG><a name="[8e]"></a>serial_process_thread</STRONG> (Thumb, 66 bytes, Stack size 0 bytes, comm_usb.o(i.serial_process_thread))
<BR><BR>[Stack]<UL><LI>Max Depth = 20<LI>Call Chain = serial_process_thread &rArr; packet_process_byte &rArr; crc16
</UL>
<BR>[Calls]<UL><LI><a href="#[182]">&gt;&gt;</a>&nbsp;&nbsp;&nbsp;chEvtWaitAny
<LI><a href="#[2eb]">&gt;&gt;</a>&nbsp;&nbsp;&nbsp;packet_process_byte
</UL>
<BR>[Address Reference Count : 1]<UL><LI> comm_usb.o(i.comm_usb_init)
</UL>
<P><STRONG><a name="[8d]"></a>serial_read_thread</STRONG> (Thumb, 92 bytes, Stack size 128 bytes, comm_usb.o(i.serial_read_thread))
<BR><BR>[Stack]<UL><LI>Max Depth = 136<LI>Call Chain = serial_read_thread &rArr; chEvtSignal
</UL>
<BR>[Calls]<UL><LI><a href="#[180]">&gt;&gt;</a>&nbsp;&nbsp;&nbsp;chEvtSignal
</UL>
<BR>[Address Reference Count : 1]<UL><LI> comm_usb.o(i.comm_usb_init)
</UL>
<P><STRONG><a name="[ba]"></a>get_descriptor</STRONG> (Thumb, 36 bytes, Stack size 0 bytes, comm_usb_serial.o(i.get_descriptor))
<BR>[Address Reference Count : 1]<UL><LI> comm_usb_serial.o(.constdata)
</UL>
<P><STRONG><a name="[b9]"></a>usb_event</STRONG> (Thumb, 56 bytes, Stack size 8 bytes, comm_usb_serial.o(i.usb_event))
<BR><BR>[Stack]<UL><LI>Max Depth = 48<LI>Call Chain = usb_event &rArr; sduConfigureHookI &rArr; chEvtBroadcastFlagsI
</UL>
<BR>[Calls]<UL><LI><a href="#[33a]">&gt;&gt;</a>&nbsp;&nbsp;&nbsp;usbInitEndpointI
<LI><a href="#[31e]">&gt;&gt;</a>&nbsp;&nbsp;&nbsp;sduConfigureHookI
</UL>
<BR>[Address Reference Count : 1]<UL><LI> comm_usb_serial.o(.constdata)
</UL>
<P><STRONG><a name="[8f]"></a>detect_thread</STRONG> (Thumb, 176 bytes, Stack size 16 bytes, commands.o(i.detect_thread))
<BR><BR>[Stack]<UL><LI>Max Depth = 464<LI>Call Chain = detect_thread &rArr; conf_general_detect_motor_param &rArr; mc_interface_set_configuration &rArr; mcpwm_init &rArr; stop_pwm_hw &rArr; set_switching_frequency &rArr; update_adc_sample_pos
</UL>
<BR>[Calls]<UL><LI><a href="#[182]">&gt;&gt;</a>&nbsp;&nbsp;&nbsp;chEvtWaitAny
<LI><a href="#[1f3]">&gt;&gt;</a>&nbsp;&nbsp;&nbsp;conf_general_detect_motor_param
<LI><a href="#[1aa]">&gt;&gt;</a>&nbsp;&nbsp;&nbsp;buffer_append_int32
</UL>
<BR>[Address Reference Count : 1]<UL><LI> commands.o(i.commands_init)
</UL>
<P><STRONG><a name="[ec]"></a>EE_EraseSectorIfNotEmpty</STRONG> (Thumb, 42 bytes, Stack size 16 bytes, eeprom.o(i.EE_EraseSectorIfNotEmpty))
<BR><BR>[Stack]<UL><LI>Max Depth = 40<LI>Call Chain = EE_EraseSectorIfNotEmpty &rArr; FLASH_EraseSector &rArr; FLASH_WaitForLastOperation
</UL>
<BR>[Calls]<UL><LI><a href="#[ee]">&gt;&gt;</a>&nbsp;&nbsp;&nbsp;FLASH_EraseSector
<LI><a href="#[ed]">&gt;&gt;</a>&nbsp;&nbsp;&nbsp;flash_helper_get_sector_address
</UL>
<BR>[Called By]<UL><LI><a href="#[f4]">&gt;&gt;</a>&nbsp;&nbsp;&nbsp;EE_WriteVariable
<LI><a href="#[ef]">&gt;&gt;</a>&nbsp;&nbsp;&nbsp;EE_Init
</UL>

<P><STRONG><a name="[f1]"></a>EE_FindValidPage</STRONG> (Thumb, 52 bytes, Stack size 0 bytes, eeprom.o(i.EE_FindValidPage))
<BR><BR>[Called By]<UL><LI><a href="#[f2]">&gt;&gt;</a>&nbsp;&nbsp;&nbsp;EE_VerifyPageFullWriteVariable
<LI><a href="#[f4]">&gt;&gt;</a>&nbsp;&nbsp;&nbsp;EE_WriteVariable
<LI><a href="#[f3]">&gt;&gt;</a>&nbsp;&nbsp;&nbsp;EE_ReadVariable
<LI><a href="#[ef]">&gt;&gt;</a>&nbsp;&nbsp;&nbsp;EE_Init
</UL>

<P><STRONG><a name="[f2]"></a>EE_VerifyPageFullWriteVariable</STRONG> (Thumb, 80 bytes, Stack size 16 bytes, eeprom.o(i.EE_VerifyPageFullWriteVariable))
<BR><BR>[Stack]<UL><LI>Max Depth = 40<LI>Call Chain = EE_VerifyPageFullWriteVariable &rArr; FLASH_ProgramHalfWord &rArr; FLASH_WaitForLastOperation
</UL>
<BR>[Calls]<UL><LI><a href="#[f0]">&gt;&gt;</a>&nbsp;&nbsp;&nbsp;FLASH_ProgramHalfWord
<LI><a href="#[f1]">&gt;&gt;</a>&nbsp;&nbsp;&nbsp;EE_FindValidPage
</UL>
<BR>[Called By]<UL><LI><a href="#[f4]">&gt;&gt;</a>&nbsp;&nbsp;&nbsp;EE_WriteVariable
<LI><a href="#[ef]">&gt;&gt;</a>&nbsp;&nbsp;&nbsp;EE_Init
</UL>

<P><STRONG><a name="[1ea]"></a>commutate</STRONG> (Thumb, 208 bytes, Stack size 40 bytes, mcpwm.o(i.commutate))
<BR><BR>[Stack]<UL><LI>Max Depth = 96<LI>Call Chain = commutate &rArr; update_adc_sample_pos
</UL>
<BR>[Calls]<UL><LI><a href="#[1ee]">&gt;&gt;</a>&nbsp;&nbsp;&nbsp;TIM_GenerateEvent
<LI><a href="#[1f0]">&gt;&gt;</a>&nbsp;&nbsp;&nbsp;utils_sys_unlock_cnt
<LI><a href="#[1ef]">&gt;&gt;</a>&nbsp;&nbsp;&nbsp;utils_sys_lock_cnt
<LI><a href="#[1ec]">&gt;&gt;</a>&nbsp;&nbsp;&nbsp;update_sensor_mode
<LI><a href="#[1eb]">&gt;&gt;</a>&nbsp;&nbsp;&nbsp;update_rpm_tacho
<LI><a href="#[1f1]">&gt;&gt;</a>&nbsp;&nbsp;&nbsp;update_adc_sample_pos
<LI><a href="#[1f2]">&gt;&gt;</a>&nbsp;&nbsp;&nbsp;set_next_timer_settings
<LI><a href="#[1ed]">&gt;&gt;</a>&nbsp;&nbsp;&nbsp;set_next_comm_step
</UL>
<BR>[Called By]<UL><LI><a href="#[9d]">&gt;&gt;</a>&nbsp;&nbsp;&nbsp;mcpwm_adc_int_handler
<LI><a href="#[2ad]">&gt;&gt;</a>&nbsp;&nbsp;&nbsp;set_duty_cycle_ll
</UL>

<P><STRONG><a name="[234]"></a>full_brake_ll</STRONG> (Thumb, 132 bytes, Stack size 16 bytes, mcpwm.o(i.full_brake_ll))
<BR><BR>[Stack]<UL><LI>Max Depth = 112<LI>Call Chain = full_brake_ll &rArr; set_switching_frequency &rArr; update_adc_sample_pos
</UL>
<BR>[Calls]<UL><LI><a href="#[235]">&gt;&gt;</a>&nbsp;&nbsp;&nbsp;TIM_SelectOCxM
<LI><a href="#[1ee]">&gt;&gt;</a>&nbsp;&nbsp;&nbsp;TIM_GenerateEvent
<LI><a href="#[237]">&gt;&gt;</a>&nbsp;&nbsp;&nbsp;TIM_CCxNCmd
<LI><a href="#[236]">&gt;&gt;</a>&nbsp;&nbsp;&nbsp;TIM_CCxCmd
<LI><a href="#[238]">&gt;&gt;</a>&nbsp;&nbsp;&nbsp;set_switching_frequency
</UL>
<BR>[Called By]<UL><LI><a href="#[295]">&gt;&gt;</a>&nbsp;&nbsp;&nbsp;mcpwm_set_brake_current
<LI><a href="#[2ad]">&gt;&gt;</a>&nbsp;&nbsp;&nbsp;set_duty_cycle_ll
<LI><a href="#[2e3]">&gt;&gt;</a>&nbsp;&nbsp;&nbsp;set_duty_cycle_hl
</UL>

<P><STRONG><a name="[9f]"></a>rpm_thread</STRONG> (Thumb, 808 bytes, Stack size 96 bytes, mcpwm.o(i.rpm_thread))
<BR><BR>[Stack]<UL><LI>Max Depth = 232<LI>Call Chain = rpm_thread &rArr; set_duty_cycle_hl &rArr; set_duty_cycle_ll &rArr; full_brake_ll &rArr; set_switching_frequency &rArr; update_adc_sample_pos
</UL>
<BR>[Calls]<UL><LI><a href="#[13b]">&gt;&gt;</a>&nbsp;&nbsp;&nbsp;chThdSleep
<LI><a href="#[1f0]">&gt;&gt;</a>&nbsp;&nbsp;&nbsp;utils_sys_unlock_cnt
<LI><a href="#[1ef]">&gt;&gt;</a>&nbsp;&nbsp;&nbsp;utils_sys_lock_cnt
<LI><a href="#[13d]">&gt;&gt;</a>&nbsp;&nbsp;&nbsp;utils_map
<LI><a href="#[13e]">&gt;&gt;</a>&nbsp;&nbsp;&nbsp;utils_truncate_number
<LI><a href="#[2e3]">&gt;&gt;</a>&nbsp;&nbsp;&nbsp;set_duty_cycle_hl
</UL>
<BR>[Address Reference Count : 1]<UL><LI> mcpwm.o(i.mcpwm_init)
</UL>
<P><STRONG><a name="[2e3]"></a>set_duty_cycle_hl</STRONG> (Thumb, 234 bytes, Stack size 16 bytes, mcpwm.o(i.set_duty_cycle_hl))
<BR><BR>[Stack]<UL><LI>Max Depth = 136<LI>Call Chain = set_duty_cycle_hl &rArr; set_duty_cycle_ll &rArr; full_brake_ll &rArr; set_switching_frequency &rArr; update_adc_sample_pos
</UL>
<BR>[Calls]<UL><LI><a href="#[13e]">&gt;&gt;</a>&nbsp;&nbsp;&nbsp;utils_truncate_number
<LI><a href="#[2a7]">&gt;&gt;</a>&nbsp;&nbsp;&nbsp;stop_pwm_hw
<LI><a href="#[2ad]">&gt;&gt;</a>&nbsp;&nbsp;&nbsp;set_duty_cycle_ll
<LI><a href="#[234]">&gt;&gt;</a>&nbsp;&nbsp;&nbsp;full_brake_ll
</UL>
<BR>[Called By]<UL><LI><a href="#[2a1]">&gt;&gt;</a>&nbsp;&nbsp;&nbsp;mcpwm_set_pid_pos
<LI><a href="#[29e]">&gt;&gt;</a>&nbsp;&nbsp;&nbsp;mcpwm_set_duty
<LI><a href="#[29c]">&gt;&gt;</a>&nbsp;&nbsp;&nbsp;mcpwm_set_current
<LI><a href="#[9f]">&gt;&gt;</a>&nbsp;&nbsp;&nbsp;rpm_thread
</UL>

<P><STRONG><a name="[2a8]"></a>set_duty_cycle_hw</STRONG> (Thumb, 282 bytes, Stack size 48 bytes, mcpwm.o(i.set_duty_cycle_hw))
<BR><BR>[Stack]<UL><LI>Max Depth = 104<LI>Call Chain = set_duty_cycle_hw &rArr; update_adc_sample_pos
</UL>
<BR>[Calls]<UL><LI><a href="#[1f0]">&gt;&gt;</a>&nbsp;&nbsp;&nbsp;utils_sys_unlock_cnt
<LI><a href="#[1ef]">&gt;&gt;</a>&nbsp;&nbsp;&nbsp;utils_sys_lock_cnt
<LI><a href="#[13e]">&gt;&gt;</a>&nbsp;&nbsp;&nbsp;utils_truncate_number
<LI><a href="#[1f1]">&gt;&gt;</a>&nbsp;&nbsp;&nbsp;update_adc_sample_pos
<LI><a href="#[1f2]">&gt;&gt;</a>&nbsp;&nbsp;&nbsp;set_next_timer_settings
</UL>
<BR>[Called By]<UL><LI><a href="#[262]">&gt;&gt;</a>&nbsp;&nbsp;&nbsp;mcpwm_adc_inj_int_handler
<LI><a href="#[2ad]">&gt;&gt;</a>&nbsp;&nbsp;&nbsp;set_duty_cycle_ll
</UL>

<P><STRONG><a name="[2ad]"></a>set_duty_cycle_ll</STRONG> (Thumb, 426 bytes, Stack size 8 bytes, mcpwm.o(i.set_duty_cycle_ll))
<BR><BR>[Stack]<UL><LI>Max Depth = 120<LI>Call Chain = set_duty_cycle_ll &rArr; full_brake_ll &rArr; set_switching_frequency &rArr; update_adc_sample_pos
</UL>
<BR>[Calls]<UL><LI><a href="#[2a7]">&gt;&gt;</a>&nbsp;&nbsp;&nbsp;stop_pwm_hw
<LI><a href="#[1ed]">&gt;&gt;</a>&nbsp;&nbsp;&nbsp;set_next_comm_step
<LI><a href="#[2a8]">&gt;&gt;</a>&nbsp;&nbsp;&nbsp;set_duty_cycle_hw
<LI><a href="#[234]">&gt;&gt;</a>&nbsp;&nbsp;&nbsp;full_brake_ll
<LI><a href="#[1ea]">&gt;&gt;</a>&nbsp;&nbsp;&nbsp;commutate
</UL>
<BR>[Called By]<UL><LI><a href="#[9d]">&gt;&gt;</a>&nbsp;&nbsp;&nbsp;mcpwm_adc_int_handler
<LI><a href="#[2e3]">&gt;&gt;</a>&nbsp;&nbsp;&nbsp;set_duty_cycle_hl
</UL>

<P><STRONG><a name="[1ed]"></a>set_next_comm_step</STRONG> (Thumb, 954 bytes, Stack size 40 bytes, mcpwm.o(i.set_next_comm_step))
<BR><BR>[Stack]<UL><LI>Max Depth = 44<LI>Call Chain = set_next_comm_step &rArr; TIM_SelectOCxM
</UL>
<BR>[Calls]<UL><LI><a href="#[235]">&gt;&gt;</a>&nbsp;&nbsp;&nbsp;TIM_SelectOCxM
<LI><a href="#[237]">&gt;&gt;</a>&nbsp;&nbsp;&nbsp;TIM_CCxNCmd
<LI><a href="#[236]">&gt;&gt;</a>&nbsp;&nbsp;&nbsp;TIM_CCxCmd
</UL>
<BR>[Called By]<UL><LI><a href="#[262]">&gt;&gt;</a>&nbsp;&nbsp;&nbsp;mcpwm_adc_inj_int_handler
<LI><a href="#[9d]">&gt;&gt;</a>&nbsp;&nbsp;&nbsp;mcpwm_adc_int_handler
<LI><a href="#[2ad]">&gt;&gt;</a>&nbsp;&nbsp;&nbsp;set_duty_cycle_ll
<LI><a href="#[1ea]">&gt;&gt;</a>&nbsp;&nbsp;&nbsp;commutate
</UL>

<P><STRONG><a name="[1f2]"></a>set_next_timer_settings</STRONG> (Thumb, 54 bytes, Stack size 8 bytes, mcpwm.o(i.set_next_timer_settings))
<BR><BR>[Stack]<UL><LI>Max Depth = 16<LI>Call Chain = set_next_timer_settings &rArr; update_timer_attempt
</UL>
<BR>[Calls]<UL><LI><a href="#[1f0]">&gt;&gt;</a>&nbsp;&nbsp;&nbsp;utils_sys_unlock_cnt
<LI><a href="#[1ef]">&gt;&gt;</a>&nbsp;&nbsp;&nbsp;utils_sys_lock_cnt
<LI><a href="#[2ab]">&gt;&gt;</a>&nbsp;&nbsp;&nbsp;update_timer_attempt
</UL>
<BR>[Called By]<UL><LI><a href="#[285]">&gt;&gt;</a>&nbsp;&nbsp;&nbsp;mcpwm_init
<LI><a href="#[238]">&gt;&gt;</a>&nbsp;&nbsp;&nbsp;set_switching_frequency
<LI><a href="#[2a8]">&gt;&gt;</a>&nbsp;&nbsp;&nbsp;set_duty_cycle_hw
<LI><a href="#[1ea]">&gt;&gt;</a>&nbsp;&nbsp;&nbsp;commutate
</UL>

<P><STRONG><a name="[238]"></a>set_switching_frequency</STRONG> (Thumb, 86 bytes, Stack size 40 bytes, mcpwm.o(i.set_switching_frequency))
<BR><BR>[Stack]<UL><LI>Max Depth = 96<LI>Call Chain = set_switching_frequency &rArr; update_adc_sample_pos
</UL>
<BR>[Calls]<UL><LI><a href="#[1f0]">&gt;&gt;</a>&nbsp;&nbsp;&nbsp;utils_sys_unlock_cnt
<LI><a href="#[1ef]">&gt;&gt;</a>&nbsp;&nbsp;&nbsp;utils_sys_lock_cnt
<LI><a href="#[1f1]">&gt;&gt;</a>&nbsp;&nbsp;&nbsp;update_adc_sample_pos
<LI><a href="#[1f2]">&gt;&gt;</a>&nbsp;&nbsp;&nbsp;set_next_timer_settings
</UL>
<BR>[Called By]<UL><LI><a href="#[1cd]">&gt;&gt;</a>&nbsp;&nbsp;&nbsp;mcpwm_set_detect
<LI><a href="#[2a7]">&gt;&gt;</a>&nbsp;&nbsp;&nbsp;stop_pwm_hw
<LI><a href="#[234]">&gt;&gt;</a>&nbsp;&nbsp;&nbsp;full_brake_ll
</UL>

<P><STRONG><a name="[2a7]"></a>stop_pwm_hw</STRONG> (Thumb, 120 bytes, Stack size 8 bytes, mcpwm.o(i.stop_pwm_hw))
<BR><BR>[Stack]<UL><LI>Max Depth = 104<LI>Call Chain = stop_pwm_hw &rArr; set_switching_frequency &rArr; update_adc_sample_pos
</UL>
<BR>[Calls]<UL><LI><a href="#[235]">&gt;&gt;</a>&nbsp;&nbsp;&nbsp;TIM_SelectOCxM
<LI><a href="#[1ee]">&gt;&gt;</a>&nbsp;&nbsp;&nbsp;TIM_GenerateEvent
<LI><a href="#[237]">&gt;&gt;</a>&nbsp;&nbsp;&nbsp;TIM_CCxNCmd
<LI><a href="#[236]">&gt;&gt;</a>&nbsp;&nbsp;&nbsp;TIM_CCxCmd
<LI><a href="#[238]">&gt;&gt;</a>&nbsp;&nbsp;&nbsp;set_switching_frequency
</UL>
<BR>[Called By]<UL><LI><a href="#[273]">&gt;&gt;</a>&nbsp;&nbsp;&nbsp;mcpwm_stop_pwm
<LI><a href="#[29c]">&gt;&gt;</a>&nbsp;&nbsp;&nbsp;mcpwm_set_current
<LI><a href="#[29a]">&gt;&gt;</a>&nbsp;&nbsp;&nbsp;mcpwm_set_configuration
<LI><a href="#[295]">&gt;&gt;</a>&nbsp;&nbsp;&nbsp;mcpwm_set_brake_current
<LI><a href="#[285]">&gt;&gt;</a>&nbsp;&nbsp;&nbsp;mcpwm_init
<LI><a href="#[262]">&gt;&gt;</a>&nbsp;&nbsp;&nbsp;mcpwm_adc_inj_int_handler
<LI><a href="#[1cd]">&gt;&gt;</a>&nbsp;&nbsp;&nbsp;mcpwm_set_detect
<LI><a href="#[2ad]">&gt;&gt;</a>&nbsp;&nbsp;&nbsp;set_duty_cycle_ll
<LI><a href="#[2e3]">&gt;&gt;</a>&nbsp;&nbsp;&nbsp;set_duty_cycle_hl
</UL>

<P><STRONG><a name="[9e]"></a>timer_thread</STRONG> (Thumb, 486 bytes, Stack size 56 bytes, mcpwm.o(i.timer_thread))
<BR><BR>[Stack]<UL><LI>Max Depth = 104<LI>Call Chain = timer_thread &rArr; chThdSleep &rArr; chSchGoSleepTimeoutS
</UL>
<BR>[Calls]<UL><LI><a href="#[13b]">&gt;&gt;</a>&nbsp;&nbsp;&nbsp;chThdSleep
<LI><a href="#[13e]">&gt;&gt;</a>&nbsp;&nbsp;&nbsp;utils_truncate_number
<LI><a href="#[2aa]">&gt;&gt;</a>&nbsp;&nbsp;&nbsp;filter_run_fir_iteration
<LI><a href="#[2a9]">&gt;&gt;</a>&nbsp;&nbsp;&nbsp;filter_add_sample
</UL>
<BR>[Address Reference Count : 1]<UL><LI> mcpwm.o(i.mcpwm_init)
</UL>
<P><STRONG><a name="[1f1]"></a>update_adc_sample_pos</STRONG> (Thumb, 434 bytes, Stack size 56 bytes, mcpwm.o(i.update_adc_sample_pos))
<BR><BR>[Stack]<UL><LI>Max Depth = 56<LI>Call Chain = update_adc_sample_pos
</UL>
<BR>[Called By]<UL><LI><a href="#[285]">&gt;&gt;</a>&nbsp;&nbsp;&nbsp;mcpwm_init
<LI><a href="#[238]">&gt;&gt;</a>&nbsp;&nbsp;&nbsp;set_switching_frequency
<LI><a href="#[2a8]">&gt;&gt;</a>&nbsp;&nbsp;&nbsp;set_duty_cycle_hw
<LI><a href="#[1ea]">&gt;&gt;</a>&nbsp;&nbsp;&nbsp;commutate
</UL>

<P><STRONG><a name="[1eb]"></a>update_rpm_tacho</STRONG> (Thumb, 112 bytes, Stack size 4 bytes, mcpwm.o(i.update_rpm_tacho))
<BR><BR>[Stack]<UL><LI>Max Depth = 4<LI>Call Chain = update_rpm_tacho
</UL>
<BR>[Called By]<UL><LI><a href="#[9d]">&gt;&gt;</a>&nbsp;&nbsp;&nbsp;mcpwm_adc_int_handler
<LI><a href="#[1ea]">&gt;&gt;</a>&nbsp;&nbsp;&nbsp;commutate
</UL>

<P><STRONG><a name="[1ec]"></a>update_sensor_mode</STRONG> (Thumb, 58 bytes, Stack size 0 bytes, mcpwm.o(i.update_sensor_mode))
<BR><BR>[Called By]<UL><LI><a href="#[29a]">&gt;&gt;</a>&nbsp;&nbsp;&nbsp;mcpwm_set_configuration
<LI><a href="#[285]">&gt;&gt;</a>&nbsp;&nbsp;&nbsp;mcpwm_init
<LI><a href="#[1ea]">&gt;&gt;</a>&nbsp;&nbsp;&nbsp;commutate
</UL>

<P><STRONG><a name="[2ab]"></a>update_timer_attempt</STRONG> (Thumb, 130 bytes, Stack size 8 bytes, mcpwm.o(i.update_timer_attempt))
<BR><BR>[Stack]<UL><LI>Max Depth = 8<LI>Call Chain = update_timer_attempt
</UL>
<BR>[Calls]<UL><LI><a href="#[1f0]">&gt;&gt;</a>&nbsp;&nbsp;&nbsp;utils_sys_unlock_cnt
<LI><a href="#[1ef]">&gt;&gt;</a>&nbsp;&nbsp;&nbsp;utils_sys_lock_cnt
</UL>
<BR>[Called By]<UL><LI><a href="#[9d]">&gt;&gt;</a>&nbsp;&nbsp;&nbsp;mcpwm_adc_int_handler
<LI><a href="#[1f2]">&gt;&gt;</a>&nbsp;&nbsp;&nbsp;set_next_timer_settings
</UL>

<P><STRONG><a name="[6]"></a>icuperiodcb</STRONG> (Thumb, 2 bytes, Stack size 0 bytes, servo_dec.o(i.icuperiodcb))
<BR>[Address Reference Count : 1]<UL><LI> servo_dec.o(.data)
</UL>
<P><STRONG><a name="[5]"></a>icuwidthcb</STRONG> (Thumb, 268 bytes, Stack size 24 bytes, servo_dec.o(i.icuwidthcb))
<BR><BR>[Stack]<UL><LI>Max Depth = 24<LI>Call Chain = icuwidthcb
</UL>
<BR>[Calls]<UL><LI><a href="#[25b]">&gt;&gt;</a>&nbsp;&nbsp;&nbsp;utils_middle_of_3
</UL>
<BR>[Address Reference Count : 1]<UL><LI> servo_dec.o(.data)
</UL>
<P><STRONG><a name="[a7]"></a>timeout_thread</STRONG> (Thumb, 84 bytes, Stack size 0 bytes, timeout.o(i.timeout_thread))
<BR><BR>[Stack]<UL><LI>Max Depth = 144<LI>Call Chain = timeout_thread &rArr; mc_interface_set_brake_current &rArr; mcpwm_set_brake_current &rArr; full_brake_ll &rArr; set_switching_frequency &rArr; update_adc_sample_pos
</UL>
<BR>[Calls]<UL><LI><a href="#[13b]">&gt;&gt;</a>&nbsp;&nbsp;&nbsp;chThdSleep
<LI><a href="#[1f9]">&gt;&gt;</a>&nbsp;&nbsp;&nbsp;mc_interface_unlock
<LI><a href="#[147]">&gt;&gt;</a>&nbsp;&nbsp;&nbsp;mc_interface_set_brake_current
</UL>
<BR>[Address Reference Count : 1]<UL><LI> timeout.o(i.timeout_init)
</UL>
<P><STRONG><a name="[124]"></a>_fp_digits</STRONG> (Thumb, 366 bytes, Stack size 64 bytes, printfa.o(i._fp_digits), UNUSED)
<BR><BR>[Calls]<UL><LI><a href="#[125]">&gt;&gt;</a>&nbsp;&nbsp;&nbsp;__aeabi_cdrcmple
<LI><a href="#[cc]">&gt;&gt;</a>&nbsp;&nbsp;&nbsp;__aeabi_dmul
<LI><a href="#[cd]">&gt;&gt;</a>&nbsp;&nbsp;&nbsp;__aeabi_ddiv
<LI><a href="#[dc]">&gt;&gt;</a>&nbsp;&nbsp;&nbsp;__aeabi_dadd
<LI><a href="#[e0]">&gt;&gt;</a>&nbsp;&nbsp;&nbsp;__aeabi_d2ulz
<LI><a href="#[d4]">&gt;&gt;</a>&nbsp;&nbsp;&nbsp;__aeabi_uldivmod
</UL>
<BR>[Called By]<UL><LI><a href="#[10d]">&gt;&gt;</a>&nbsp;&nbsp;&nbsp;_printf_core
</UL>

<P><STRONG><a name="[10d]"></a>_printf_core</STRONG> (Thumb, 1704 bytes, Stack size 136 bytes, printfa.o(i._printf_core), UNUSED)
<BR><BR>[Calls]<UL><LI><a href="#[12b]">&gt;&gt;</a>&nbsp;&nbsp;&nbsp;_printf_pre_padding
<LI><a href="#[12c]">&gt;&gt;</a>&nbsp;&nbsp;&nbsp;_printf_post_padding
<LI><a href="#[124]">&gt;&gt;</a>&nbsp;&nbsp;&nbsp;_fp_digits
<LI><a href="#[d4]">&gt;&gt;</a>&nbsp;&nbsp;&nbsp;__aeabi_uldivmod
<LI><a href="#[12d]">&gt;&gt;</a>&nbsp;&nbsp;&nbsp;__aeabi_uidivmod
</UL>
<BR>[Called By]<UL><LI><a href="#[10c]">&gt;&gt;</a>&nbsp;&nbsp;&nbsp;__0vsnprintf
</UL>

<P><STRONG><a name="[12c]"></a>_printf_post_padding</STRONG> (Thumb, 36 bytes, Stack size 24 bytes, printfa.o(i._printf_post_padding), UNUSED)
<BR><BR>[Called By]<UL><LI><a href="#[10d]">&gt;&gt;</a>&nbsp;&nbsp;&nbsp;_printf_core
</UL>

<P><STRONG><a name="[12b]"></a>_printf_pre_padding</STRONG> (Thumb, 46 bytes, Stack size 24 bytes, printfa.o(i._printf_pre_padding), UNUSED)
<BR><BR>[Called By]<UL><LI><a href="#[10d]">&gt;&gt;</a>&nbsp;&nbsp;&nbsp;_printf_core
</UL>

<P><STRONG><a name="[7c]"></a>_snputc</STRONG> (Thumb, 22 bytes, Stack size 0 bytes, printfa.o(i._snputc))
<BR>[Address Reference Count : 1]<UL><LI> printfa.o(i.__0vsnprintf)
</UL>
<P><STRONG><a name="[ca]"></a>_fp_value</STRONG> (Thumb, 296 bytes, Stack size 64 bytes, scanf_fp.o(.text), UNUSED)
<BR><BR>[Calls]<UL><LI><a href="#[cc]">&gt;&gt;</a>&nbsp;&nbsp;&nbsp;__aeabi_dmul
<LI><a href="#[cb]">&gt;&gt;</a>&nbsp;&nbsp;&nbsp;__aeabi_ul2d
<LI><a href="#[cd]">&gt;&gt;</a>&nbsp;&nbsp;&nbsp;__aeabi_ddiv
</UL>
<BR>[Called By]<UL><LI><a href="#[ce]">&gt;&gt;</a>&nbsp;&nbsp;&nbsp;_scanf_really_real
</UL>

<P><STRONG><a name="[7a]"></a>_scanf_char_input</STRONG> (Thumb, 12 bytes, Stack size 0 bytes, scanf_char.o(.text))
<BR>[Address Reference Count : 1]<UL><LI> scanf_char.o(.text)
</UL><P>
<H3>
Undefined Global Symbols
</H3><HR></body></html>
