<html>
<body>
<pre>
<h1>礦ision Build Log</h1>
<h2>Tool Versions:</h2>
IDE-Version: μVision V5.36.0.0
Copyright (C) 2021 ARM Ltd and ARM Germany GmbH. All rights reserved.
License Information: Flash Wang, NAEI, LIC=TIVNB-25RF3-ARTXW-QU4BZ-1CVL8-SFJFN
 
Tool Versions:
Toolchain:       MDK-ARM Plus  Version: 5.36.0.0
Toolchain Path:  C:\Keil\Keil_v506\ARM\ARMCC\Bin
C Compiler:      Armcc.exe V5.06 update 7 (build 960)
Assembler:       Armasm.exe V5.06 update 7 (build 960)
Linker/Locator:  ArmLink.exe V5.06 update 7 (build 960)
Library Manager: ArmAr.exe V5.06 update 7 (build 960)
Hex Converter:   FromElf.exe V5.06 update 7 (build 960)
CPU DLL:         SARMCM3.DLL V5.36.0.0
Dialog DLL:      DCM.DLL V1.17.3.0
Target DLL:      STLink\ST-LINKIII-KEIL_SWO.dll V3.0.9.0
Dialog DLL:      TCM.DLL V1.53.0.0
 
<h2>Project:</h2>
C:\work\MotorControl\VESC6PlusKELL\bldc_mdk340_tb\keil_app\project.uvprojx
Project File Date:  01/29/2025

<h2>Output:</h2>
*** Using Compiler 'V5.06 update 7 (build 960)', folder: 'C:\Keil\Keil_v506\ARM\ARMCC\Bin'
Rebuild target 'project'
compiling app_sten.c...
compiling dma.c...
compiling can_my.c...
compiling board.c...
compiling drv8305.c...
compiling app.c...
compiling drv8320.c...
compiling drv8301.c...
compiling app_uartcomm.c...
compiling encoder.c...
compiling app_ppm.c...
compiling hw_60.c...
compiling app_nunchuk.c...
compiling app_adc.c...
compiling nrf_driver.c...
compiling main.c...
compiling mc_interface.c...
compiling misc.c...
compiling stm32f4xx_exti.c...
compiling stm32f4xx_dma.c...
compiling stm32f4xx_adc.c...
compiling stm32f4xx_syscfg.c...
compiling stm32f4xx_rcc.c...
compiling stm32f4xx_wwdg.c...
compiling stm32f4xx_flash.c...
compiling mcpwm_foc.c...
compiling stm32f4xx_tim.c...
compiling rfhelp.c...
compiling stm32f4xx_usart.c...
compiling stm32f4xx_gpio.c...
compiling rf.c...
compiling spi_sw.c...
compiling stm32f4xx_can.c...
compiling osal.c...
compiling adc.c...
compiling can.c...
compiling dac.c...
compiling gpt.c...
compiling ext.c...
compiling hal_mmcsd.c...
compiling hal.c...
compiling i2s.c...
compiling i2c.c...
compiling mac.c...
compiling hal_queues.c...
compiling icu.c...
compiling mmc_spi.c...
compiling pal.c...
compiling pwm.c...
compiling chdebug.c...
compiling chdynamic.c...
compiling chcond.c...
compiling chevents.c...
compiling chheap.c...
compiling rtc.c...
compiling chmemcore.c...
compiling chmboxes.c...
compiling serial.c...
compiling sdc.c...
compiling uart.c...
compiling serial_usb.c...
compiling st.c...
compiling spi.c...
compiling usb.c...
assembling chcoreasm_v7m.s...
compiling chmempools.c...
compiling chmtx.c...
compiling chmsg.c...
compiling chregistry.c...
compiling chqueues.c...
compiling chstats.c...
compiling chsem.c...
compiling chschd.c...
assembling cstartup.s...
compiling chvt.c...
compiling chsys.c...
compiling chthreads.c...
compiling chtm.c...
assembling vectors.s...
compiling chcore_v7m.c...
compiling chcore.c...
compiling adc_lld.c...
compiling ext_lld_isr.c...
compiling nvic.c...
compiling ext_lld.c...
compiling sdc_lld.c...
compiling mac_lld.c...
compiling hal_lld.c...
compiling pal_lld.c...
compiling rtc_lld.c...
compiling dac_lld.c...
compiling i2s_lld.c...
compiling stm32_dma.c...
compiling can_lld.c...
compiling i2c_lld.c...
compiling usb_lld.c...
compiling buffer.c...
compiling arm_cos_f32.c...
compiling arm_sin_f32.c...
compiling arm_common_tables.c...
compiling crc.c...
compiling digital_filter.c...
compiling gpt_lld.c...
compiling spi_lld.c...
compiling pwm_lld.c...
compiling icu_lld.c...
compiling st_lld.c...
compiling serial_lld.c...
compiling uart_lld.c...
compiling comm_usb.c...
compiling packet.c...
compiling eeprom.c...
compiling conf_general.c...
compiling comm_usb_serial.c...
compiling comm_can.c...
compiling timeout.c...
compiling flash_helper.c...
compiling commands.c...
compiling irq_handlers.c...
compiling led_external.c...
compiling utils.c...
compiling servo_simple.c...
compiling ledpwm.c...
compiling servo_dec.c...
compiling ws2811.c...
compiling terminal.c...
compiling mcpwm.c...
linking...
Program Size: Code=121468 RO-data=5176 RW-data=37292 ZI-data=114228  
FromELF: creating hex file...
After Build - User command #2: .\output\bincombined_convert_mdk.bat
C:\work\MotorControl\VESC6PlusKELL\bldc_mdk340_tb\keil_app>cd C:\work\MotorControl\VESC6PlusKELL\bldc_mdk340_tb\keil_app 
C:\work\MotorControl\VESC6PlusKELL\bldc_mdk340_tb\keil_app>call .\output\bincombined_convert_mdk_BLDC_4_ChibiOS_keil_fw3.40_0005ohm.bat 
C:\work\MotorControl\VESC6PlusKELL\bldc_mdk340_tb\keil_app>C:\Keil\Keil_v506\ARM\ARMCC\bin\fromelf.exe --bincombined --bincombined_padding=1,0x00 --output=./output/project.bin  ./output/project.axf 
C:\work\MotorControl\VESC6PlusKELL\bldc_mdk340_tb\keil_app>C:\Keil\Keil_v506\ARM\ARMCC\bin\fromelf.exe --bincombined --bincombined_padding=1,0x00 --output=./output/BLDC_4_ChibiOS.bin  ./output/project.axf 
C:\work\MotorControl\VESC6PlusKELL\bldc_mdk340_tb\keil_app>xcopy .\output\project.axf .\output\BLDC_4_ChibiOS_keil_fw3.40_0005ohm /y/q 
复制了 1 个文件
C:\work\MotorControl\VESC6PlusKELL\bldc_mdk340_tb\keil_app>xcopy .\output\project.hex .\output\BLDC_4_ChibiOS_keil_fw3.40_0005ohm /y/q 
复制了 1 个文件
C:\work\MotorControl\VESC6PlusKELL\bldc_mdk340_tb\keil_app>xcopy .\output\project.bin .\output\BLDC_4_ChibiOS_keil_fw3.40_0005ohm /y/q 
复制了 1 个文件
C:\work\MotorControl\VESC6PlusKELL\bldc_mdk340_tb\keil_app>cd C:\work\MotorControl\VESC6PlusKELL\bldc_mdk340_tb\keil_app\output\BLDC_4_ChibiOS_keil_fw3.40_0005ohm 
C:\work\MotorControl\VESC6PlusKELL\bldc_mdk340_tb\keil_app\output\BLDC_4_ChibiOS_keil_fw3.40_0005ohm>call ren.bat 
processing....
Congratulations! Work is done.
".\output\obj\..\project.axf" - 0 Error(s), 0 Warning(s).

<h2>Software Packages used:</h2>

Package Vendor: ARM
                http://www.keil.com/pack/ARM.CMSIS.5.8.0.pack
                ARM.CMSIS.5.8.0
                CMSIS (Common Microcontroller Software Interface Standard)
   * Component: CORE Version: 5.5.0

Package Vendor: Keil
                https://www.keil.com/pack/Keil.STM32F4xx_DFP.2.17.1.pack
                Keil.STM32F4xx_DFP.2.17.1
                STMicroelectronics STM32F4 Series Device Support, Drivers and Examples

<h2>Collection of Component include folders:</h2>
  .\RTE\_project
  C:\Keil\Arm\Packs\ARM\CMSIS\5.8.0\CMSIS\Core\Include
  C:\Keil\Arm\Packs\Keil\STM32F4xx_DFP\2.17.1\Drivers\CMSIS\Device\ST\STM32F4xx\Include

<h2>Collection of Component Files used:</h2>

   * Component: ARM::CMSIS:CORE:5.5.0
Build Time Elapsed:  00:00:09
</pre>
</body>
</html>
